&&&& RUNNING TensorRT.trtexec [TensorRT v100300] # /usr/src/tensorrt/bin/trtexec --onnx=/home/zain/models/resnet50.onnx --int8 --iterations=1000 --avgRuns=100 --warmUp=2000
[07/26/2026-16:20:01] [I] === Model Options ===
[07/26/2026-16:20:01] [I] Format: ONNX
[07/26/2026-16:20:01] [I] Model: /home/zain/models/resnet50.onnx
[07/26/2026-16:20:01] [I] Output:
[07/26/2026-16:20:01] [I] === Build Options ===
[07/26/2026-16:20:01] [I] Memory Pools: workspace: default, dlaSRAM: default, dlaLocalDRAM: default, dlaGlobalDRAM: default, tacticSharedMem: default
[07/26/2026-16:20:01] [I] avgTiming: 8
[07/26/2026-16:20:01] [I] Precision: FP32+INT8
[07/26/2026-16:20:01] [I] LayerPrecisions: 
[07/26/2026-16:20:01] [I] Layer Device Types: 
[07/26/2026-16:20:01] [I] Calibration: Dynamic
[07/26/2026-16:20:01] [I] Refit: Disabled
[07/26/2026-16:20:01] [I] Strip weights: Disabled
[07/26/2026-16:20:01] [I] Version Compatible: Disabled
[07/26/2026-16:20:01] [I] ONNX Plugin InstanceNorm: Disabled
[07/26/2026-16:20:01] [I] TensorRT runtime: full
[07/26/2026-16:20:01] [I] Lean DLL Path: 
[07/26/2026-16:20:01] [I] Tempfile Controls: { in_memory: allow, temporary: allow }
[07/26/2026-16:20:01] [I] Exclude Lean Runtime: Disabled
[07/26/2026-16:20:01] [I] Sparsity: Disabled
[07/26/2026-16:20:01] [I] Safe mode: Disabled
[07/26/2026-16:20:01] [I] Build DLA standalone loadable: Disabled
[07/26/2026-16:20:01] [I] Allow GPU fallback for DLA: Disabled
[07/26/2026-16:20:01] [I] DirectIO mode: Disabled
[07/26/2026-16:20:01] [I] Restricted mode: Disabled
[07/26/2026-16:20:01] [I] Skip inference: Disabled
[07/26/2026-16:20:01] [I] Save engine: 
[07/26/2026-16:20:01] [I] Load engine: 
[07/26/2026-16:20:01] [I] Profiling verbosity: 0
[07/26/2026-16:20:01] [I] Tactic sources: Using default tactic sources
[07/26/2026-16:20:01] [I] timingCacheMode: local
[07/26/2026-16:20:01] [I] timingCacheFile: 
[07/26/2026-16:20:01] [I] Enable Compilation Cache: Enabled
[07/26/2026-16:20:01] [I] errorOnTimingCacheMiss: Disabled
[07/26/2026-16:20:01] [I] Preview Features: Use default preview flags.
[07/26/2026-16:20:01] [I] MaxAuxStreams: -1
[07/26/2026-16:20:01] [I] BuilderOptimizationLevel: -1
[07/26/2026-16:20:01] [I] Calibration Profile Index: 0
[07/26/2026-16:20:01] [I] Weight Streaming: Disabled
[07/26/2026-16:20:01] [I] Runtime Platform: Same As Build
[07/26/2026-16:20:01] [I] Debug Tensors: 
[07/26/2026-16:20:01] [I] Input(s)s format: fp32:CHW
[07/26/2026-16:20:01] [I] Output(s)s format: fp32:CHW
[07/26/2026-16:20:01] [I] Input build shapes: model
[07/26/2026-16:20:01] [I] Input calibration shapes: model
[07/26/2026-16:20:01] [I] === System Options ===
[07/26/2026-16:20:01] [I] Device: 0
[07/26/2026-16:20:01] [I] DLACore: 
[07/26/2026-16:20:01] [I] Plugins:
[07/26/2026-16:20:01] [I] setPluginsToSerialize:
[07/26/2026-16:20:01] [I] dynamicPlugins:
[07/26/2026-16:20:01] [I] ignoreParsedPluginLibs: 0
[07/26/2026-16:20:01] [I] 
[07/26/2026-16:20:01] [I] === Inference Options ===
[07/26/2026-16:20:01] [I] Batch: Explicit
[07/26/2026-16:20:01] [I] Input inference shapes: model
[07/26/2026-16:20:01] [I] Iterations: 1000
[07/26/2026-16:20:01] [I] Duration: 3s (+ 2000ms warm up)
[07/26/2026-16:20:01] [I] Sleep time: 0ms
[07/26/2026-16:20:01] [I] Idle time: 0ms
[07/26/2026-16:20:01] [I] Inference Streams: 1
[07/26/2026-16:20:01] [I] ExposeDMA: Disabled
[07/26/2026-16:20:01] [I] Data transfers: Enabled
[07/26/2026-16:20:01] [I] Spin-wait: Disabled
[07/26/2026-16:20:01] [I] Multithreading: Disabled
[07/26/2026-16:20:01] [I] CUDA Graph: Disabled
[07/26/2026-16:20:01] [I] Separate profiling: Disabled
[07/26/2026-16:20:01] [I] Time Deserialize: Disabled
[07/26/2026-16:20:01] [I] Time Refit: Disabled
[07/26/2026-16:20:01] [I] NVTX verbosity: 0
[07/26/2026-16:20:01] [I] Persistent Cache Ratio: 0
[07/26/2026-16:20:01] [I] Optimization Profile Index: 0
[07/26/2026-16:20:01] [I] Weight Streaming Budget: 100.000000%
[07/26/2026-16:20:01] [I] Inputs:
[07/26/2026-16:20:01] [I] Debug Tensor Save Destinations:
[07/26/2026-16:20:01] [I] === Reporting Options ===
[07/26/2026-16:20:01] [I] Verbose: Disabled
[07/26/2026-16:20:01] [I] Averages: 100 inferences
[07/26/2026-16:20:01] [I] Percentiles: 90,95,99
[07/26/2026-16:20:01] [I] Dump refittable layers:Disabled
[07/26/2026-16:20:01] [I] Dump output: Disabled
[07/26/2026-16:20:01] [I] Profile: Disabled
[07/26/2026-16:20:01] [I] Export timing to JSON file: 
[07/26/2026-16:20:01] [I] Export output to JSON file: 
[07/26/2026-16:20:01] [I] Export profile to JSON file: 
[07/26/2026-16:20:01] [I] 
[07/26/2026-16:20:01] [I] === Device Information ===
[07/26/2026-16:20:01] [I] Available Devices: 
[07/26/2026-16:20:01] [I]   Device 0: "Orin" UUID: GPU-7a69094a-89cd-55a5-a5dc-a50bf7f8ee64
[07/26/2026-16:20:01] [I] Selected Device: Orin
[07/26/2026-16:20:01] [I] Selected Device ID: 0
[07/26/2026-16:20:01] [I] Selected Device UUID: GPU-7a69094a-89cd-55a5-a5dc-a50bf7f8ee64
[07/26/2026-16:20:01] [I] Compute Capability: 8.7
[07/26/2026-16:20:01] [I] SMs: 8
[07/26/2026-16:20:01] [I] Device Global Memory: 7619 MiB
[07/26/2026-16:20:01] [I] Shared Memory per SM: 164 KiB
[07/26/2026-16:20:01] [I] Memory Bus Width: 128 bits (ECC disabled)
[07/26/2026-16:20:01] [I] Application Compute Clock Rate: 1.02 GHz
[07/26/2026-16:20:01] [I] Application Memory Clock Rate: 1.02 GHz
[07/26/2026-16:20:01] [I] 
[07/26/2026-16:20:01] [I] Note: The application clock rates do not reflect the actual clock rates that the GPU is currently running at.
[07/26/2026-16:20:01] [I] 
[07/26/2026-16:20:01] [I] TensorRT version: 10.3.0
[07/26/2026-16:20:01] [I] Loading standard plugins
[07/26/2026-16:20:01] [I] [TRT] [MemUsageChange] Init CUDA: CPU +2, GPU +0, now: CPU 31, GPU 2895 (MiB)
[07/26/2026-16:20:03] [I] [TRT] [MemUsageChange] Init builder kernel library: CPU +928, GPU +751, now: CPU 1002, GPU 3691 (MiB)
[07/26/2026-16:20:03] [I] Start parsing network model.
[07/26/2026-16:20:03] [I] [TRT] ----------------------------------------------------------------
[07/26/2026-16:20:03] [I] [TRT] Input filename:   /home/zain/models/resnet50.onnx
[07/26/2026-16:20:03] [I] [TRT] ONNX IR version:  0.0.10
[07/26/2026-16:20:03] [I] [TRT] Opset version:    18
[07/26/2026-16:20:03] [I] [TRT] Producer name:    pytorch
[07/26/2026-16:20:03] [I] [TRT] Producer version: 2.13.0+cpu
[07/26/2026-16:20:03] [I] [TRT] Domain:           
[07/26/2026-16:20:03] [I] [TRT] Model version:    0
[07/26/2026-16:20:03] [I] [TRT] Doc string:       
[07/26/2026-16:20:03] [I] [TRT] ----------------------------------------------------------------
[07/26/2026-16:20:03] [I] Finished parsing network model. Parse time: 0.0774104
[07/26/2026-16:20:03] [I] FP32 and INT8 precisions have been specified - more performance might be enabled by additionally specifying --fp16 or --best
[07/26/2026-16:20:03] [W] [TRT] Calibrator is not being used. Users must provide dynamic range for all tensors that are not Int32 or Bool.
[07/26/2026-16:20:03] [I] [TRT] Local timing cache in use. Profiling results in this builder pass will not be stored.
[07/26/2026-16:21:08] [I] [TRT] Detected 1 inputs and 1 output network tensors.
[07/26/2026-16:21:15] [I] [TRT] Total Host Persistent Memory: 265488
[07/26/2026-16:21:15] [I] [TRT] Total Device Persistent Memory: 22528
[07/26/2026-16:21:15] [I] [TRT] Total Scratch Memory: 0
[07/26/2026-16:21:15] [I] [TRT] [BlockAssignment] Started assigning block shifts. This will take 57 steps to complete.
[07/26/2026-16:21:15] [I] [TRT] [BlockAssignment] Algorithm ShiftNTopDown took 0.941698ms to assign 3 blocks to 57 nodes requiring 1806336 bytes.
[07/26/2026-16:21:15] [I] [TRT] Total Activation Memory: 1806336
[07/26/2026-16:21:15] [I] [TRT] Total Weights Memory: 25802756
[07/26/2026-16:21:15] [I] [TRT] Engine generation completed in 71.451 seconds.
[07/26/2026-16:21:15] [I] [TRT] [MemUsageStats] Peak memory usage of TRT CPU/GPU memory allocators: CPU 2 MiB, GPU 63 MiB
[07/26/2026-16:21:15] [I] [TRT] [MemUsageStats] Peak memory usage during Engine building and serialization: CPU: 1880 MiB
[07/26/2026-16:21:15] [I] Engine built in 71.5987 sec.
[07/26/2026-16:21:15] [I] Created engine with size: 25.3157 MiB
[07/26/2026-16:21:15] [I] [TRT] Loaded engine size: 25 MiB
[07/26/2026-16:21:15] [I] Engine deserialized in 0.027491 sec.
[07/26/2026-16:21:15] [I] [TRT] [MemUsageChange] TensorRT-managed allocation in IExecutionContext creation: CPU +0, GPU +2, now: CPU 0, GPU 26 (MiB)
[07/26/2026-16:21:15] [I] Setting persistentCacheLimit to 0 bytes.
[07/26/2026-16:21:15] [I] Created execution context with device memory size: 1.72266 MiB
[07/26/2026-16:21:15] [I] Using random values for input input
[07/26/2026-16:21:15] [I] Input binding for input with dimensions 1x3x224x224 is created.
[07/26/2026-16:21:15] [I] Output binding for output with dimensions 1x1000 is created.
[07/26/2026-16:21:15] [I] Starting inference
[07/26/2026-16:21:20] [I] Warmup completed 1717 queries over 2000 ms
[07/26/2026-16:21:20] [I] Timing trace has 2577 queries over 3.00316 s
[07/26/2026-16:21:20] [I] 
[07/26/2026-16:21:20] [I] === Trace details ===
[07/26/2026-16:21:20] [I] Trace averages of 100 runs:
[07/26/2026-16:21:20] [I] Average on 100 runs - GPU latency: 1.16162 ms - Host latency: 1.20321 ms (enqueue 0.356755 ms)
[07/26/2026-16:21:20] [I] Average on 100 runs - GPU latency: 1.16231 ms - Host latency: 1.20368 ms (enqueue 0.353936 ms)
[07/26/2026-16:21:20] [I] Average on 100 runs - GPU latency: 1.16245 ms - Host latency: 1.20425 ms (enqueue 0.356172 ms)
[07/26/2026-16:21:20] [I] Average on 100 runs - GPU latency: 1.16297 ms - Host latency: 1.20463 ms (enqueue 0.354976 ms)
[07/26/2026-16:21:20] [I] Average on 100 runs - GPU latency: 1.1625 ms - Host latency: 1.20483 ms (enqueue 0.354719 ms)
[07/26/2026-16:21:20] [I] Average on 100 runs - GPU latency: 1.16232 ms - Host latency: 1.20392 ms (enqueue 0.355605 ms)
[07/26/2026-16:21:20] [I] Average on 100 runs - GPU latency: 1.16204 ms - Host latency: 1.20366 ms (enqueue 0.356167 ms)
[07/26/2026-16:21:20] [I] Average on 100 runs - GPU latency: 1.16206 ms - Host latency: 1.20381 ms (enqueue 0.355977 ms)
[07/26/2026-16:21:20] [I] Average on 100 runs - GPU latency: 1.16213 ms - Host latency: 1.20329 ms (enqueue 0.355388 ms)
[07/26/2026-16:21:20] [I] Average on 100 runs - GPU latency: 1.16235 ms - Host latency: 1.20366 ms (enqueue 0.355566 ms)
[07/26/2026-16:21:20] [I] Average on 100 runs - GPU latency: 1.16253 ms - Host latency: 1.20391 ms (enqueue 0.354304 ms)
[07/26/2026-16:21:20] [I] Average on 100 runs - GPU latency: 1.16226 ms - Host latency: 1.20428 ms (enqueue 0.356343 ms)
[07/26/2026-16:21:20] [I] Average on 100 runs - GPU latency: 1.16228 ms - Host latency: 1.20406 ms (enqueue 0.354802 ms)
[07/26/2026-16:21:20] [I] Average on 100 runs - GPU latency: 1.16177 ms - Host latency: 1.20341 ms (enqueue 0.353809 ms)
[07/26/2026-16:21:20] [I] Average on 100 runs - GPU latency: 1.16198 ms - Host latency: 1.20362 ms (enqueue 0.354807 ms)
[07/26/2026-16:21:20] [I] Average on 100 runs - GPU latency: 1.16246 ms - Host latency: 1.2042 ms (enqueue 0.355452 ms)
[07/26/2026-16:21:20] [I] Average on 100 runs - GPU latency: 1.16217 ms - Host latency: 1.20415 ms (enqueue 0.354827 ms)
[07/26/2026-16:21:20] [I] Average on 100 runs - GPU latency: 1.16227 ms - Host latency: 1.20429 ms (enqueue 0.356345 ms)
[07/26/2026-16:21:20] [I] Average on 100 runs - GPU latency: 1.16248 ms - Host latency: 1.20394 ms (enqueue 0.354551 ms)
[07/26/2026-16:21:20] [I] Average on 100 runs - GPU latency: 1.16226 ms - Host latency: 1.20389 ms (enqueue 0.354263 ms)
[07/26/2026-16:21:20] [I] Average on 100 runs - GPU latency: 1.1619 ms - Host latency: 1.20343 ms (enqueue 0.353706 ms)
[07/26/2026-16:21:20] [I] Average on 100 runs - GPU latency: 1.16236 ms - Host latency: 1.20388 ms (enqueue 0.354277 ms)
[07/26/2026-16:21:20] [I] Average on 100 runs - GPU latency: 1.16258 ms - Host latency: 1.20387 ms (enqueue 0.353887 ms)
[07/26/2026-16:21:20] [I] Average on 100 runs - GPU latency: 1.16241 ms - Host latency: 1.20397 ms (enqueue 0.355664 ms)
[07/26/2026-16:21:20] [I] Average on 100 runs - GPU latency: 1.16248 ms - Host latency: 1.20438 ms (enqueue 0.356689 ms)
[07/26/2026-16:21:20] [I] 
[07/26/2026-16:21:20] [I] === Performance summary ===
[07/26/2026-16:21:20] [I] Throughput: 858.097 qps
[07/26/2026-16:21:20] [I] Latency: min = 1.19531 ms, max = 1.22681 ms, mean = 1.20392 ms, median = 1.20386 ms, percentile(90%) = 1.20752 ms, percentile(95%) = 1.2085 ms, percentile(99%) = 1.21118 ms
[07/26/2026-16:21:20] [I] Enqueue Time: min = 0.342773 ms, max = 0.483887 ms, mean = 0.355214 ms, median = 0.352539 ms, percentile(90%) = 0.362305 ms, percentile(95%) = 0.377197 ms, percentile(99%) = 0.396729 ms
[07/26/2026-16:21:20] [I] H2D Latency: min = 0.0319824 ms, max = 0.0563965 ms, mean = 0.0346595 ms, median = 0.0341797 ms, percentile(90%) = 0.0368652 ms, percentile(95%) = 0.0375977 ms, percentile(99%) = 0.0405273 ms
[07/26/2026-16:21:20] [I] GPU Compute Time: min = 1.15576 ms, max = 1.16992 ms, mean = 1.16227 ms, median = 1.16211 ms, percentile(90%) = 1.16455 ms, percentile(95%) = 1.16553 ms, percentile(99%) = 1.16675 ms
[07/26/2026-16:21:20] [I] D2H Latency: min = 0.00390625 ms, max = 0.00952148 ms, mean = 0.00699003 ms, median = 0.00683594 ms, percentile(90%) = 0.00854492 ms, percentile(95%) = 0.00878906 ms, percentile(99%) = 0.0090332 ms
[07/26/2026-16:21:20] [I] Total Host Walltime: 3.00316 s
[07/26/2026-16:21:20] [I] Total GPU Compute Time: 2.99518 s
[07/26/2026-16:21:20] [I] Explanations of the performance metrics are printed in the verbose logs.
[07/26/2026-16:21:20] [I] 
&&&& PASSED TensorRT.trtexec [TensorRT v100300] # /usr/src/tensorrt/bin/trtexec --onnx=/home/zain/models/resnet50.onnx --int8 --iterations=1000 --avgRuns=100 --warmUp=2000
