&&&& RUNNING TensorRT.trtexec [TensorRT v100300] # /usr/src/tensorrt/bin/trtexec --onnx=/home/zain/models/resnet50.onnx --int8 --iterations=1000 --avgRuns=100 --warmUp=2000
[07/26/2026-20:41:19] [I] === Model Options ===
[07/26/2026-20:41:19] [I] Format: ONNX
[07/26/2026-20:41:19] [I] Model: /home/zain/models/resnet50.onnx
[07/26/2026-20:41:19] [I] Output:
[07/26/2026-20:41:19] [I] === Build Options ===
[07/26/2026-20:41:19] [I] Memory Pools: workspace: default, dlaSRAM: default, dlaLocalDRAM: default, dlaGlobalDRAM: default, tacticSharedMem: default
[07/26/2026-20:41:19] [I] avgTiming: 8
[07/26/2026-20:41:19] [I] Precision: FP32+INT8
[07/26/2026-20:41:19] [I] LayerPrecisions: 
[07/26/2026-20:41:19] [I] Layer Device Types: 
[07/26/2026-20:41:19] [I] Calibration: Dynamic
[07/26/2026-20:41:19] [I] Refit: Disabled
[07/26/2026-20:41:19] [I] Strip weights: Disabled
[07/26/2026-20:41:19] [I] Version Compatible: Disabled
[07/26/2026-20:41:19] [I] ONNX Plugin InstanceNorm: Disabled
[07/26/2026-20:41:19] [I] TensorRT runtime: full
[07/26/2026-20:41:19] [I] Lean DLL Path: 
[07/26/2026-20:41:19] [I] Tempfile Controls: { in_memory: allow, temporary: allow }
[07/26/2026-20:41:19] [I] Exclude Lean Runtime: Disabled
[07/26/2026-20:41:19] [I] Sparsity: Disabled
[07/26/2026-20:41:19] [I] Safe mode: Disabled
[07/26/2026-20:41:19] [I] Build DLA standalone loadable: Disabled
[07/26/2026-20:41:19] [I] Allow GPU fallback for DLA: Disabled
[07/26/2026-20:41:19] [I] DirectIO mode: Disabled
[07/26/2026-20:41:19] [I] Restricted mode: Disabled
[07/26/2026-20:41:19] [I] Skip inference: Disabled
[07/26/2026-20:41:19] [I] Save engine: 
[07/26/2026-20:41:19] [I] Load engine: 
[07/26/2026-20:41:19] [I] Profiling verbosity: 0
[07/26/2026-20:41:19] [I] Tactic sources: Using default tactic sources
[07/26/2026-20:41:19] [I] timingCacheMode: local
[07/26/2026-20:41:19] [I] timingCacheFile: 
[07/26/2026-20:41:19] [I] Enable Compilation Cache: Enabled
[07/26/2026-20:41:19] [I] errorOnTimingCacheMiss: Disabled
[07/26/2026-20:41:19] [I] Preview Features: Use default preview flags.
[07/26/2026-20:41:19] [I] MaxAuxStreams: -1
[07/26/2026-20:41:19] [I] BuilderOptimizationLevel: -1
[07/26/2026-20:41:19] [I] Calibration Profile Index: 0
[07/26/2026-20:41:19] [I] Weight Streaming: Disabled
[07/26/2026-20:41:19] [I] Runtime Platform: Same As Build
[07/26/2026-20:41:19] [I] Debug Tensors: 
[07/26/2026-20:41:19] [I] Input(s)s format: fp32:CHW
[07/26/2026-20:41:19] [I] Output(s)s format: fp32:CHW
[07/26/2026-20:41:19] [I] Input build shapes: model
[07/26/2026-20:41:19] [I] Input calibration shapes: model
[07/26/2026-20:41:19] [I] === System Options ===
[07/26/2026-20:41:19] [I] Device: 0
[07/26/2026-20:41:19] [I] DLACore: 
[07/26/2026-20:41:19] [I] Plugins:
[07/26/2026-20:41:19] [I] setPluginsToSerialize:
[07/26/2026-20:41:19] [I] dynamicPlugins:
[07/26/2026-20:41:19] [I] ignoreParsedPluginLibs: 0
[07/26/2026-20:41:19] [I] 
[07/26/2026-20:41:19] [I] === Inference Options ===
[07/26/2026-20:41:19] [I] Batch: Explicit
[07/26/2026-20:41:19] [I] Input inference shapes: model
[07/26/2026-20:41:19] [I] Iterations: 1000
[07/26/2026-20:41:19] [I] Duration: 3s (+ 2000ms warm up)
[07/26/2026-20:41:19] [I] Sleep time: 0ms
[07/26/2026-20:41:19] [I] Idle time: 0ms
[07/26/2026-20:41:19] [I] Inference Streams: 1
[07/26/2026-20:41:19] [I] ExposeDMA: Disabled
[07/26/2026-20:41:19] [I] Data transfers: Enabled
[07/26/2026-20:41:19] [I] Spin-wait: Disabled
[07/26/2026-20:41:19] [I] Multithreading: Disabled
[07/26/2026-20:41:19] [I] CUDA Graph: Disabled
[07/26/2026-20:41:19] [I] Separate profiling: Disabled
[07/26/2026-20:41:19] [I] Time Deserialize: Disabled
[07/26/2026-20:41:19] [I] Time Refit: Disabled
[07/26/2026-20:41:19] [I] NVTX verbosity: 0
[07/26/2026-20:41:19] [I] Persistent Cache Ratio: 0
[07/26/2026-20:41:19] [I] Optimization Profile Index: 0
[07/26/2026-20:41:19] [I] Weight Streaming Budget: 100.000000%
[07/26/2026-20:41:19] [I] Inputs:
[07/26/2026-20:41:19] [I] Debug Tensor Save Destinations:
[07/26/2026-20:41:19] [I] === Reporting Options ===
[07/26/2026-20:41:19] [I] Verbose: Disabled
[07/26/2026-20:41:19] [I] Averages: 100 inferences
[07/26/2026-20:41:19] [I] Percentiles: 90,95,99
[07/26/2026-20:41:19] [I] Dump refittable layers:Disabled
[07/26/2026-20:41:19] [I] Dump output: Disabled
[07/26/2026-20:41:19] [I] Profile: Disabled
[07/26/2026-20:41:19] [I] Export timing to JSON file: 
[07/26/2026-20:41:19] [I] Export output to JSON file: 
[07/26/2026-20:41:19] [I] Export profile to JSON file: 
[07/26/2026-20:41:19] [I] 
[07/26/2026-20:41:19] [I] === Device Information ===
[07/26/2026-20:41:19] [I] Available Devices: 
[07/26/2026-20:41:19] [I]   Device 0: "Orin" UUID: GPU-7a69094a-89cd-55a5-a5dc-a50bf7f8ee64
[07/26/2026-20:41:19] [I] Selected Device: Orin
[07/26/2026-20:41:19] [I] Selected Device ID: 0
[07/26/2026-20:41:19] [I] Selected Device UUID: GPU-7a69094a-89cd-55a5-a5dc-a50bf7f8ee64
[07/26/2026-20:41:19] [I] Compute Capability: 8.7
[07/26/2026-20:41:19] [I] SMs: 8
[07/26/2026-20:41:19] [I] Device Global Memory: 7619 MiB
[07/26/2026-20:41:19] [I] Shared Memory per SM: 164 KiB
[07/26/2026-20:41:19] [I] Memory Bus Width: 128 bits (ECC disabled)
[07/26/2026-20:41:19] [I] Application Compute Clock Rate: 1.02 GHz
[07/26/2026-20:41:19] [I] Application Memory Clock Rate: 0.612 GHz
[07/26/2026-20:41:19] [I] 
[07/26/2026-20:41:19] [I] Note: The application clock rates do not reflect the actual clock rates that the GPU is currently running at.
[07/26/2026-20:41:19] [I] 
[07/26/2026-20:41:19] [I] TensorRT version: 10.3.0
[07/26/2026-20:41:19] [I] Loading standard plugins
[07/26/2026-20:41:19] [I] [TRT] [MemUsageChange] Init CUDA: CPU +2, GPU +0, now: CPU 31, GPU 2902 (MiB)
[07/26/2026-20:41:22] [I] [TRT] [MemUsageChange] Init builder kernel library: CPU +928, GPU +1097, now: CPU 1002, GPU 4044 (MiB)
[07/26/2026-20:41:22] [I] Start parsing network model.
[07/26/2026-20:41:22] [I] [TRT] ----------------------------------------------------------------
[07/26/2026-20:41:22] [I] [TRT] Input filename:   /home/zain/models/resnet50.onnx
[07/26/2026-20:41:22] [I] [TRT] ONNX IR version:  0.0.10
[07/26/2026-20:41:22] [I] [TRT] Opset version:    18
[07/26/2026-20:41:22] [I] [TRT] Producer name:    pytorch
[07/26/2026-20:41:22] [I] [TRT] Producer version: 2.13.0+cpu
[07/26/2026-20:41:22] [I] [TRT] Domain:           
[07/26/2026-20:41:22] [I] [TRT] Model version:    0
[07/26/2026-20:41:22] [I] [TRT] Doc string:       
[07/26/2026-20:41:22] [I] [TRT] ----------------------------------------------------------------
[07/26/2026-20:41:22] [I] Finished parsing network model. Parse time: 0.0874941
[07/26/2026-20:41:22] [I] FP32 and INT8 precisions have been specified - more performance might be enabled by additionally specifying --fp16 or --best
[07/26/2026-20:41:22] [W] [TRT] Calibrator is not being used. Users must provide dynamic range for all tensors that are not Int32 or Bool.
[07/26/2026-20:41:22] [I] [TRT] Local timing cache in use. Profiling results in this builder pass will not be stored.
[07/26/2026-20:42:40] [I] [TRT] Detected 1 inputs and 1 output network tensors.
[07/26/2026-20:42:49] [I] [TRT] Total Host Persistent Memory: 261264
[07/26/2026-20:42:49] [I] [TRT] Total Device Persistent Memory: 22528
[07/26/2026-20:42:49] [I] [TRT] Total Scratch Memory: 0
[07/26/2026-20:42:49] [I] [TRT] [BlockAssignment] Started assigning block shifts. This will take 57 steps to complete.
[07/26/2026-20:42:49] [I] [TRT] [BlockAssignment] Algorithm ShiftNTopDown took 1.09474ms to assign 3 blocks to 57 nodes requiring 1806336 bytes.
[07/26/2026-20:42:49] [I] [TRT] Total Activation Memory: 1806336
[07/26/2026-20:42:49] [I] [TRT] Total Weights Memory: 25802756
[07/26/2026-20:42:49] [I] [TRT] Engine generation completed in 86.9253 seconds.
[07/26/2026-20:42:49] [I] [TRT] [MemUsageStats] Peak memory usage of TRT CPU/GPU memory allocators: CPU 2 MiB, GPU 63 MiB
[07/26/2026-20:42:49] [I] [TRT] [MemUsageStats] Peak memory usage during Engine building and serialization: CPU: 1858 MiB
[07/26/2026-20:42:49] [I] Engine built in 87.083 sec.
[07/26/2026-20:42:49] [I] Created engine with size: 25.3346 MiB
[07/26/2026-20:42:49] [I] [TRT] Loaded engine size: 25 MiB
[07/26/2026-20:42:49] [I] Engine deserialized in 0.0312439 sec.
[07/26/2026-20:42:49] [I] [TRT] [MemUsageChange] TensorRT-managed allocation in IExecutionContext creation: CPU +0, GPU +2, now: CPU 0, GPU 26 (MiB)
[07/26/2026-20:42:49] [I] Setting persistentCacheLimit to 0 bytes.
[07/26/2026-20:42:49] [I] Created execution context with device memory size: 1.72266 MiB
[07/26/2026-20:42:49] [I] Using random values for input input
[07/26/2026-20:42:49] [I] Input binding for input with dimensions 1x3x224x224 is created.
[07/26/2026-20:42:49] [I] Output binding for output with dimensions 1x1000 is created.
[07/26/2026-20:42:49] [I] Starting inference
[07/26/2026-20:42:54] [I] Warmup completed 1096 queries over 2000 ms
[07/26/2026-20:42:54] [I] Timing trace has 1644 queries over 3.00385 s
[07/26/2026-20:42:54] [I] 
[07/26/2026-20:42:54] [I] === Trace details ===
[07/26/2026-20:42:54] [I] Trace averages of 100 runs:
[07/26/2026-20:42:54] [I] Average on 100 runs - GPU latency: 1.8223 ms - Host latency: 1.88116 ms (enqueue 0.406699 ms)
[07/26/2026-20:42:54] [I] Average on 100 runs - GPU latency: 1.82296 ms - Host latency: 1.88206 ms (enqueue 0.406318 ms)
[07/26/2026-20:42:54] [I] Average on 100 runs - GPU latency: 1.82334 ms - Host latency: 1.88248 ms (enqueue 0.411423 ms)
[07/26/2026-20:42:54] [I] Average on 100 runs - GPU latency: 1.82287 ms - Host latency: 1.88232 ms (enqueue 0.411721 ms)
[07/26/2026-20:42:54] [I] Average on 100 runs - GPU latency: 1.82322 ms - Host latency: 1.88255 ms (enqueue 0.415276 ms)
[07/26/2026-20:42:54] [I] Average on 100 runs - GPU latency: 1.8231 ms - Host latency: 1.88244 ms (enqueue 0.409656 ms)
[07/26/2026-20:42:54] [I] Average on 100 runs - GPU latency: 1.82277 ms - Host latency: 1.8823 ms (enqueue 0.412856 ms)
[07/26/2026-20:42:54] [I] Average on 100 runs - GPU latency: 1.8231 ms - Host latency: 1.88263 ms (enqueue 0.414185 ms)
[07/26/2026-20:42:54] [I] Average on 100 runs - GPU latency: 1.82248 ms - Host latency: 1.88176 ms (enqueue 0.405959 ms)
[07/26/2026-20:42:54] [I] Average on 100 runs - GPU latency: 1.82258 ms - Host latency: 1.8818 ms (enqueue 0.408147 ms)
[07/26/2026-20:42:54] [I] Average on 100 runs - GPU latency: 1.82277 ms - Host latency: 1.88245 ms (enqueue 0.40793 ms)
[07/26/2026-20:42:54] [I] Average on 100 runs - GPU latency: 1.82308 ms - Host latency: 1.88227 ms (enqueue 0.405364 ms)
[07/26/2026-20:42:54] [I] Average on 100 runs - GPU latency: 1.82289 ms - Host latency: 1.8825 ms (enqueue 0.409033 ms)
[07/26/2026-20:42:54] [I] Average on 100 runs - GPU latency: 1.82249 ms - Host latency: 1.88137 ms (enqueue 0.404927 ms)
[07/26/2026-20:42:54] [I] Average on 100 runs - GPU latency: 1.8232 ms - Host latency: 1.88263 ms (enqueue 0.40647 ms)
[07/26/2026-20:42:54] [I] Average on 100 runs - GPU latency: 1.82277 ms - Host latency: 1.88195 ms (enqueue 0.408755 ms)
[07/26/2026-20:42:54] [I] 
[07/26/2026-20:42:54] [I] === Performance summary ===
[07/26/2026-20:42:54] [I] Throughput: 547.298 qps
[07/26/2026-20:42:54] [I] Latency: min = 1.87207 ms, max = 1.93066 ms, mean = 1.88216 ms, median = 1.88184 ms, percentile(90%) = 1.88623 ms, percentile(95%) = 1.8877 ms, percentile(99%) = 1.89209 ms
[07/26/2026-20:42:54] [I] Enqueue Time: min = 0.387695 ms, max = 0.679688 ms, mean = 0.408959 ms, median = 0.402344 ms, percentile(90%) = 0.434082 ms, percentile(95%) = 0.44873 ms, percentile(99%) = 0.490723 ms
[07/26/2026-20:42:54] [I] H2D Latency: min = 0.0478516 ms, max = 0.100098 ms, mean = 0.0511452 ms, median = 0.0507812 ms, percentile(90%) = 0.0532227 ms, percentile(95%) = 0.0544434 ms, percentile(99%) = 0.0605469 ms
[07/26/2026-20:42:54] [I] GPU Compute Time: min = 1.81445 ms, max = 1.82959 ms, mean = 1.82287 ms, median = 1.82275 ms, percentile(90%) = 1.82568 ms, percentile(95%) = 1.82666 ms, percentile(99%) = 1.82812 ms
[07/26/2026-20:42:54] [I] D2H Latency: min = 0.00439453 ms, max = 0.0102539 ms, mean = 0.00815102 ms, median = 0.00805664 ms, percentile(90%) = 0.00952148 ms, percentile(95%) = 0.00976562 ms, percentile(99%) = 0.00976562 ms
[07/26/2026-20:42:54] [I] Total Host Walltime: 3.00385 s
[07/26/2026-20:42:54] [I] Total GPU Compute Time: 2.99679 s
[07/26/2026-20:42:54] [I] Explanations of the performance metrics are printed in the verbose logs.
[07/26/2026-20:42:54] [I] 
&&&& PASSED TensorRT.trtexec [TensorRT v100300] # /usr/src/tensorrt/bin/trtexec --onnx=/home/zain/models/resnet50.onnx --int8 --iterations=1000 --avgRuns=100 --warmUp=2000
