&&&& RUNNING TensorRT.trtexec [TensorRT v100300] # /usr/src/tensorrt/bin/trtexec --onnx=/home/zain/models/resnet18.onnx --int8 --iterations=1000 --avgRuns=100 --warmUp=2000
[07/26/2026-16:02:41] [I] === Model Options ===
[07/26/2026-16:02:41] [I] Format: ONNX
[07/26/2026-16:02:41] [I] Model: /home/zain/models/resnet18.onnx
[07/26/2026-16:02:41] [I] Output:
[07/26/2026-16:02:41] [I] === Build Options ===
[07/26/2026-16:02:41] [I] Memory Pools: workspace: default, dlaSRAM: default, dlaLocalDRAM: default, dlaGlobalDRAM: default, tacticSharedMem: default
[07/26/2026-16:02:41] [I] avgTiming: 8
[07/26/2026-16:02:41] [I] Precision: FP32+INT8
[07/26/2026-16:02:41] [I] LayerPrecisions: 
[07/26/2026-16:02:41] [I] Layer Device Types: 
[07/26/2026-16:02:41] [I] Calibration: Dynamic
[07/26/2026-16:02:41] [I] Refit: Disabled
[07/26/2026-16:02:41] [I] Strip weights: Disabled
[07/26/2026-16:02:41] [I] Version Compatible: Disabled
[07/26/2026-16:02:41] [I] ONNX Plugin InstanceNorm: Disabled
[07/26/2026-16:02:41] [I] TensorRT runtime: full
[07/26/2026-16:02:41] [I] Lean DLL Path: 
[07/26/2026-16:02:41] [I] Tempfile Controls: { in_memory: allow, temporary: allow }
[07/26/2026-16:02:41] [I] Exclude Lean Runtime: Disabled
[07/26/2026-16:02:41] [I] Sparsity: Disabled
[07/26/2026-16:02:41] [I] Safe mode: Disabled
[07/26/2026-16:02:41] [I] Build DLA standalone loadable: Disabled
[07/26/2026-16:02:41] [I] Allow GPU fallback for DLA: Disabled
[07/26/2026-16:02:41] [I] DirectIO mode: Disabled
[07/26/2026-16:02:41] [I] Restricted mode: Disabled
[07/26/2026-16:02:41] [I] Skip inference: Disabled
[07/26/2026-16:02:41] [I] Save engine: 
[07/26/2026-16:02:41] [I] Load engine: 
[07/26/2026-16:02:41] [I] Profiling verbosity: 0
[07/26/2026-16:02:41] [I] Tactic sources: Using default tactic sources
[07/26/2026-16:02:41] [I] timingCacheMode: local
[07/26/2026-16:02:41] [I] timingCacheFile: 
[07/26/2026-16:02:41] [I] Enable Compilation Cache: Enabled
[07/26/2026-16:02:41] [I] errorOnTimingCacheMiss: Disabled
[07/26/2026-16:02:41] [I] Preview Features: Use default preview flags.
[07/26/2026-16:02:41] [I] MaxAuxStreams: -1
[07/26/2026-16:02:41] [I] BuilderOptimizationLevel: -1
[07/26/2026-16:02:41] [I] Calibration Profile Index: 0
[07/26/2026-16:02:41] [I] Weight Streaming: Disabled
[07/26/2026-16:02:41] [I] Runtime Platform: Same As Build
[07/26/2026-16:02:41] [I] Debug Tensors: 
[07/26/2026-16:02:41] [I] Input(s)s format: fp32:CHW
[07/26/2026-16:02:41] [I] Output(s)s format: fp32:CHW
[07/26/2026-16:02:41] [I] Input build shapes: model
[07/26/2026-16:02:41] [I] Input calibration shapes: model
[07/26/2026-16:02:41] [I] === System Options ===
[07/26/2026-16:02:41] [I] Device: 0
[07/26/2026-16:02:41] [I] DLACore: 
[07/26/2026-16:02:41] [I] Plugins:
[07/26/2026-16:02:41] [I] setPluginsToSerialize:
[07/26/2026-16:02:41] [I] dynamicPlugins:
[07/26/2026-16:02:41] [I] ignoreParsedPluginLibs: 0
[07/26/2026-16:02:41] [I] 
[07/26/2026-16:02:41] [I] === Inference Options ===
[07/26/2026-16:02:41] [I] Batch: Explicit
[07/26/2026-16:02:41] [I] Input inference shapes: model
[07/26/2026-16:02:41] [I] Iterations: 1000
[07/26/2026-16:02:41] [I] Duration: 3s (+ 2000ms warm up)
[07/26/2026-16:02:41] [I] Sleep time: 0ms
[07/26/2026-16:02:41] [I] Idle time: 0ms
[07/26/2026-16:02:41] [I] Inference Streams: 1
[07/26/2026-16:02:41] [I] ExposeDMA: Disabled
[07/26/2026-16:02:41] [I] Data transfers: Enabled
[07/26/2026-16:02:41] [I] Spin-wait: Disabled
[07/26/2026-16:02:41] [I] Multithreading: Disabled
[07/26/2026-16:02:41] [I] CUDA Graph: Disabled
[07/26/2026-16:02:41] [I] Separate profiling: Disabled
[07/26/2026-16:02:41] [I] Time Deserialize: Disabled
[07/26/2026-16:02:41] [I] Time Refit: Disabled
[07/26/2026-16:02:41] [I] NVTX verbosity: 0
[07/26/2026-16:02:41] [I] Persistent Cache Ratio: 0
[07/26/2026-16:02:41] [I] Optimization Profile Index: 0
[07/26/2026-16:02:41] [I] Weight Streaming Budget: 100.000000%
[07/26/2026-16:02:41] [I] Inputs:
[07/26/2026-16:02:41] [I] Debug Tensor Save Destinations:
[07/26/2026-16:02:41] [I] === Reporting Options ===
[07/26/2026-16:02:41] [I] Verbose: Disabled
[07/26/2026-16:02:41] [I] Averages: 100 inferences
[07/26/2026-16:02:41] [I] Percentiles: 90,95,99
[07/26/2026-16:02:41] [I] Dump refittable layers:Disabled
[07/26/2026-16:02:41] [I] Dump output: Disabled
[07/26/2026-16:02:41] [I] Profile: Disabled
[07/26/2026-16:02:41] [I] Export timing to JSON file: 
[07/26/2026-16:02:41] [I] Export output to JSON file: 
[07/26/2026-16:02:41] [I] Export profile to JSON file: 
[07/26/2026-16:02:41] [I] 
[07/26/2026-16:02:41] [I] === Device Information ===
[07/26/2026-16:02:41] [I] Available Devices: 
[07/26/2026-16:02:41] [I]   Device 0: "Orin" UUID: GPU-7a69094a-89cd-55a5-a5dc-a50bf7f8ee64
[07/26/2026-16:02:41] [I] Selected Device: Orin
[07/26/2026-16:02:41] [I] Selected Device ID: 0
[07/26/2026-16:02:41] [I] Selected Device UUID: GPU-7a69094a-89cd-55a5-a5dc-a50bf7f8ee64
[07/26/2026-16:02:41] [I] Compute Capability: 8.7
[07/26/2026-16:02:41] [I] SMs: 8
[07/26/2026-16:02:41] [I] Device Global Memory: 7619 MiB
[07/26/2026-16:02:41] [I] Shared Memory per SM: 164 KiB
[07/26/2026-16:02:41] [I] Memory Bus Width: 128 bits (ECC disabled)
[07/26/2026-16:02:41] [I] Application Compute Clock Rate: 1.02 GHz
[07/26/2026-16:02:41] [I] Application Memory Clock Rate: 1.02 GHz
[07/26/2026-16:02:41] [I] 
[07/26/2026-16:02:41] [I] Note: The application clock rates do not reflect the actual clock rates that the GPU is currently running at.
[07/26/2026-16:02:41] [I] 
[07/26/2026-16:02:41] [I] TensorRT version: 10.3.0
[07/26/2026-16:02:41] [I] Loading standard plugins
[07/26/2026-16:02:41] [I] [TRT] [MemUsageChange] Init CUDA: CPU +2, GPU +0, now: CPU 31, GPU 2976 (MiB)
[07/26/2026-16:02:43] [I] [TRT] [MemUsageChange] Init builder kernel library: CPU +928, GPU +1063, now: CPU 1002, GPU 4084 (MiB)
[07/26/2026-16:02:43] [I] Start parsing network model.
[07/26/2026-16:02:43] [I] [TRT] ----------------------------------------------------------------
[07/26/2026-16:02:43] [I] [TRT] Input filename:   /home/zain/models/resnet18.onnx
[07/26/2026-16:02:43] [I] [TRT] ONNX IR version:  0.0.10
[07/26/2026-16:02:43] [I] [TRT] Opset version:    18
[07/26/2026-16:02:43] [I] [TRT] Producer name:    pytorch
[07/26/2026-16:02:43] [I] [TRT] Producer version: 2.13.0+cpu
[07/26/2026-16:02:43] [I] [TRT] Domain:           
[07/26/2026-16:02:43] [I] [TRT] Model version:    0
[07/26/2026-16:02:43] [I] [TRT] Doc string:       
[07/26/2026-16:02:43] [I] [TRT] ----------------------------------------------------------------
[07/26/2026-16:02:43] [I] Finished parsing network model. Parse time: 0.0373775
[07/26/2026-16:02:43] [I] FP32 and INT8 precisions have been specified - more performance might be enabled by additionally specifying --fp16 or --best
[07/26/2026-16:02:43] [W] [TRT] Calibrator is not being used. Users must provide dynamic range for all tensors that are not Int32 or Bool.
[07/26/2026-16:02:43] [I] [TRT] Local timing cache in use. Profiling results in this builder pass will not be stored.
[07/26/2026-16:03:12] [I] [TRT] Detected 1 inputs and 1 output network tensors.
[07/26/2026-16:03:15] [I] [TRT] Total Host Persistent Memory: 101376
[07/26/2026-16:03:15] [I] [TRT] Total Device Persistent Memory: 22528
[07/26/2026-16:03:15] [I] [TRT] Total Scratch Memory: 0
[07/26/2026-16:03:15] [I] [TRT] [BlockAssignment] Started assigning block shifts. This will take 24 steps to complete.
[07/26/2026-16:03:15] [I] [TRT] [BlockAssignment] Algorithm ShiftNTopDown took 0.245286ms to assign 3 blocks to 24 nodes requiring 602112 bytes.
[07/26/2026-16:03:15] [I] [TRT] Total Activation Memory: 602112
[07/26/2026-16:03:15] [I] [TRT] Total Weights Memory: 11767300
[07/26/2026-16:03:15] [I] [TRT] Engine generation completed in 31.9627 seconds.
[07/26/2026-16:03:15] [I] [TRT] [MemUsageStats] Peak memory usage of TRT CPU/GPU memory allocators: CPU 2 MiB, GPU 47 MiB
[07/26/2026-16:03:15] [I] [TRT] [MemUsageStats] Peak memory usage during Engine building and serialization: CPU: 1769 MiB
[07/26/2026-16:03:15] [I] Engine built in 32.0285 sec.
[07/26/2026-16:03:15] [I] Created engine with size: 11.6585 MiB
[07/26/2026-16:03:15] [I] [TRT] Loaded engine size: 11 MiB
[07/26/2026-16:03:15] [I] Engine deserialized in 0.0185988 sec.
[07/26/2026-16:03:15] [I] [TRT] [MemUsageChange] TensorRT-managed allocation in IExecutionContext creation: CPU +0, GPU +0, now: CPU 0, GPU 11 (MiB)
[07/26/2026-16:03:15] [I] Setting persistentCacheLimit to 0 bytes.
[07/26/2026-16:03:15] [I] Created execution context with device memory size: 0.574219 MiB
[07/26/2026-16:03:15] [I] Using random values for input input
[07/26/2026-16:03:15] [I] Input binding for input with dimensions 1x3x224x224 is created.
[07/26/2026-16:03:15] [I] Output binding for output with dimensions 1x1000 is created.
[07/26/2026-16:03:15] [I] Starting inference
[07/26/2026-16:03:20] [I] Warmup completed 4293 queries over 2000 ms
[07/26/2026-16:03:20] [I] Timing trace has 6440 queries over 3.00138 s
[07/26/2026-16:03:20] [I] 
[07/26/2026-16:03:20] [I] === Trace details ===
[07/26/2026-16:03:20] [I] Trace averages of 100 runs:
[07/26/2026-16:03:20] [I] Average on 100 runs - GPU latency: 0.463124 ms - Host latency: 0.502852 ms (enqueue 0.164066 ms)
[07/26/2026-16:03:20] [I] Average on 100 runs - GPU latency: 0.463079 ms - Host latency: 0.502911 ms (enqueue 0.164642 ms)
[07/26/2026-16:03:20] [I] Average on 100 runs - GPU latency: 0.463372 ms - Host latency: 0.503018 ms (enqueue 0.164531 ms)
[07/26/2026-16:03:20] [I] Average on 100 runs - GPU latency: 0.46333 ms - Host latency: 0.503743 ms (enqueue 0.165208 ms)
[07/26/2026-16:03:20] [I] Average on 100 runs - GPU latency: 0.462805 ms - Host latency: 0.502625 ms (enqueue 0.163855 ms)
[07/26/2026-16:03:20] [I] Average on 100 runs - GPU latency: 0.463369 ms - Host latency: 0.503245 ms (enqueue 0.16373 ms)
[07/26/2026-16:03:20] [I] Average on 100 runs - GPU latency: 0.463169 ms - Host latency: 0.503293 ms (enqueue 0.165164 ms)
[07/26/2026-16:03:20] [I] Average on 100 runs - GPU latency: 0.463174 ms - Host latency: 0.503867 ms (enqueue 0.165955 ms)
[07/26/2026-16:03:20] [I] Average on 100 runs - GPU latency: 0.463084 ms - Host latency: 0.502561 ms (enqueue 0.163762 ms)
[07/26/2026-16:03:20] [I] Average on 100 runs - GPU latency: 0.46314 ms - Host latency: 0.502969 ms (enqueue 0.164641 ms)
[07/26/2026-16:03:20] [I] Average on 100 runs - GPU latency: 0.463345 ms - Host latency: 0.503228 ms (enqueue 0.164531 ms)
[07/26/2026-16:03:20] [I] Average on 100 runs - GPU latency: 0.463271 ms - Host latency: 0.503132 ms (enqueue 0.164312 ms)
[07/26/2026-16:03:20] [I] Average on 100 runs - GPU latency: 0.463413 ms - Host latency: 0.503362 ms (enqueue 0.164993 ms)
[07/26/2026-16:03:20] [I] Average on 100 runs - GPU latency: 0.463401 ms - Host latency: 0.503206 ms (enqueue 0.164097 ms)
[07/26/2026-16:03:20] [I] Average on 100 runs - GPU latency: 0.464934 ms - Host latency: 0.504917 ms (enqueue 0.164143 ms)
[07/26/2026-16:03:20] [I] Average on 100 runs - GPU latency: 0.463455 ms - Host latency: 0.503298 ms (enqueue 0.16364 ms)
[07/26/2026-16:03:20] [I] Average on 100 runs - GPU latency: 0.46334 ms - Host latency: 0.502961 ms (enqueue 0.164553 ms)
[07/26/2026-16:03:20] [I] Average on 100 runs - GPU latency: 0.463311 ms - Host latency: 0.502971 ms (enqueue 0.164453 ms)
[07/26/2026-16:03:20] [I] Average on 100 runs - GPU latency: 0.463159 ms - Host latency: 0.503264 ms (enqueue 0.165181 ms)
[07/26/2026-16:03:20] [I] Average on 100 runs - GPU latency: 0.463259 ms - Host latency: 0.503806 ms (enqueue 0.167812 ms)
[07/26/2026-16:03:20] [I] Average on 100 runs - GPU latency: 0.463245 ms - Host latency: 0.502954 ms (enqueue 0.164705 ms)
[07/26/2026-16:03:20] [I] Average on 100 runs - GPU latency: 0.46323 ms - Host latency: 0.503018 ms (enqueue 0.16481 ms)
[07/26/2026-16:03:20] [I] Average on 100 runs - GPU latency: 0.463167 ms - Host latency: 0.502764 ms (enqueue 0.164199 ms)
[07/26/2026-16:03:20] [I] Average on 100 runs - GPU latency: 0.463208 ms - Host latency: 0.503096 ms (enqueue 0.164612 ms)
[07/26/2026-16:03:20] [I] Average on 100 runs - GPU latency: 0.463181 ms - Host latency: 0.503113 ms (enqueue 0.164878 ms)
[07/26/2026-16:03:20] [I] Average on 100 runs - GPU latency: 0.463459 ms - Host latency: 0.503516 ms (enqueue 0.164102 ms)
[07/26/2026-16:03:20] [I] Average on 100 runs - GPU latency: 0.463196 ms - Host latency: 0.502649 ms (enqueue 0.164321 ms)
[07/26/2026-16:03:20] [I] Average on 100 runs - GPU latency: 0.463201 ms - Host latency: 0.503108 ms (enqueue 0.165022 ms)
[07/26/2026-16:03:20] [I] Average on 100 runs - GPU latency: 0.463137 ms - Host latency: 0.503037 ms (enqueue 0.164678 ms)
[07/26/2026-16:03:20] [I] Average on 100 runs - GPU latency: 0.463201 ms - Host latency: 0.502952 ms (enqueue 0.164319 ms)
[07/26/2026-16:03:20] [I] Average on 100 runs - GPU latency: 0.463015 ms - Host latency: 0.502773 ms (enqueue 0.164443 ms)
[07/26/2026-16:03:20] [I] Average on 100 runs - GPU latency: 0.463369 ms - Host latency: 0.50332 ms (enqueue 0.164966 ms)
[07/26/2026-16:03:20] [I] Average on 100 runs - GPU latency: 0.463296 ms - Host latency: 0.50332 ms (enqueue 0.164639 ms)
[07/26/2026-16:03:20] [I] Average on 100 runs - GPU latency: 0.463394 ms - Host latency: 0.503267 ms (enqueue 0.164104 ms)
[07/26/2026-16:03:20] [I] Average on 100 runs - GPU latency: 0.463254 ms - Host latency: 0.503181 ms (enqueue 0.164487 ms)
[07/26/2026-16:03:20] [I] Average on 100 runs - GPU latency: 0.463093 ms - Host latency: 0.50321 ms (enqueue 0.164907 ms)
[07/26/2026-16:03:20] [I] Average on 100 runs - GPU latency: 0.463384 ms - Host latency: 0.503274 ms (enqueue 0.164321 ms)
[07/26/2026-16:03:20] [I] Average on 100 runs - GPU latency: 0.463291 ms - Host latency: 0.503372 ms (enqueue 0.164631 ms)
[07/26/2026-16:03:20] [I] Average on 100 runs - GPU latency: 0.463118 ms - Host latency: 0.503093 ms (enqueue 0.164458 ms)
[07/26/2026-16:03:20] [I] Average on 100 runs - GPU latency: 0.463264 ms - Host latency: 0.503071 ms (enqueue 0.163679 ms)
[07/26/2026-16:03:20] [I] Average on 100 runs - GPU latency: 0.463384 ms - Host latency: 0.503311 ms (enqueue 0.164536 ms)
[07/26/2026-16:03:20] [I] Average on 100 runs - GPU latency: 0.463342 ms - Host latency: 0.503435 ms (enqueue 0.163713 ms)
[07/26/2026-16:03:20] [I] Average on 100 runs - GPU latency: 0.46325 ms - Host latency: 0.50354 ms (enqueue 0.164619 ms)
[07/26/2026-16:03:20] [I] Average on 100 runs - GPU latency: 0.463513 ms - Host latency: 0.503643 ms (enqueue 0.164875 ms)
[07/26/2026-16:03:20] [I] Average on 100 runs - GPU latency: 0.463181 ms - Host latency: 0.503496 ms (enqueue 0.164146 ms)
[07/26/2026-16:03:20] [I] Average on 100 runs - GPU latency: 0.46313 ms - Host latency: 0.503271 ms (enqueue 0.162881 ms)
[07/26/2026-16:03:20] [I] Average on 100 runs - GPU latency: 0.463345 ms - Host latency: 0.503276 ms (enqueue 0.163755 ms)
[07/26/2026-16:03:20] [I] Average on 100 runs - GPU latency: 0.463081 ms - Host latency: 0.502964 ms (enqueue 0.163872 ms)
[07/26/2026-16:03:20] [I] Average on 100 runs - GPU latency: 0.463291 ms - Host latency: 0.503149 ms (enqueue 0.164028 ms)
[07/26/2026-16:03:20] [I] Average on 100 runs - GPU latency: 0.46332 ms - Host latency: 0.503232 ms (enqueue 0.163926 ms)
[07/26/2026-16:03:20] [I] Average on 100 runs - GPU latency: 0.46313 ms - Host latency: 0.50291 ms (enqueue 0.164385 ms)
[07/26/2026-16:03:20] [I] Average on 100 runs - GPU latency: 0.463218 ms - Host latency: 0.503154 ms (enqueue 0.164131 ms)
[07/26/2026-16:03:20] [I] Average on 100 runs - GPU latency: 0.463188 ms - Host latency: 0.502817 ms (enqueue 0.163062 ms)
[07/26/2026-16:03:20] [I] Average on 100 runs - GPU latency: 0.463359 ms - Host latency: 0.503945 ms (enqueue 0.164536 ms)
[07/26/2026-16:03:20] [I] Average on 100 runs - GPU latency: 0.463379 ms - Host latency: 0.503623 ms (enqueue 0.164155 ms)
[07/26/2026-16:03:20] [I] Average on 100 runs - GPU latency: 0.463423 ms - Host latency: 0.503501 ms (enqueue 0.162813 ms)
[07/26/2026-16:03:20] [I] Average on 100 runs - GPU latency: 0.463257 ms - Host latency: 0.503047 ms (enqueue 0.164473 ms)
[07/26/2026-16:03:20] [I] Average on 100 runs - GPU latency: 0.46332 ms - Host latency: 0.503276 ms (enqueue 0.163652 ms)
[07/26/2026-16:03:20] [I] Average on 100 runs - GPU latency: 0.463218 ms - Host latency: 0.50335 ms (enqueue 0.163979 ms)
[07/26/2026-16:03:20] [I] Average on 100 runs - GPU latency: 0.463369 ms - Host latency: 0.503228 ms (enqueue 0.163887 ms)
[07/26/2026-16:03:20] [I] Average on 100 runs - GPU latency: 0.46312 ms - Host latency: 0.502935 ms (enqueue 0.16293 ms)
[07/26/2026-16:03:20] [I] Average on 100 runs - GPU latency: 0.463203 ms - Host latency: 0.503213 ms (enqueue 0.164531 ms)
[07/26/2026-16:03:20] [I] Average on 100 runs - GPU latency: 0.463374 ms - Host latency: 0.503237 ms (enqueue 0.164912 ms)
[07/26/2026-16:03:20] [I] Average on 100 runs - GPU latency: 0.463081 ms - Host latency: 0.503179 ms (enqueue 0.164624 ms)
[07/26/2026-16:03:20] [I] 
[07/26/2026-16:03:20] [I] === Performance summary ===
[07/26/2026-16:03:20] [I] Throughput: 2145.68 qps
[07/26/2026-16:03:20] [I] Latency: min = 0.496582 ms, max = 0.546143 ms, mean = 0.503219 ms, median = 0.503174 ms, percentile(90%) = 0.505859 ms, percentile(95%) = 0.506836 ms, percentile(99%) = 0.508301 ms
[07/26/2026-16:03:20] [I] Enqueue Time: min = 0.152832 ms, max = 0.22583 ms, mean = 0.164374 ms, median = 0.163086 ms, percentile(90%) = 0.168945 ms, percentile(95%) = 0.172119 ms, percentile(99%) = 0.195312 ms
[07/26/2026-16:03:20] [I] H2D Latency: min = 0.0310059 ms, max = 0.0786133 ms, mean = 0.0341522 ms, median = 0.0339355 ms, percentile(90%) = 0.0361328 ms, percentile(95%) = 0.0366211 ms, percentile(99%) = 0.0373535 ms
[07/26/2026-16:03:20] [I] GPU Compute Time: min = 0.45874 ms, max = 0.494873 ms, mean = 0.463276 ms, median = 0.463379 ms, percentile(90%) = 0.464844 ms, percentile(95%) = 0.465332 ms, percentile(99%) = 0.466309 ms
[07/26/2026-16:03:20] [I] D2H Latency: min = 0.00366211 ms, max = 0.00854492 ms, mean = 0.00579099 ms, median = 0.00585938 ms, percentile(90%) = 0.00708008 ms, percentile(95%) = 0.00732422 ms, percentile(99%) = 0.0078125 ms
[07/26/2026-16:03:20] [I] Total Host Walltime: 3.00138 s
[07/26/2026-16:03:20] [I] Total GPU Compute Time: 2.9835 s
[07/26/2026-16:03:20] [I] Explanations of the performance metrics are printed in the verbose logs.
[07/26/2026-16:03:20] [I] 
&&&& PASSED TensorRT.trtexec [TensorRT v100300] # /usr/src/tensorrt/bin/trtexec --onnx=/home/zain/models/resnet18.onnx --int8 --iterations=1000 --avgRuns=100 --warmUp=2000
