&&&& RUNNING TensorRT.trtexec [TensorRT v100300] # /usr/src/tensorrt/bin/trtexec --onnx=/home/zain/models/resnet50.onnx --fp16 --iterations=1000 --avgRuns=100 --warmUp=2000
[07/26/2026-16:15:28] [I] === Model Options ===
[07/26/2026-16:15:28] [I] Format: ONNX
[07/26/2026-16:15:28] [I] Model: /home/zain/models/resnet50.onnx
[07/26/2026-16:15:28] [I] Output:
[07/26/2026-16:15:28] [I] === Build Options ===
[07/26/2026-16:15:28] [I] Memory Pools: workspace: default, dlaSRAM: default, dlaLocalDRAM: default, dlaGlobalDRAM: default, tacticSharedMem: default
[07/26/2026-16:15:28] [I] avgTiming: 8
[07/26/2026-16:15:28] [I] Precision: FP32+FP16
[07/26/2026-16:15:28] [I] LayerPrecisions: 
[07/26/2026-16:15:28] [I] Layer Device Types: 
[07/26/2026-16:15:28] [I] Calibration: 
[07/26/2026-16:15:28] [I] Refit: Disabled
[07/26/2026-16:15:28] [I] Strip weights: Disabled
[07/26/2026-16:15:28] [I] Version Compatible: Disabled
[07/26/2026-16:15:28] [I] ONNX Plugin InstanceNorm: Disabled
[07/26/2026-16:15:28] [I] TensorRT runtime: full
[07/26/2026-16:15:28] [I] Lean DLL Path: 
[07/26/2026-16:15:28] [I] Tempfile Controls: { in_memory: allow, temporary: allow }
[07/26/2026-16:15:28] [I] Exclude Lean Runtime: Disabled
[07/26/2026-16:15:28] [I] Sparsity: Disabled
[07/26/2026-16:15:28] [I] Safe mode: Disabled
[07/26/2026-16:15:28] [I] Build DLA standalone loadable: Disabled
[07/26/2026-16:15:28] [I] Allow GPU fallback for DLA: Disabled
[07/26/2026-16:15:28] [I] DirectIO mode: Disabled
[07/26/2026-16:15:28] [I] Restricted mode: Disabled
[07/26/2026-16:15:28] [I] Skip inference: Disabled
[07/26/2026-16:15:28] [I] Save engine: 
[07/26/2026-16:15:28] [I] Load engine: 
[07/26/2026-16:15:28] [I] Profiling verbosity: 0
[07/26/2026-16:15:28] [I] Tactic sources: Using default tactic sources
[07/26/2026-16:15:28] [I] timingCacheMode: local
[07/26/2026-16:15:28] [I] timingCacheFile: 
[07/26/2026-16:15:28] [I] Enable Compilation Cache: Enabled
[07/26/2026-16:15:28] [I] errorOnTimingCacheMiss: Disabled
[07/26/2026-16:15:28] [I] Preview Features: Use default preview flags.
[07/26/2026-16:15:28] [I] MaxAuxStreams: -1
[07/26/2026-16:15:28] [I] BuilderOptimizationLevel: -1
[07/26/2026-16:15:28] [I] Calibration Profile Index: 0
[07/26/2026-16:15:28] [I] Weight Streaming: Disabled
[07/26/2026-16:15:28] [I] Runtime Platform: Same As Build
[07/26/2026-16:15:28] [I] Debug Tensors: 
[07/26/2026-16:15:28] [I] Input(s)s format: fp32:CHW
[07/26/2026-16:15:28] [I] Output(s)s format: fp32:CHW
[07/26/2026-16:15:28] [I] Input build shapes: model
[07/26/2026-16:15:28] [I] Input calibration shapes: model
[07/26/2026-16:15:28] [I] === System Options ===
[07/26/2026-16:15:28] [I] Device: 0
[07/26/2026-16:15:28] [I] DLACore: 
[07/26/2026-16:15:28] [I] Plugins:
[07/26/2026-16:15:28] [I] setPluginsToSerialize:
[07/26/2026-16:15:28] [I] dynamicPlugins:
[07/26/2026-16:15:28] [I] ignoreParsedPluginLibs: 0
[07/26/2026-16:15:28] [I] 
[07/26/2026-16:15:28] [I] === Inference Options ===
[07/26/2026-16:15:28] [I] Batch: Explicit
[07/26/2026-16:15:28] [I] Input inference shapes: model
[07/26/2026-16:15:28] [I] Iterations: 1000
[07/26/2026-16:15:28] [I] Duration: 3s (+ 2000ms warm up)
[07/26/2026-16:15:28] [I] Sleep time: 0ms
[07/26/2026-16:15:28] [I] Idle time: 0ms
[07/26/2026-16:15:28] [I] Inference Streams: 1
[07/26/2026-16:15:28] [I] ExposeDMA: Disabled
[07/26/2026-16:15:28] [I] Data transfers: Enabled
[07/26/2026-16:15:28] [I] Spin-wait: Disabled
[07/26/2026-16:15:28] [I] Multithreading: Disabled
[07/26/2026-16:15:28] [I] CUDA Graph: Disabled
[07/26/2026-16:15:28] [I] Separate profiling: Disabled
[07/26/2026-16:15:28] [I] Time Deserialize: Disabled
[07/26/2026-16:15:28] [I] Time Refit: Disabled
[07/26/2026-16:15:28] [I] NVTX verbosity: 0
[07/26/2026-16:15:28] [I] Persistent Cache Ratio: 0
[07/26/2026-16:15:28] [I] Optimization Profile Index: 0
[07/26/2026-16:15:28] [I] Weight Streaming Budget: 100.000000%
[07/26/2026-16:15:28] [I] Inputs:
[07/26/2026-16:15:28] [I] Debug Tensor Save Destinations:
[07/26/2026-16:15:28] [I] === Reporting Options ===
[07/26/2026-16:15:28] [I] Verbose: Disabled
[07/26/2026-16:15:28] [I] Averages: 100 inferences
[07/26/2026-16:15:28] [I] Percentiles: 90,95,99
[07/26/2026-16:15:28] [I] Dump refittable layers:Disabled
[07/26/2026-16:15:28] [I] Dump output: Disabled
[07/26/2026-16:15:28] [I] Profile: Disabled
[07/26/2026-16:15:28] [I] Export timing to JSON file: 
[07/26/2026-16:15:28] [I] Export output to JSON file: 
[07/26/2026-16:15:28] [I] Export profile to JSON file: 
[07/26/2026-16:15:28] [I] 
[07/26/2026-16:15:28] [I] === Device Information ===
[07/26/2026-16:15:28] [I] Available Devices: 
[07/26/2026-16:15:28] [I]   Device 0: "Orin" UUID: GPU-7a69094a-89cd-55a5-a5dc-a50bf7f8ee64
[07/26/2026-16:15:28] [I] Selected Device: Orin
[07/26/2026-16:15:28] [I] Selected Device ID: 0
[07/26/2026-16:15:28] [I] Selected Device UUID: GPU-7a69094a-89cd-55a5-a5dc-a50bf7f8ee64
[07/26/2026-16:15:28] [I] Compute Capability: 8.7
[07/26/2026-16:15:28] [I] SMs: 8
[07/26/2026-16:15:28] [I] Device Global Memory: 7619 MiB
[07/26/2026-16:15:28] [I] Shared Memory per SM: 164 KiB
[07/26/2026-16:15:28] [I] Memory Bus Width: 128 bits (ECC disabled)
[07/26/2026-16:15:28] [I] Application Compute Clock Rate: 1.02 GHz
[07/26/2026-16:15:28] [I] Application Memory Clock Rate: 1.02 GHz
[07/26/2026-16:15:28] [I] 
[07/26/2026-16:15:28] [I] Note: The application clock rates do not reflect the actual clock rates that the GPU is currently running at.
[07/26/2026-16:15:28] [I] 
[07/26/2026-16:15:28] [I] TensorRT version: 10.3.0
[07/26/2026-16:15:28] [I] Loading standard plugins
[07/26/2026-16:15:28] [I] [TRT] [MemUsageChange] Init CUDA: CPU +2, GPU +0, now: CPU 31, GPU 2902 (MiB)
[07/26/2026-16:15:30] [I] [TRT] [MemUsageChange] Init builder kernel library: CPU +928, GPU +749, now: CPU 1002, GPU 3696 (MiB)
[07/26/2026-16:15:30] [I] Start parsing network model.
[07/26/2026-16:15:30] [I] [TRT] ----------------------------------------------------------------
[07/26/2026-16:15:30] [I] [TRT] Input filename:   /home/zain/models/resnet50.onnx
[07/26/2026-16:15:30] [I] [TRT] ONNX IR version:  0.0.10
[07/26/2026-16:15:30] [I] [TRT] Opset version:    18
[07/26/2026-16:15:30] [I] [TRT] Producer name:    pytorch
[07/26/2026-16:15:30] [I] [TRT] Producer version: 2.13.0+cpu
[07/26/2026-16:15:30] [I] [TRT] Domain:           
[07/26/2026-16:15:30] [I] [TRT] Model version:    0
[07/26/2026-16:15:30] [I] [TRT] Doc string:       
[07/26/2026-16:15:30] [I] [TRT] ----------------------------------------------------------------
[07/26/2026-16:15:30] [I] Finished parsing network model. Parse time: 0.0771238
[07/26/2026-16:15:30] [I] [TRT] Local timing cache in use. Profiling results in this builder pass will not be stored.
[07/26/2026-16:16:34] [I] [TRT] Detected 1 inputs and 1 output network tensors.
[07/26/2026-16:16:37] [I] [TRT] Total Host Persistent Memory: 353696
[07/26/2026-16:16:37] [I] [TRT] Total Device Persistent Memory: 24576
[07/26/2026-16:16:37] [I] [TRT] Total Scratch Memory: 2048
[07/26/2026-16:16:37] [I] [TRT] [BlockAssignment] Started assigning block shifts. This will take 57 steps to complete.
[07/26/2026-16:16:37] [I] [TRT] [BlockAssignment] Algorithm ShiftNTopDown took 0.866318ms to assign 4 blocks to 57 nodes requiring 4114432 bytes.
[07/26/2026-16:16:37] [I] [TRT] Total Activation Memory: 4114432
[07/26/2026-16:16:37] [I] [TRT] Total Weights Memory: 51092736
[07/26/2026-16:16:37] [I] [TRT] Engine generation completed in 66.5149 seconds.
[07/26/2026-16:16:37] [I] [TRT] [MemUsageStats] Peak memory usage of TRT CPU/GPU memory allocators: CPU 4 MiB, GPU 96 MiB
[07/26/2026-16:16:37] [I] [TRT] [MemUsageStats] Peak memory usage during Engine building and serialization: CPU: 2414 MiB
[07/26/2026-16:16:37] [I] Engine built in 66.5554 sec.
[07/26/2026-16:16:37] [I] Created engine with size: 49.316 MiB
[07/26/2026-16:16:37] [I] [TRT] Loaded engine size: 49 MiB
[07/26/2026-16:16:37] [I] Engine deserialized in 0.0250089 sec.
[07/26/2026-16:16:37] [I] [TRT] [MemUsageChange] TensorRT-managed allocation in IExecutionContext creation: CPU +0, GPU +4, now: CPU 0, GPU 52 (MiB)
[07/26/2026-16:16:37] [I] Setting persistentCacheLimit to 0 bytes.
[07/26/2026-16:16:37] [I] Created execution context with device memory size: 3.92383 MiB
[07/26/2026-16:16:37] [I] Using random values for input input
[07/26/2026-16:16:37] [I] Input binding for input with dimensions 1x3x224x224 is created.
[07/26/2026-16:16:37] [I] Output binding for output with dimensions 1x1000 is created.
[07/26/2026-16:16:37] [I] Starting inference
[07/26/2026-16:16:42] [I] Warmup completed 1067 queries over 2000 ms
[07/26/2026-16:16:42] [I] Timing trace has 1601 queries over 3.00472 s
[07/26/2026-16:16:42] [I] 
[07/26/2026-16:16:42] [I] === Trace details ===
[07/26/2026-16:16:42] [I] Trace averages of 100 runs:
[07/26/2026-16:16:42] [I] Average on 100 runs - GPU latency: 1.87274 ms - Host latency: 1.91775 ms (enqueue 0.421129 ms)
[07/26/2026-16:16:42] [I] Average on 100 runs - GPU latency: 1.87297 ms - Host latency: 1.91823 ms (enqueue 0.417847 ms)
[07/26/2026-16:16:42] [I] Average on 100 runs - GPU latency: 1.8725 ms - Host latency: 1.91747 ms (enqueue 0.422085 ms)
[07/26/2026-16:16:42] [I] Average on 100 runs - GPU latency: 1.87282 ms - Host latency: 1.91767 ms (enqueue 0.42135 ms)
[07/26/2026-16:16:42] [I] Average on 100 runs - GPU latency: 1.87284 ms - Host latency: 1.9178 ms (enqueue 0.420422 ms)
[07/26/2026-16:16:42] [I] Average on 100 runs - GPU latency: 1.87235 ms - Host latency: 1.91692 ms (enqueue 0.420737 ms)
[07/26/2026-16:16:42] [I] Average on 100 runs - GPU latency: 1.87242 ms - Host latency: 1.91757 ms (enqueue 0.419248 ms)
[07/26/2026-16:16:42] [I] Average on 100 runs - GPU latency: 1.87286 ms - Host latency: 1.91827 ms (enqueue 0.419111 ms)
[07/26/2026-16:16:42] [I] Average on 100 runs - GPU latency: 1.87325 ms - Host latency: 1.91831 ms (enqueue 0.418337 ms)
[07/26/2026-16:16:42] [I] Average on 100 runs - GPU latency: 1.87278 ms - Host latency: 1.91744 ms (enqueue 0.417026 ms)
[07/26/2026-16:16:42] [I] Average on 100 runs - GPU latency: 1.87271 ms - Host latency: 1.91743 ms (enqueue 0.418093 ms)
[07/26/2026-16:16:42] [I] Average on 100 runs - GPU latency: 1.87315 ms - Host latency: 1.91762 ms (enqueue 0.416838 ms)
[07/26/2026-16:16:42] [I] Average on 100 runs - GPU latency: 1.87274 ms - Host latency: 1.91695 ms (enqueue 0.417549 ms)
[07/26/2026-16:16:42] [I] Average on 100 runs - GPU latency: 1.87271 ms - Host latency: 1.91743 ms (enqueue 0.419077 ms)
[07/26/2026-16:16:42] [I] Average on 100 runs - GPU latency: 1.87331 ms - Host latency: 1.91869 ms (enqueue 0.421855 ms)
[07/26/2026-16:16:42] [I] Average on 100 runs - GPU latency: 1.87268 ms - Host latency: 1.91771 ms (enqueue 0.416777 ms)
[07/26/2026-16:16:42] [I] 
[07/26/2026-16:16:42] [I] === Performance summary ===
[07/26/2026-16:16:42] [I] Throughput: 532.828 qps
[07/26/2026-16:16:42] [I] Latency: min = 1.90747 ms, max = 1.9353 ms, mean = 1.9177 ms, median = 1.91748 ms, percentile(90%) = 1.92188 ms, percentile(95%) = 1.92334 ms, percentile(99%) = 1.92676 ms
[07/26/2026-16:16:42] [I] Enqueue Time: min = 0.402588 ms, max = 0.641602 ms, mean = 0.419216 ms, median = 0.416016 ms, percentile(90%) = 0.431641 ms, percentile(95%) = 0.445557 ms, percentile(99%) = 0.470459 ms
[07/26/2026-16:16:42] [I] H2D Latency: min = 0.0351562 ms, max = 0.0541992 ms, mean = 0.0386726 ms, median = 0.0380859 ms, percentile(90%) = 0.0407715 ms, percentile(95%) = 0.041748 ms, percentile(99%) = 0.0466309 ms
[07/26/2026-16:16:42] [I] GPU Compute Time: min = 1.86499 ms, max = 1.88135 ms, mean = 1.8728 ms, median = 1.8728 ms, percentile(90%) = 1.87598 ms, percentile(95%) = 1.87659 ms, percentile(99%) = 1.87842 ms
[07/26/2026-16:16:42] [I] D2H Latency: min = 0.00341797 ms, max = 0.0102539 ms, mean = 0.00622764 ms, median = 0.00610352 ms, percentile(90%) = 0.00830078 ms, percentile(95%) = 0.00878906 ms, percentile(99%) = 0.00927734 ms
[07/26/2026-16:16:42] [I] Total Host Walltime: 3.00472 s
[07/26/2026-16:16:42] [I] Total GPU Compute Time: 2.99835 s
[07/26/2026-16:16:42] [I] Explanations of the performance metrics are printed in the verbose logs.
[07/26/2026-16:16:42] [I] 
&&&& PASSED TensorRT.trtexec [TensorRT v100300] # /usr/src/tensorrt/bin/trtexec --onnx=/home/zain/models/resnet50.onnx --fp16 --iterations=1000 --avgRuns=100 --warmUp=2000
