&&&& RUNNING TensorRT.trtexec [TensorRT v100300] # /usr/src/tensorrt/bin/trtexec --onnx=/home/zain/models/resnet50.onnx --int8 --iterations=1000 --avgRuns=100 --warmUp=2000
[07/26/2026-21:16:18] [I] === Model Options ===
[07/26/2026-21:16:18] [I] Format: ONNX
[07/26/2026-21:16:18] [I] Model: /home/zain/models/resnet50.onnx
[07/26/2026-21:16:18] [I] Output:
[07/26/2026-21:16:18] [I] === Build Options ===
[07/26/2026-21:16:18] [I] Memory Pools: workspace: default, dlaSRAM: default, dlaLocalDRAM: default, dlaGlobalDRAM: default, tacticSharedMem: default
[07/26/2026-21:16:18] [I] avgTiming: 8
[07/26/2026-21:16:18] [I] Precision: FP32+INT8
[07/26/2026-21:16:18] [I] LayerPrecisions: 
[07/26/2026-21:16:18] [I] Layer Device Types: 
[07/26/2026-21:16:18] [I] Calibration: Dynamic
[07/26/2026-21:16:18] [I] Refit: Disabled
[07/26/2026-21:16:18] [I] Strip weights: Disabled
[07/26/2026-21:16:18] [I] Version Compatible: Disabled
[07/26/2026-21:16:18] [I] ONNX Plugin InstanceNorm: Disabled
[07/26/2026-21:16:18] [I] TensorRT runtime: full
[07/26/2026-21:16:18] [I] Lean DLL Path: 
[07/26/2026-21:16:18] [I] Tempfile Controls: { in_memory: allow, temporary: allow }
[07/26/2026-21:16:18] [I] Exclude Lean Runtime: Disabled
[07/26/2026-21:16:18] [I] Sparsity: Disabled
[07/26/2026-21:16:18] [I] Safe mode: Disabled
[07/26/2026-21:16:18] [I] Build DLA standalone loadable: Disabled
[07/26/2026-21:16:18] [I] Allow GPU fallback for DLA: Disabled
[07/26/2026-21:16:18] [I] DirectIO mode: Disabled
[07/26/2026-21:16:18] [I] Restricted mode: Disabled
[07/26/2026-21:16:18] [I] Skip inference: Disabled
[07/26/2026-21:16:18] [I] Save engine: 
[07/26/2026-21:16:18] [I] Load engine: 
[07/26/2026-21:16:18] [I] Profiling verbosity: 0
[07/26/2026-21:16:18] [I] Tactic sources: Using default tactic sources
[07/26/2026-21:16:18] [I] timingCacheMode: local
[07/26/2026-21:16:18] [I] timingCacheFile: 
[07/26/2026-21:16:18] [I] Enable Compilation Cache: Enabled
[07/26/2026-21:16:18] [I] errorOnTimingCacheMiss: Disabled
[07/26/2026-21:16:18] [I] Preview Features: Use default preview flags.
[07/26/2026-21:16:18] [I] MaxAuxStreams: -1
[07/26/2026-21:16:18] [I] BuilderOptimizationLevel: -1
[07/26/2026-21:16:18] [I] Calibration Profile Index: 0
[07/26/2026-21:16:18] [I] Weight Streaming: Disabled
[07/26/2026-21:16:18] [I] Runtime Platform: Same As Build
[07/26/2026-21:16:18] [I] Debug Tensors: 
[07/26/2026-21:16:18] [I] Input(s)s format: fp32:CHW
[07/26/2026-21:16:18] [I] Output(s)s format: fp32:CHW
[07/26/2026-21:16:18] [I] Input build shapes: model
[07/26/2026-21:16:18] [I] Input calibration shapes: model
[07/26/2026-21:16:18] [I] === System Options ===
[07/26/2026-21:16:18] [I] Device: 0
[07/26/2026-21:16:18] [I] DLACore: 
[07/26/2026-21:16:18] [I] Plugins:
[07/26/2026-21:16:18] [I] setPluginsToSerialize:
[07/26/2026-21:16:18] [I] dynamicPlugins:
[07/26/2026-21:16:18] [I] ignoreParsedPluginLibs: 0
[07/26/2026-21:16:18] [I] 
[07/26/2026-21:16:18] [I] === Inference Options ===
[07/26/2026-21:16:18] [I] Batch: Explicit
[07/26/2026-21:16:18] [I] Input inference shapes: model
[07/26/2026-21:16:18] [I] Iterations: 1000
[07/26/2026-21:16:18] [I] Duration: 3s (+ 2000ms warm up)
[07/26/2026-21:16:18] [I] Sleep time: 0ms
[07/26/2026-21:16:18] [I] Idle time: 0ms
[07/26/2026-21:16:18] [I] Inference Streams: 1
[07/26/2026-21:16:18] [I] ExposeDMA: Disabled
[07/26/2026-21:16:18] [I] Data transfers: Enabled
[07/26/2026-21:16:18] [I] Spin-wait: Disabled
[07/26/2026-21:16:18] [I] Multithreading: Disabled
[07/26/2026-21:16:18] [I] CUDA Graph: Disabled
[07/26/2026-21:16:18] [I] Separate profiling: Disabled
[07/26/2026-21:16:18] [I] Time Deserialize: Disabled
[07/26/2026-21:16:18] [I] Time Refit: Disabled
[07/26/2026-21:16:18] [I] NVTX verbosity: 0
[07/26/2026-21:16:18] [I] Persistent Cache Ratio: 0
[07/26/2026-21:16:18] [I] Optimization Profile Index: 0
[07/26/2026-21:16:18] [I] Weight Streaming Budget: 100.000000%
[07/26/2026-21:16:18] [I] Inputs:
[07/26/2026-21:16:18] [I] Debug Tensor Save Destinations:
[07/26/2026-21:16:18] [I] === Reporting Options ===
[07/26/2026-21:16:18] [I] Verbose: Disabled
[07/26/2026-21:16:18] [I] Averages: 100 inferences
[07/26/2026-21:16:18] [I] Percentiles: 90,95,99
[07/26/2026-21:16:18] [I] Dump refittable layers:Disabled
[07/26/2026-21:16:18] [I] Dump output: Disabled
[07/26/2026-21:16:18] [I] Profile: Disabled
[07/26/2026-21:16:18] [I] Export timing to JSON file: 
[07/26/2026-21:16:18] [I] Export output to JSON file: 
[07/26/2026-21:16:18] [I] Export profile to JSON file: 
[07/26/2026-21:16:18] [I] 
[07/26/2026-21:16:18] [I] === Device Information ===
[07/26/2026-21:16:18] [I] Available Devices: 
[07/26/2026-21:16:18] [I]   Device 0: "Orin" UUID: GPU-7a69094a-89cd-55a5-a5dc-a50bf7f8ee64
[07/26/2026-21:16:18] [I] Selected Device: Orin
[07/26/2026-21:16:18] [I] Selected Device ID: 0
[07/26/2026-21:16:18] [I] Selected Device UUID: GPU-7a69094a-89cd-55a5-a5dc-a50bf7f8ee64
[07/26/2026-21:16:18] [I] Compute Capability: 8.7
[07/26/2026-21:16:18] [I] SMs: 4
[07/26/2026-21:16:18] [I] Device Global Memory: 7619 MiB
[07/26/2026-21:16:18] [I] Shared Memory per SM: 164 KiB
[07/26/2026-21:16:18] [I] Memory Bus Width: 128 bits (ECC disabled)
[07/26/2026-21:16:18] [I] Application Compute Clock Rate: 1.02 GHz
[07/26/2026-21:16:18] [I] Application Memory Clock Rate: 0.408 GHz
[07/26/2026-21:16:18] [I] 
[07/26/2026-21:16:18] [I] Note: The application clock rates do not reflect the actual clock rates that the GPU is currently running at.
[07/26/2026-21:16:18] [I] 
[07/26/2026-21:16:18] [I] TensorRT version: 10.3.0
[07/26/2026-21:16:18] [I] Loading standard plugins
[07/26/2026-21:16:21] [I] [TRT] [MemUsageChange] Init CUDA: CPU +2, GPU +0, now: CPU 31, GPU 1680 (MiB)
[07/26/2026-21:16:25] [I] [TRT] [MemUsageChange] Init builder kernel library: CPU +928, GPU +1098, now: CPU 1002, GPU 2822 (MiB)
[07/26/2026-21:16:25] [I] Start parsing network model.
[07/26/2026-21:16:25] [I] [TRT] ----------------------------------------------------------------
[07/26/2026-21:16:25] [I] [TRT] Input filename:   /home/zain/models/resnet50.onnx
[07/26/2026-21:16:25] [I] [TRT] ONNX IR version:  0.0.10
[07/26/2026-21:16:25] [I] [TRT] Opset version:    18
[07/26/2026-21:16:25] [I] [TRT] Producer name:    pytorch
[07/26/2026-21:16:25] [I] [TRT] Producer version: 2.13.0+cpu
[07/26/2026-21:16:25] [I] [TRT] Domain:           
[07/26/2026-21:16:25] [I] [TRT] Model version:    0
[07/26/2026-21:16:25] [I] [TRT] Doc string:       
[07/26/2026-21:16:25] [I] [TRT] ----------------------------------------------------------------
[07/26/2026-21:16:26] [I] Finished parsing network model. Parse time: 1.28628
[07/26/2026-21:16:26] [I] FP32 and INT8 precisions have been specified - more performance might be enabled by additionally specifying --fp16 or --best
[07/26/2026-21:16:26] [W] [TRT] Calibrator is not being used. Users must provide dynamic range for all tensors that are not Int32 or Bool.
[07/26/2026-21:16:26] [I] [TRT] Local timing cache in use. Profiling results in this builder pass will not be stored.
[07/26/2026-21:18:03] [I] [TRT] Detected 1 inputs and 1 output network tensors.
[07/26/2026-21:18:14] [I] [TRT] Total Host Persistent Memory: 258384
[07/26/2026-21:18:14] [I] [TRT] Total Device Persistent Memory: 22528
[07/26/2026-21:18:14] [I] [TRT] Total Scratch Memory: 0
[07/26/2026-21:18:14] [I] [TRT] [BlockAssignment] Started assigning block shifts. This will take 57 steps to complete.
[07/26/2026-21:18:14] [I] [TRT] [BlockAssignment] Algorithm ShiftNTopDown took 1.70842ms to assign 3 blocks to 57 nodes requiring 1806336 bytes.
[07/26/2026-21:18:14] [I] [TRT] Total Activation Memory: 1806336
[07/26/2026-21:18:14] [I] [TRT] Total Weights Memory: 25803268
[07/26/2026-21:18:14] [I] [TRT] Engine generation completed in 108.061 seconds.
[07/26/2026-21:18:14] [I] [TRT] [MemUsageStats] Peak memory usage of TRT CPU/GPU memory allocators: CPU 2 MiB, GPU 63 MiB
[07/26/2026-21:18:14] [I] [TRT] [MemUsageStats] Peak memory usage during Engine building and serialization: CPU: 1807 MiB
[07/26/2026-21:18:14] [I] Engine built in 108.295 sec.
[07/26/2026-21:18:14] [I] Created engine with size: 25.3708 MiB
[07/26/2026-21:18:15] [I] [TRT] Loaded engine size: 25 MiB
[07/26/2026-21:18:15] [I] Engine deserialized in 0.0377066 sec.
[07/26/2026-21:18:15] [I] [TRT] [MemUsageChange] TensorRT-managed allocation in IExecutionContext creation: CPU +0, GPU +2, now: CPU 0, GPU 26 (MiB)
[07/26/2026-21:18:15] [I] Setting persistentCacheLimit to 0 bytes.
[07/26/2026-21:18:15] [I] Created execution context with device memory size: 1.72266 MiB
[07/26/2026-21:18:15] [I] Using random values for input input
[07/26/2026-21:18:15] [I] Input binding for input with dimensions 1x3x224x224 is created.
[07/26/2026-21:18:15] [I] Output binding for output with dimensions 1x1000 is created.
[07/26/2026-21:18:15] [I] Starting inference
[07/26/2026-21:18:21] [I] Warmup completed 536 queries over 2000 ms
[07/26/2026-21:18:21] [I] Timing trace has 1000 queries over 3.73875 s
[07/26/2026-21:18:21] [I] 
[07/26/2026-21:18:21] [I] === Trace details ===
[07/26/2026-21:18:21] [I] Trace averages of 100 runs:
[07/26/2026-21:18:21] [I] Average on 100 runs - GPU latency: 3.72958 ms - Host latency: 3.81389 ms (enqueue 0.652029 ms)
[07/26/2026-21:18:21] [I] Average on 100 runs - GPU latency: 3.73011 ms - Host latency: 3.81366 ms (enqueue 0.643442 ms)
[07/26/2026-21:18:21] [I] Average on 100 runs - GPU latency: 3.72937 ms - Host latency: 3.81379 ms (enqueue 0.647185 ms)
[07/26/2026-21:18:21] [I] Average on 100 runs - GPU latency: 3.72887 ms - Host latency: 3.81202 ms (enqueue 0.640784 ms)
[07/26/2026-21:18:21] [I] Average on 100 runs - GPU latency: 3.72955 ms - Host latency: 3.81387 ms (enqueue 0.647559 ms)
[07/26/2026-21:18:21] [I] Average on 100 runs - GPU latency: 3.72884 ms - Host latency: 3.81273 ms (enqueue 0.650679 ms)
[07/26/2026-21:18:21] [I] Average on 100 runs - GPU latency: 3.72917 ms - Host latency: 3.81286 ms (enqueue 0.644038 ms)
[07/26/2026-21:18:21] [I] Average on 100 runs - GPU latency: 3.72902 ms - Host latency: 3.81253 ms (enqueue 0.640625 ms)
[07/26/2026-21:18:21] [I] Average on 100 runs - GPU latency: 3.72985 ms - Host latency: 3.81414 ms (enqueue 0.645889 ms)
[07/26/2026-21:18:21] [I] Average on 100 runs - GPU latency: 3.72957 ms - Host latency: 3.81344 ms (enqueue 0.643467 ms)
[07/26/2026-21:18:21] [I] 
[07/26/2026-21:18:21] [I] === Performance summary ===
[07/26/2026-21:18:21] [I] Throughput: 267.469 qps
[07/26/2026-21:18:21] [I] Latency: min = 3.80127 ms, max = 3.84814 ms, mean = 3.81329 ms, median = 3.81299 ms, percentile(90%) = 3.81885 ms, percentile(95%) = 3.8208 ms, percentile(99%) = 3.82568 ms
[07/26/2026-21:18:21] [I] Enqueue Time: min = 0.615723 ms, max = 0.782715 ms, mean = 0.64557 ms, median = 0.637207 ms, percentile(90%) = 0.686523 ms, percentile(95%) = 0.70166 ms, percentile(99%) = 0.724243 ms
[07/26/2026-21:18:21] [I] H2D Latency: min = 0.0700684 ms, max = 0.104248 ms, mean = 0.0733318 ms, median = 0.0725098 ms, percentile(90%) = 0.076416 ms, percentile(95%) = 0.0769043 ms, percentile(99%) = 0.081543 ms
[07/26/2026-21:18:21] [I] GPU Compute Time: min = 3.71704 ms, max = 3.74951 ms, mean = 3.72939 ms, median = 3.729 ms, percentile(90%) = 3.73389 ms, percentile(95%) = 3.73511 ms, percentile(99%) = 3.7373 ms
[07/26/2026-21:18:21] [I] D2H Latency: min = 0.00732422 ms, max = 0.0141602 ms, mean = 0.0105685 ms, median = 0.010498 ms, percentile(90%) = 0.0117188 ms, percentile(95%) = 0.012207 ms, percentile(99%) = 0.0136719 ms
[07/26/2026-21:18:21] [I] Total Host Walltime: 3.73875 s
[07/26/2026-21:18:21] [I] Total GPU Compute Time: 3.72939 s
[07/26/2026-21:18:21] [I] Explanations of the performance metrics are printed in the verbose logs.
[07/26/2026-21:18:21] [I] 
&&&& PASSED TensorRT.trtexec [TensorRT v100300] # /usr/src/tensorrt/bin/trtexec --onnx=/home/zain/models/resnet50.onnx --int8 --iterations=1000 --avgRuns=100 --warmUp=2000
