&&&& RUNNING TensorRT.trtexec [TensorRT v100300] # /usr/src/tensorrt/bin/trtexec --onnx=/home/zain/models/resnet18.onnx --iterations=1000 --avgRuns=100 --warmUp=2000
[07/26/2026-15:56:33] [I] === Model Options ===
[07/26/2026-15:56:33] [I] Format: ONNX
[07/26/2026-15:56:33] [I] Model: /home/zain/models/resnet18.onnx
[07/26/2026-15:56:33] [I] Output:
[07/26/2026-15:56:33] [I] === Build Options ===
[07/26/2026-15:56:33] [I] Memory Pools: workspace: default, dlaSRAM: default, dlaLocalDRAM: default, dlaGlobalDRAM: default, tacticSharedMem: default
[07/26/2026-15:56:33] [I] avgTiming: 8
[07/26/2026-15:56:33] [I] Precision: FP32
[07/26/2026-15:56:33] [I] LayerPrecisions: 
[07/26/2026-15:56:33] [I] Layer Device Types: 
[07/26/2026-15:56:33] [I] Calibration: 
[07/26/2026-15:56:33] [I] Refit: Disabled
[07/26/2026-15:56:33] [I] Strip weights: Disabled
[07/26/2026-15:56:33] [I] Version Compatible: Disabled
[07/26/2026-15:56:33] [I] ONNX Plugin InstanceNorm: Disabled
[07/26/2026-15:56:33] [I] TensorRT runtime: full
[07/26/2026-15:56:33] [I] Lean DLL Path: 
[07/26/2026-15:56:33] [I] Tempfile Controls: { in_memory: allow, temporary: allow }
[07/26/2026-15:56:33] [I] Exclude Lean Runtime: Disabled
[07/26/2026-15:56:33] [I] Sparsity: Disabled
[07/26/2026-15:56:33] [I] Safe mode: Disabled
[07/26/2026-15:56:33] [I] Build DLA standalone loadable: Disabled
[07/26/2026-15:56:33] [I] Allow GPU fallback for DLA: Disabled
[07/26/2026-15:56:33] [I] DirectIO mode: Disabled
[07/26/2026-15:56:33] [I] Restricted mode: Disabled
[07/26/2026-15:56:33] [I] Skip inference: Disabled
[07/26/2026-15:56:33] [I] Save engine: 
[07/26/2026-15:56:33] [I] Load engine: 
[07/26/2026-15:56:33] [I] Profiling verbosity: 0
[07/26/2026-15:56:33] [I] Tactic sources: Using default tactic sources
[07/26/2026-15:56:33] [I] timingCacheMode: local
[07/26/2026-15:56:33] [I] timingCacheFile: 
[07/26/2026-15:56:33] [I] Enable Compilation Cache: Enabled
[07/26/2026-15:56:33] [I] errorOnTimingCacheMiss: Disabled
[07/26/2026-15:56:33] [I] Preview Features: Use default preview flags.
[07/26/2026-15:56:33] [I] MaxAuxStreams: -1
[07/26/2026-15:56:33] [I] BuilderOptimizationLevel: -1
[07/26/2026-15:56:33] [I] Calibration Profile Index: 0
[07/26/2026-15:56:33] [I] Weight Streaming: Disabled
[07/26/2026-15:56:33] [I] Runtime Platform: Same As Build
[07/26/2026-15:56:33] [I] Debug Tensors: 
[07/26/2026-15:56:33] [I] Input(s)s format: fp32:CHW
[07/26/2026-15:56:33] [I] Output(s)s format: fp32:CHW
[07/26/2026-15:56:33] [I] Input build shapes: model
[07/26/2026-15:56:33] [I] Input calibration shapes: model
[07/26/2026-15:56:33] [I] === System Options ===
[07/26/2026-15:56:33] [I] Device: 0
[07/26/2026-15:56:33] [I] DLACore: 
[07/26/2026-15:56:33] [I] Plugins:
[07/26/2026-15:56:33] [I] setPluginsToSerialize:
[07/26/2026-15:56:33] [I] dynamicPlugins:
[07/26/2026-15:56:33] [I] ignoreParsedPluginLibs: 0
[07/26/2026-15:56:33] [I] 
[07/26/2026-15:56:33] [I] === Inference Options ===
[07/26/2026-15:56:33] [I] Batch: Explicit
[07/26/2026-15:56:33] [I] Input inference shapes: model
[07/26/2026-15:56:33] [I] Iterations: 1000
[07/26/2026-15:56:33] [I] Duration: 3s (+ 2000ms warm up)
[07/26/2026-15:56:33] [I] Sleep time: 0ms
[07/26/2026-15:56:33] [I] Idle time: 0ms
[07/26/2026-15:56:33] [I] Inference Streams: 1
[07/26/2026-15:56:33] [I] ExposeDMA: Disabled
[07/26/2026-15:56:33] [I] Data transfers: Enabled
[07/26/2026-15:56:33] [I] Spin-wait: Disabled
[07/26/2026-15:56:33] [I] Multithreading: Disabled
[07/26/2026-15:56:33] [I] CUDA Graph: Disabled
[07/26/2026-15:56:33] [I] Separate profiling: Disabled
[07/26/2026-15:56:33] [I] Time Deserialize: Disabled
[07/26/2026-15:56:33] [I] Time Refit: Disabled
[07/26/2026-15:56:33] [I] NVTX verbosity: 0
[07/26/2026-15:56:33] [I] Persistent Cache Ratio: 0
[07/26/2026-15:56:33] [I] Optimization Profile Index: 0
[07/26/2026-15:56:33] [I] Weight Streaming Budget: 100.000000%
[07/26/2026-15:56:33] [I] Inputs:
[07/26/2026-15:56:33] [I] Debug Tensor Save Destinations:
[07/26/2026-15:56:33] [I] === Reporting Options ===
[07/26/2026-15:56:33] [I] Verbose: Disabled
[07/26/2026-15:56:33] [I] Averages: 100 inferences
[07/26/2026-15:56:33] [I] Percentiles: 90,95,99
[07/26/2026-15:56:33] [I] Dump refittable layers:Disabled
[07/26/2026-15:56:33] [I] Dump output: Disabled
[07/26/2026-15:56:33] [I] Profile: Disabled
[07/26/2026-15:56:33] [I] Export timing to JSON file: 
[07/26/2026-15:56:33] [I] Export output to JSON file: 
[07/26/2026-15:56:33] [I] Export profile to JSON file: 
[07/26/2026-15:56:33] [I] 
[07/26/2026-15:56:33] [I] === Device Information ===
[07/26/2026-15:56:33] [I] Available Devices: 
[07/26/2026-15:56:33] [I]   Device 0: "Orin" UUID: GPU-7a69094a-89cd-55a5-a5dc-a50bf7f8ee64
[07/26/2026-15:56:33] [I] Selected Device: Orin
[07/26/2026-15:56:33] [I] Selected Device ID: 0
[07/26/2026-15:56:33] [I] Selected Device UUID: GPU-7a69094a-89cd-55a5-a5dc-a50bf7f8ee64
[07/26/2026-15:56:33] [I] Compute Capability: 8.7
[07/26/2026-15:56:33] [I] SMs: 8
[07/26/2026-15:56:33] [I] Device Global Memory: 7619 MiB
[07/26/2026-15:56:33] [I] Shared Memory per SM: 164 KiB
[07/26/2026-15:56:33] [I] Memory Bus Width: 128 bits (ECC disabled)
[07/26/2026-15:56:33] [I] Application Compute Clock Rate: 1.02 GHz
[07/26/2026-15:56:33] [I] Application Memory Clock Rate: 1.02 GHz
[07/26/2026-15:56:33] [I] 
[07/26/2026-15:56:33] [I] Note: The application clock rates do not reflect the actual clock rates that the GPU is currently running at.
[07/26/2026-15:56:33] [I] 
[07/26/2026-15:56:33] [I] TensorRT version: 10.3.0
[07/26/2026-15:56:33] [I] Loading standard plugins
[07/26/2026-15:56:33] [I] [TRT] [MemUsageChange] Init CUDA: CPU +2, GPU +0, now: CPU 31, GPU 2971 (MiB)
[07/26/2026-15:56:35] [I] [TRT] [MemUsageChange] Init builder kernel library: CPU +928, GPU +1066, now: CPU 1002, GPU 4081 (MiB)
[07/26/2026-15:56:35] [I] Start parsing network model.
[07/26/2026-15:56:35] [I] [TRT] ----------------------------------------------------------------
[07/26/2026-15:56:35] [I] [TRT] Input filename:   /home/zain/models/resnet18.onnx
[07/26/2026-15:56:35] [I] [TRT] ONNX IR version:  0.0.10
[07/26/2026-15:56:35] [I] [TRT] Opset version:    18
[07/26/2026-15:56:35] [I] [TRT] Producer name:    pytorch
[07/26/2026-15:56:35] [I] [TRT] Producer version: 2.13.0+cpu
[07/26/2026-15:56:35] [I] [TRT] Domain:           
[07/26/2026-15:56:35] [I] [TRT] Model version:    0
[07/26/2026-15:56:35] [I] [TRT] Doc string:       
[07/26/2026-15:56:35] [I] [TRT] ----------------------------------------------------------------
[07/26/2026-15:56:35] [I] Finished parsing network model. Parse time: 0.0375173
[07/26/2026-15:56:35] [I] [TRT] Local timing cache in use. Profiling results in this builder pass will not be stored.
[07/26/2026-15:56:50] [I] [TRT] Detected 1 inputs and 1 output network tensors.
[07/26/2026-15:56:51] [I] [TRT] Total Host Persistent Memory: 120960
[07/26/2026-15:56:51] [I] [TRT] Total Device Persistent Memory: 0
[07/26/2026-15:56:51] [I] [TRT] Total Scratch Memory: 0
[07/26/2026-15:56:51] [I] [TRT] [BlockAssignment] Started assigning block shifts. This will take 24 steps to complete.
[07/26/2026-15:56:51] [I] [TRT] [BlockAssignment] Algorithm ShiftNTopDown took 0.241032ms to assign 3 blocks to 24 nodes requiring 4816896 bytes.
[07/26/2026-15:56:51] [I] [TRT] Total Activation Memory: 4816896
[07/26/2026-15:56:51] [I] [TRT] Total Weights Memory: 46757120
[07/26/2026-15:56:51] [I] [TRT] Engine generation completed in 16.3417 seconds.
[07/26/2026-15:56:51] [I] [TRT] [MemUsageStats] Peak memory usage of TRT CPU/GPU memory allocators: CPU 9 MiB, GPU 96 MiB
[07/26/2026-15:56:51] [I] [TRT] [MemUsageStats] Peak memory usage during Engine building and serialization: CPU: 1684 MiB
[07/26/2026-15:56:52] [I] Engine built in 16.3695 sec.
[07/26/2026-15:56:52] [I] Created engine with size: 45.0009 MiB
[07/26/2026-15:56:52] [I] [TRT] Loaded engine size: 45 MiB
[07/26/2026-15:56:52] [I] Engine deserialized in 0.0291906 sec.
[07/26/2026-15:56:52] [I] [TRT] [MemUsageChange] TensorRT-managed allocation in IExecutionContext creation: CPU +0, GPU +5, now: CPU 0, GPU 49 (MiB)
[07/26/2026-15:56:52] [I] Setting persistentCacheLimit to 0 bytes.
[07/26/2026-15:56:52] [I] Created execution context with device memory size: 4.59375 MiB
[07/26/2026-15:56:52] [I] Using random values for input input
[07/26/2026-15:56:52] [I] Input binding for input with dimensions 1x3x224x224 is created.
[07/26/2026-15:56:52] [I] Output binding for output with dimensions 1x1000 is created.
[07/26/2026-15:56:52] [I] Starting inference
[07/26/2026-15:56:57] [I] Warmup completed 1291 queries over 2000 ms
[07/26/2026-15:56:57] [I] Timing trace has 1938 queries over 3.00403 s
[07/26/2026-15:56:57] [I] 
[07/26/2026-15:56:57] [I] === Trace details ===
[07/26/2026-15:56:57] [I] Trace averages of 100 runs:
[07/26/2026-15:56:57] [I] Average on 100 runs - GPU latency: 1.5467 ms - Host latency: 1.58982 ms (enqueue 0.209392 ms)
[07/26/2026-15:56:57] [I] Average on 100 runs - GPU latency: 1.54619 ms - Host latency: 1.58915 ms (enqueue 0.207766 ms)
[07/26/2026-15:56:57] [I] Average on 100 runs - GPU latency: 1.5466 ms - Host latency: 1.58959 ms (enqueue 0.209048 ms)
[07/26/2026-15:56:57] [I] Average on 100 runs - GPU latency: 1.54544 ms - Host latency: 1.58858 ms (enqueue 0.209915 ms)
[07/26/2026-15:56:57] [I] Average on 100 runs - GPU latency: 1.54668 ms - Host latency: 1.58985 ms (enqueue 0.209644 ms)
[07/26/2026-15:56:57] [I] Average on 100 runs - GPU latency: 1.54666 ms - Host latency: 1.59001 ms (enqueue 0.209561 ms)
[07/26/2026-15:56:57] [I] Average on 100 runs - GPU latency: 1.5467 ms - Host latency: 1.59016 ms (enqueue 0.21292 ms)
[07/26/2026-15:56:57] [I] Average on 100 runs - GPU latency: 1.547 ms - Host latency: 1.59036 ms (enqueue 0.20928 ms)
[07/26/2026-15:56:57] [I] Average on 100 runs - GPU latency: 1.54624 ms - Host latency: 1.58957 ms (enqueue 0.207722 ms)
[07/26/2026-15:56:57] [I] Average on 100 runs - GPU latency: 1.54556 ms - Host latency: 1.58936 ms (enqueue 0.207849 ms)
[07/26/2026-15:56:57] [I] Average on 100 runs - GPU latency: 1.54714 ms - Host latency: 1.59018 ms (enqueue 0.210271 ms)
[07/26/2026-15:56:57] [I] Average on 100 runs - GPU latency: 1.54655 ms - Host latency: 1.59001 ms (enqueue 0.208511 ms)
[07/26/2026-15:56:57] [I] Average on 100 runs - GPU latency: 1.54566 ms - Host latency: 1.5887 ms (enqueue 0.21075 ms)
[07/26/2026-15:56:57] [I] Average on 100 runs - GPU latency: 1.54677 ms - Host latency: 1.58896 ms (enqueue 0.209043 ms)
[07/26/2026-15:56:57] [I] Average on 100 runs - GPU latency: 1.54548 ms - Host latency: 1.58844 ms (enqueue 0.209106 ms)
[07/26/2026-15:56:57] [I] Average on 100 runs - GPU latency: 1.54665 ms - Host latency: 1.58939 ms (enqueue 0.207144 ms)
[07/26/2026-15:56:57] [I] Average on 100 runs - GPU latency: 1.54625 ms - Host latency: 1.58921 ms (enqueue 0.208574 ms)
[07/26/2026-15:56:57] [I] Average on 100 runs - GPU latency: 1.54683 ms - Host latency: 1.58967 ms (enqueue 0.208438 ms)
[07/26/2026-15:56:57] [I] Average on 100 runs - GPU latency: 1.54638 ms - Host latency: 1.59024 ms (enqueue 0.210938 ms)
[07/26/2026-15:56:57] [I] 
[07/26/2026-15:56:57] [I] === Performance summary ===
[07/26/2026-15:56:57] [I] Throughput: 645.133 qps
[07/26/2026-15:56:57] [I] Latency: min = 1.57471 ms, max = 1.61963 ms, mean = 1.58957 ms, median = 1.58936 ms, percentile(90%) = 1.59644 ms, percentile(95%) = 1.59863 ms, percentile(99%) = 1.60229 ms
[07/26/2026-15:56:57] [I] Enqueue Time: min = 0.196777 ms, max = 0.347656 ms, mean = 0.209196 ms, median = 0.20752 ms, percentile(90%) = 0.213379 ms, percentile(95%) = 0.228271 ms, percentile(99%) = 0.249268 ms
[07/26/2026-15:56:57] [I] H2D Latency: min = 0.0332031 ms, max = 0.0620117 ms, mean = 0.0370693 ms, median = 0.0366211 ms, percentile(90%) = 0.0390625 ms, percentile(95%) = 0.0397949 ms, percentile(99%) = 0.0446777 ms
[07/26/2026-15:56:57] [I] GPU Compute Time: min = 1.53174 ms, max = 1.56274 ms, mean = 1.5464 ms, median = 1.54639 ms, percentile(90%) = 1.55273 ms, percentile(95%) = 1.55444 ms, percentile(99%) = 1.55859 ms
[07/26/2026-15:56:57] [I] D2H Latency: min = 0.00390625 ms, max = 0.00830078 ms, mean = 0.006101 ms, median = 0.00610352 ms, percentile(90%) = 0.00708008 ms, percentile(95%) = 0.00732422 ms, percentile(99%) = 0.0078125 ms
[07/26/2026-15:56:57] [I] Total Host Walltime: 3.00403 s
[07/26/2026-15:56:57] [I] Total GPU Compute Time: 2.99692 s
[07/26/2026-15:56:57] [I] Explanations of the performance metrics are printed in the verbose logs.
[07/26/2026-15:56:57] [I] 
&&&& PASSED TensorRT.trtexec [TensorRT v100300] # /usr/src/tensorrt/bin/trtexec --onnx=/home/zain/models/resnet18.onnx --iterations=1000 --avgRuns=100 --warmUp=2000
