&&&& RUNNING TensorRT.trtexec [TensorRT v100300] # /usr/src/tensorrt/bin/trtexec --onnx=/home/zain/models/resnet50.onnx --iterations=1000 --avgRuns=100 --warmUp=2000
[07/26/2026-16:09:30] [I] === Model Options ===
[07/26/2026-16:09:30] [I] Format: ONNX
[07/26/2026-16:09:30] [I] Model: /home/zain/models/resnet50.onnx
[07/26/2026-16:09:30] [I] Output:
[07/26/2026-16:09:30] [I] === Build Options ===
[07/26/2026-16:09:30] [I] Memory Pools: workspace: default, dlaSRAM: default, dlaLocalDRAM: default, dlaGlobalDRAM: default, tacticSharedMem: default
[07/26/2026-16:09:30] [I] avgTiming: 8
[07/26/2026-16:09:30] [I] Precision: FP32
[07/26/2026-16:09:30] [I] LayerPrecisions: 
[07/26/2026-16:09:30] [I] Layer Device Types: 
[07/26/2026-16:09:30] [I] Calibration: 
[07/26/2026-16:09:30] [I] Refit: Disabled
[07/26/2026-16:09:30] [I] Strip weights: Disabled
[07/26/2026-16:09:30] [I] Version Compatible: Disabled
[07/26/2026-16:09:30] [I] ONNX Plugin InstanceNorm: Disabled
[07/26/2026-16:09:30] [I] TensorRT runtime: full
[07/26/2026-16:09:30] [I] Lean DLL Path: 
[07/26/2026-16:09:30] [I] Tempfile Controls: { in_memory: allow, temporary: allow }
[07/26/2026-16:09:30] [I] Exclude Lean Runtime: Disabled
[07/26/2026-16:09:30] [I] Sparsity: Disabled
[07/26/2026-16:09:30] [I] Safe mode: Disabled
[07/26/2026-16:09:30] [I] Build DLA standalone loadable: Disabled
[07/26/2026-16:09:30] [I] Allow GPU fallback for DLA: Disabled
[07/26/2026-16:09:30] [I] DirectIO mode: Disabled
[07/26/2026-16:09:30] [I] Restricted mode: Disabled
[07/26/2026-16:09:30] [I] Skip inference: Disabled
[07/26/2026-16:09:30] [I] Save engine: 
[07/26/2026-16:09:30] [I] Load engine: 
[07/26/2026-16:09:30] [I] Profiling verbosity: 0
[07/26/2026-16:09:30] [I] Tactic sources: Using default tactic sources
[07/26/2026-16:09:30] [I] timingCacheMode: local
[07/26/2026-16:09:30] [I] timingCacheFile: 
[07/26/2026-16:09:30] [I] Enable Compilation Cache: Enabled
[07/26/2026-16:09:30] [I] errorOnTimingCacheMiss: Disabled
[07/26/2026-16:09:30] [I] Preview Features: Use default preview flags.
[07/26/2026-16:09:30] [I] MaxAuxStreams: -1
[07/26/2026-16:09:30] [I] BuilderOptimizationLevel: -1
[07/26/2026-16:09:30] [I] Calibration Profile Index: 0
[07/26/2026-16:09:30] [I] Weight Streaming: Disabled
[07/26/2026-16:09:30] [I] Runtime Platform: Same As Build
[07/26/2026-16:09:30] [I] Debug Tensors: 
[07/26/2026-16:09:30] [I] Input(s)s format: fp32:CHW
[07/26/2026-16:09:30] [I] Output(s)s format: fp32:CHW
[07/26/2026-16:09:30] [I] Input build shapes: model
[07/26/2026-16:09:30] [I] Input calibration shapes: model
[07/26/2026-16:09:30] [I] === System Options ===
[07/26/2026-16:09:30] [I] Device: 0
[07/26/2026-16:09:30] [I] DLACore: 
[07/26/2026-16:09:30] [I] Plugins:
[07/26/2026-16:09:30] [I] setPluginsToSerialize:
[07/26/2026-16:09:30] [I] dynamicPlugins:
[07/26/2026-16:09:30] [I] ignoreParsedPluginLibs: 0
[07/26/2026-16:09:30] [I] 
[07/26/2026-16:09:30] [I] === Inference Options ===
[07/26/2026-16:09:30] [I] Batch: Explicit
[07/26/2026-16:09:30] [I] Input inference shapes: model
[07/26/2026-16:09:30] [I] Iterations: 1000
[07/26/2026-16:09:30] [I] Duration: 3s (+ 2000ms warm up)
[07/26/2026-16:09:30] [I] Sleep time: 0ms
[07/26/2026-16:09:30] [I] Idle time: 0ms
[07/26/2026-16:09:30] [I] Inference Streams: 1
[07/26/2026-16:09:30] [I] ExposeDMA: Disabled
[07/26/2026-16:09:30] [I] Data transfers: Enabled
[07/26/2026-16:09:30] [I] Spin-wait: Disabled
[07/26/2026-16:09:30] [I] Multithreading: Disabled
[07/26/2026-16:09:30] [I] CUDA Graph: Disabled
[07/26/2026-16:09:30] [I] Separate profiling: Disabled
[07/26/2026-16:09:30] [I] Time Deserialize: Disabled
[07/26/2026-16:09:30] [I] Time Refit: Disabled
[07/26/2026-16:09:30] [I] NVTX verbosity: 0
[07/26/2026-16:09:30] [I] Persistent Cache Ratio: 0
[07/26/2026-16:09:30] [I] Optimization Profile Index: 0
[07/26/2026-16:09:30] [I] Weight Streaming Budget: 100.000000%
[07/26/2026-16:09:30] [I] Inputs:
[07/26/2026-16:09:30] [I] Debug Tensor Save Destinations:
[07/26/2026-16:09:30] [I] === Reporting Options ===
[07/26/2026-16:09:30] [I] Verbose: Disabled
[07/26/2026-16:09:30] [I] Averages: 100 inferences
[07/26/2026-16:09:30] [I] Percentiles: 90,95,99
[07/26/2026-16:09:30] [I] Dump refittable layers:Disabled
[07/26/2026-16:09:30] [I] Dump output: Disabled
[07/26/2026-16:09:30] [I] Profile: Disabled
[07/26/2026-16:09:30] [I] Export timing to JSON file: 
[07/26/2026-16:09:30] [I] Export output to JSON file: 
[07/26/2026-16:09:30] [I] Export profile to JSON file: 
[07/26/2026-16:09:30] [I] 
[07/26/2026-16:09:30] [I] === Device Information ===
[07/26/2026-16:09:30] [I] Available Devices: 
[07/26/2026-16:09:30] [I]   Device 0: "Orin" UUID: GPU-7a69094a-89cd-55a5-a5dc-a50bf7f8ee64
[07/26/2026-16:09:31] [I] Selected Device: Orin
[07/26/2026-16:09:31] [I] Selected Device ID: 0
[07/26/2026-16:09:31] [I] Selected Device UUID: GPU-7a69094a-89cd-55a5-a5dc-a50bf7f8ee64
[07/26/2026-16:09:31] [I] Compute Capability: 8.7
[07/26/2026-16:09:31] [I] SMs: 8
[07/26/2026-16:09:31] [I] Device Global Memory: 7619 MiB
[07/26/2026-16:09:31] [I] Shared Memory per SM: 164 KiB
[07/26/2026-16:09:31] [I] Memory Bus Width: 128 bits (ECC disabled)
[07/26/2026-16:09:31] [I] Application Compute Clock Rate: 1.02 GHz
[07/26/2026-16:09:31] [I] Application Memory Clock Rate: 1.02 GHz
[07/26/2026-16:09:31] [I] 
[07/26/2026-16:09:31] [I] Note: The application clock rates do not reflect the actual clock rates that the GPU is currently running at.
[07/26/2026-16:09:31] [I] 
[07/26/2026-16:09:31] [I] TensorRT version: 10.3.0
[07/26/2026-16:09:31] [I] Loading standard plugins
[07/26/2026-16:09:31] [I] [TRT] [MemUsageChange] Init CUDA: CPU +2, GPU +0, now: CPU 31, GPU 2983 (MiB)
[07/26/2026-16:09:33] [I] [TRT] [MemUsageChange] Init builder kernel library: CPU +928, GPU +1026, now: CPU 1002, GPU 4053 (MiB)
[07/26/2026-16:09:33] [I] Start parsing network model.
[07/26/2026-16:09:33] [I] [TRT] ----------------------------------------------------------------
[07/26/2026-16:09:33] [I] [TRT] Input filename:   /home/zain/models/resnet50.onnx
[07/26/2026-16:09:33] [I] [TRT] ONNX IR version:  0.0.10
[07/26/2026-16:09:33] [I] [TRT] Opset version:    18
[07/26/2026-16:09:33] [I] [TRT] Producer name:    pytorch
[07/26/2026-16:09:33] [I] [TRT] Producer version: 2.13.0+cpu
[07/26/2026-16:09:33] [I] [TRT] Domain:           
[07/26/2026-16:09:33] [I] [TRT] Model version:    0
[07/26/2026-16:09:33] [I] [TRT] Doc string:       
[07/26/2026-16:09:33] [I] [TRT] ----------------------------------------------------------------
[07/26/2026-16:09:33] [I] Finished parsing network model. Parse time: 0.0782575
[07/26/2026-16:09:33] [I] [TRT] Local timing cache in use. Profiling results in this builder pass will not be stored.
[07/26/2026-16:10:10] [I] [TRT] Detected 1 inputs and 1 output network tensors.
[07/26/2026-16:10:13] [I] [TRT] Total Host Persistent Memory: 361392
[07/26/2026-16:10:13] [I] [TRT] Total Device Persistent Memory: 0
[07/26/2026-16:10:13] [I] [TRT] Total Scratch Memory: 0
[07/26/2026-16:10:13] [I] [TRT] [BlockAssignment] Started assigning block shifts. This will take 57 steps to complete.
[07/26/2026-16:10:13] [I] [TRT] [BlockAssignment] Algorithm ShiftNTopDown took 0.845424ms to assign 4 blocks to 57 nodes requiring 8228864 bytes.
[07/26/2026-16:10:13] [I] [TRT] Total Activation Memory: 8228864
[07/26/2026-16:10:13] [I] [TRT] Total Weights Memory: 102152960
[07/26/2026-16:10:13] [I] [TRT] Engine generation completed in 39.9722 seconds.
[07/26/2026-16:10:13] [I] [TRT] [MemUsageStats] Peak memory usage of TRT CPU/GPU memory allocators: CPU 9 MiB, GPU 192 MiB
[07/26/2026-16:10:13] [I] [TRT] [MemUsageStats] Peak memory usage during Engine building and serialization: CPU: 1884 MiB
[07/26/2026-16:10:13] [I] Engine built in 40.0326 sec.
[07/26/2026-16:10:13] [I] Created engine with size: 98.2053 MiB
[07/26/2026-16:10:13] [I] [TRT] Loaded engine size: 98 MiB
[07/26/2026-16:10:13] [I] Engine deserialized in 0.0525892 sec.
[07/26/2026-16:10:13] [I] [TRT] [MemUsageChange] TensorRT-managed allocation in IExecutionContext creation: CPU +0, GPU +8, now: CPU 0, GPU 105 (MiB)
[07/26/2026-16:10:13] [I] Setting persistentCacheLimit to 0 bytes.
[07/26/2026-16:10:13] [I] Created execution context with device memory size: 7.84766 MiB
[07/26/2026-16:10:13] [I] Using random values for input input
[07/26/2026-16:10:13] [I] Input binding for input with dimensions 1x3x224x224 is created.
[07/26/2026-16:10:13] [I] Output binding for output with dimensions 1x1000 is created.
[07/26/2026-16:10:13] [I] Starting inference
[07/26/2026-16:10:19] [I] Warmup completed 550 queries over 2000 ms
[07/26/2026-16:10:19] [I] Timing trace has 1000 queries over 3.64491 s
[07/26/2026-16:10:19] [I] 
[07/26/2026-16:10:19] [I] === Trace details ===
[07/26/2026-16:10:19] [I] Trace averages of 100 runs:
[07/26/2026-16:10:19] [I] Average on 100 runs - GPU latency: 3.63791 ms - Host latency: 3.68118 ms (enqueue 0.410275 ms)
[07/26/2026-16:10:19] [I] Average on 100 runs - GPU latency: 3.6375 ms - Host latency: 3.68148 ms (enqueue 0.413679 ms)
[07/26/2026-16:10:19] [I] Average on 100 runs - GPU latency: 3.63875 ms - Host latency: 3.68256 ms (enqueue 0.413347 ms)
[07/26/2026-16:10:19] [I] Average on 100 runs - GPU latency: 3.63969 ms - Host latency: 3.68354 ms (enqueue 0.418618 ms)
[07/26/2026-16:10:19] [I] Average on 100 runs - GPU latency: 3.63816 ms - Host latency: 3.68191 ms (enqueue 0.417595 ms)
[07/26/2026-16:10:19] [I] Average on 100 runs - GPU latency: 3.6382 ms - Host latency: 3.68124 ms (enqueue 0.412346 ms)
[07/26/2026-16:10:19] [I] Average on 100 runs - GPU latency: 3.63884 ms - Host latency: 3.68202 ms (enqueue 0.410317 ms)
[07/26/2026-16:10:19] [I] Average on 100 runs - GPU latency: 3.63862 ms - Host latency: 3.68266 ms (enqueue 0.419014 ms)
[07/26/2026-16:10:19] [I] Average on 100 runs - GPU latency: 3.63823 ms - Host latency: 3.68223 ms (enqueue 0.417861 ms)
[07/26/2026-16:10:19] [I] Average on 100 runs - GPU latency: 3.63884 ms - Host latency: 3.68271 ms (enqueue 0.414082 ms)
[07/26/2026-16:10:19] [I] 
[07/26/2026-16:10:19] [I] === Performance summary ===
[07/26/2026-16:10:19] [I] Throughput: 274.355 qps
[07/26/2026-16:10:19] [I] Latency: min = 3.65918 ms, max = 3.7085 ms, mean = 3.68215 ms, median = 3.68176 ms, percentile(90%) = 3.69165 ms, percentile(95%) = 3.69434 ms, percentile(99%) = 3.69971 ms
[07/26/2026-16:10:19] [I] Enqueue Time: min = 0.396729 ms, max = 0.593018 ms, mean = 0.414714 ms, median = 0.410156 ms, percentile(90%) = 0.432373 ms, percentile(95%) = 0.446289 ms, percentile(99%) = 0.498779 ms
[07/26/2026-16:10:19] [I] H2D Latency: min = 0.0344238 ms, max = 0.052002 ms, mean = 0.0379137 ms, median = 0.0375977 ms, percentile(90%) = 0.0395508 ms, percentile(95%) = 0.0405273 ms, percentile(99%) = 0.0463867 ms
[07/26/2026-16:10:19] [I] GPU Compute Time: min = 3.61694 ms, max = 3.66333 ms, mean = 3.63847 ms, median = 3.63818 ms, percentile(90%) = 3.64722 ms, percentile(95%) = 3.64966 ms, percentile(99%) = 3.65552 ms
[07/26/2026-16:10:19] [I] D2H Latency: min = 0.00390625 ms, max = 0.0078125 ms, mean = 0.00576587 ms, median = 0.00585938 ms, percentile(90%) = 0.0065918 ms, percentile(95%) = 0.00683594 ms, percentile(99%) = 0.00732422 ms
[07/26/2026-16:10:19] [I] Total Host Walltime: 3.64491 s
[07/26/2026-16:10:19] [I] Total GPU Compute Time: 3.63847 s
[07/26/2026-16:10:19] [I] Explanations of the performance metrics are printed in the verbose logs.
[07/26/2026-16:10:19] [I] 
&&&& PASSED TensorRT.trtexec [TensorRT v100300] # /usr/src/tensorrt/bin/trtexec --onnx=/home/zain/models/resnet50.onnx --iterations=1000 --avgRuns=100 --warmUp=2000
