&&&& RUNNING TensorRT.trtexec [TensorRT v100300] # /usr/src/tensorrt/bin/trtexec --onnx=/home/zain/models/resnet50.onnx --iterations=1000 --avgRuns=100 --warmUp=2000
[07/26/2026-16:07:41] [I] === Model Options ===
[07/26/2026-16:07:41] [I] Format: ONNX
[07/26/2026-16:07:41] [I] Model: /home/zain/models/resnet50.onnx
[07/26/2026-16:07:41] [I] Output:
[07/26/2026-16:07:41] [I] === Build Options ===
[07/26/2026-16:07:41] [I] Memory Pools: workspace: default, dlaSRAM: default, dlaLocalDRAM: default, dlaGlobalDRAM: default, tacticSharedMem: default
[07/26/2026-16:07:41] [I] avgTiming: 8
[07/26/2026-16:07:41] [I] Precision: FP32
[07/26/2026-16:07:41] [I] LayerPrecisions: 
[07/26/2026-16:07:41] [I] Layer Device Types: 
[07/26/2026-16:07:41] [I] Calibration: 
[07/26/2026-16:07:41] [I] Refit: Disabled
[07/26/2026-16:07:41] [I] Strip weights: Disabled
[07/26/2026-16:07:41] [I] Version Compatible: Disabled
[07/26/2026-16:07:41] [I] ONNX Plugin InstanceNorm: Disabled
[07/26/2026-16:07:41] [I] TensorRT runtime: full
[07/26/2026-16:07:41] [I] Lean DLL Path: 
[07/26/2026-16:07:41] [I] Tempfile Controls: { in_memory: allow, temporary: allow }
[07/26/2026-16:07:41] [I] Exclude Lean Runtime: Disabled
[07/26/2026-16:07:41] [I] Sparsity: Disabled
[07/26/2026-16:07:41] [I] Safe mode: Disabled
[07/26/2026-16:07:41] [I] Build DLA standalone loadable: Disabled
[07/26/2026-16:07:41] [I] Allow GPU fallback for DLA: Disabled
[07/26/2026-16:07:41] [I] DirectIO mode: Disabled
[07/26/2026-16:07:41] [I] Restricted mode: Disabled
[07/26/2026-16:07:41] [I] Skip inference: Disabled
[07/26/2026-16:07:41] [I] Save engine: 
[07/26/2026-16:07:41] [I] Load engine: 
[07/26/2026-16:07:41] [I] Profiling verbosity: 0
[07/26/2026-16:07:41] [I] Tactic sources: Using default tactic sources
[07/26/2026-16:07:41] [I] timingCacheMode: local
[07/26/2026-16:07:41] [I] timingCacheFile: 
[07/26/2026-16:07:41] [I] Enable Compilation Cache: Enabled
[07/26/2026-16:07:41] [I] errorOnTimingCacheMiss: Disabled
[07/26/2026-16:07:41] [I] Preview Features: Use default preview flags.
[07/26/2026-16:07:41] [I] MaxAuxStreams: -1
[07/26/2026-16:07:41] [I] BuilderOptimizationLevel: -1
[07/26/2026-16:07:41] [I] Calibration Profile Index: 0
[07/26/2026-16:07:41] [I] Weight Streaming: Disabled
[07/26/2026-16:07:41] [I] Runtime Platform: Same As Build
[07/26/2026-16:07:41] [I] Debug Tensors: 
[07/26/2026-16:07:41] [I] Input(s)s format: fp32:CHW
[07/26/2026-16:07:41] [I] Output(s)s format: fp32:CHW
[07/26/2026-16:07:41] [I] Input build shapes: model
[07/26/2026-16:07:41] [I] Input calibration shapes: model
[07/26/2026-16:07:41] [I] === System Options ===
[07/26/2026-16:07:41] [I] Device: 0
[07/26/2026-16:07:41] [I] DLACore: 
[07/26/2026-16:07:41] [I] Plugins:
[07/26/2026-16:07:41] [I] setPluginsToSerialize:
[07/26/2026-16:07:41] [I] dynamicPlugins:
[07/26/2026-16:07:41] [I] ignoreParsedPluginLibs: 0
[07/26/2026-16:07:41] [I] 
[07/26/2026-16:07:41] [I] === Inference Options ===
[07/26/2026-16:07:41] [I] Batch: Explicit
[07/26/2026-16:07:41] [I] Input inference shapes: model
[07/26/2026-16:07:41] [I] Iterations: 1000
[07/26/2026-16:07:41] [I] Duration: 3s (+ 2000ms warm up)
[07/26/2026-16:07:41] [I] Sleep time: 0ms
[07/26/2026-16:07:41] [I] Idle time: 0ms
[07/26/2026-16:07:41] [I] Inference Streams: 1
[07/26/2026-16:07:41] [I] ExposeDMA: Disabled
[07/26/2026-16:07:41] [I] Data transfers: Enabled
[07/26/2026-16:07:41] [I] Spin-wait: Disabled
[07/26/2026-16:07:41] [I] Multithreading: Disabled
[07/26/2026-16:07:41] [I] CUDA Graph: Disabled
[07/26/2026-16:07:41] [I] Separate profiling: Disabled
[07/26/2026-16:07:41] [I] Time Deserialize: Disabled
[07/26/2026-16:07:41] [I] Time Refit: Disabled
[07/26/2026-16:07:41] [I] NVTX verbosity: 0
[07/26/2026-16:07:41] [I] Persistent Cache Ratio: 0
[07/26/2026-16:07:41] [I] Optimization Profile Index: 0
[07/26/2026-16:07:41] [I] Weight Streaming Budget: 100.000000%
[07/26/2026-16:07:41] [I] Inputs:
[07/26/2026-16:07:41] [I] Debug Tensor Save Destinations:
[07/26/2026-16:07:41] [I] === Reporting Options ===
[07/26/2026-16:07:41] [I] Verbose: Disabled
[07/26/2026-16:07:41] [I] Averages: 100 inferences
[07/26/2026-16:07:41] [I] Percentiles: 90,95,99
[07/26/2026-16:07:41] [I] Dump refittable layers:Disabled
[07/26/2026-16:07:41] [I] Dump output: Disabled
[07/26/2026-16:07:41] [I] Profile: Disabled
[07/26/2026-16:07:41] [I] Export timing to JSON file: 
[07/26/2026-16:07:41] [I] Export output to JSON file: 
[07/26/2026-16:07:41] [I] Export profile to JSON file: 
[07/26/2026-16:07:41] [I] 
[07/26/2026-16:07:41] [I] === Device Information ===
[07/26/2026-16:07:41] [I] Available Devices: 
[07/26/2026-16:07:41] [I]   Device 0: "Orin" UUID: GPU-7a69094a-89cd-55a5-a5dc-a50bf7f8ee64
[07/26/2026-16:07:42] [I] Selected Device: Orin
[07/26/2026-16:07:42] [I] Selected Device ID: 0
[07/26/2026-16:07:42] [I] Selected Device UUID: GPU-7a69094a-89cd-55a5-a5dc-a50bf7f8ee64
[07/26/2026-16:07:42] [I] Compute Capability: 8.7
[07/26/2026-16:07:42] [I] SMs: 8
[07/26/2026-16:07:42] [I] Device Global Memory: 7619 MiB
[07/26/2026-16:07:42] [I] Shared Memory per SM: 164 KiB
[07/26/2026-16:07:42] [I] Memory Bus Width: 128 bits (ECC disabled)
[07/26/2026-16:07:42] [I] Application Compute Clock Rate: 1.02 GHz
[07/26/2026-16:07:42] [I] Application Memory Clock Rate: 1.02 GHz
[07/26/2026-16:07:42] [I] 
[07/26/2026-16:07:42] [I] Note: The application clock rates do not reflect the actual clock rates that the GPU is currently running at.
[07/26/2026-16:07:42] [I] 
[07/26/2026-16:07:42] [I] TensorRT version: 10.3.0
[07/26/2026-16:07:42] [I] Loading standard plugins
[07/26/2026-16:07:42] [I] [TRT] [MemUsageChange] Init CUDA: CPU +2, GPU +0, now: CPU 31, GPU 2977 (MiB)
[07/26/2026-16:07:44] [I] [TRT] [MemUsageChange] Init builder kernel library: CPU +928, GPU +1028, now: CPU 1002, GPU 4050 (MiB)
[07/26/2026-16:07:44] [I] Start parsing network model.
[07/26/2026-16:07:44] [I] [TRT] ----------------------------------------------------------------
[07/26/2026-16:07:44] [I] [TRT] Input filename:   /home/zain/models/resnet50.onnx
[07/26/2026-16:07:44] [I] [TRT] ONNX IR version:  0.0.10
[07/26/2026-16:07:44] [I] [TRT] Opset version:    18
[07/26/2026-16:07:44] [I] [TRT] Producer name:    pytorch
[07/26/2026-16:07:44] [I] [TRT] Producer version: 2.13.0+cpu
[07/26/2026-16:07:44] [I] [TRT] Domain:           
[07/26/2026-16:07:44] [I] [TRT] Model version:    0
[07/26/2026-16:07:44] [I] [TRT] Doc string:       
[07/26/2026-16:07:44] [I] [TRT] ----------------------------------------------------------------
[07/26/2026-16:07:44] [I] Finished parsing network model. Parse time: 0.0792593
[07/26/2026-16:07:44] [I] [TRT] Local timing cache in use. Profiling results in this builder pass will not be stored.
[07/26/2026-16:08:21] [I] [TRT] Detected 1 inputs and 1 output network tensors.
[07/26/2026-16:08:24] [I] [TRT] Total Host Persistent Memory: 353648
[07/26/2026-16:08:24] [I] [TRT] Total Device Persistent Memory: 0
[07/26/2026-16:08:24] [I] [TRT] Total Scratch Memory: 0
[07/26/2026-16:08:24] [I] [TRT] [BlockAssignment] Started assigning block shifts. This will take 57 steps to complete.
[07/26/2026-16:08:24] [I] [TRT] [BlockAssignment] Algorithm ShiftNTopDown took 0.860721ms to assign 4 blocks to 57 nodes requiring 8228864 bytes.
[07/26/2026-16:08:24] [I] [TRT] Total Activation Memory: 8228864
[07/26/2026-16:08:24] [I] [TRT] Total Weights Memory: 102152960
[07/26/2026-16:08:24] [I] [TRT] Engine generation completed in 40.028 seconds.
[07/26/2026-16:08:24] [I] [TRT] [MemUsageStats] Peak memory usage of TRT CPU/GPU memory allocators: CPU 9 MiB, GPU 192 MiB
[07/26/2026-16:08:24] [I] [TRT] [MemUsageStats] Peak memory usage during Engine building and serialization: CPU: 1884 MiB
[07/26/2026-16:08:24] [I] Engine built in 40.0884 sec.
[07/26/2026-16:08:24] [I] Created engine with size: 98.2098 MiB
[07/26/2026-16:08:24] [I] [TRT] Loaded engine size: 98 MiB
[07/26/2026-16:08:24] [I] Engine deserialized in 0.0528899 sec.
[07/26/2026-16:08:24] [I] [TRT] [MemUsageChange] TensorRT-managed allocation in IExecutionContext creation: CPU +0, GPU +8, now: CPU 0, GPU 105 (MiB)
[07/26/2026-16:08:24] [I] Setting persistentCacheLimit to 0 bytes.
[07/26/2026-16:08:24] [I] Created execution context with device memory size: 7.84766 MiB
[07/26/2026-16:08:24] [I] Using random values for input input
[07/26/2026-16:08:24] [I] Input binding for input with dimensions 1x3x224x224 is created.
[07/26/2026-16:08:24] [I] Output binding for output with dimensions 1x1000 is created.
[07/26/2026-16:08:24] [I] Starting inference
[07/26/2026-16:08:30] [I] Warmup completed 546 queries over 2000 ms
[07/26/2026-16:08:30] [I] Timing trace has 1000 queries over 3.66699 s
[07/26/2026-16:08:30] [I] 
[07/26/2026-16:08:30] [I] === Trace details ===
[07/26/2026-16:08:30] [I] Trace averages of 100 runs:
[07/26/2026-16:08:30] [I] Average on 100 runs - GPU latency: 3.66101 ms - Host latency: 3.70543 ms (enqueue 0.412502 ms)
[07/26/2026-16:08:30] [I] Average on 100 runs - GPU latency: 3.65923 ms - Host latency: 3.70396 ms (enqueue 0.412698 ms)
[07/26/2026-16:08:30] [I] Average on 100 runs - GPU latency: 3.66081 ms - Host latency: 3.70545 ms (enqueue 0.414277 ms)
[07/26/2026-16:08:30] [I] Average on 100 runs - GPU latency: 3.66125 ms - Host latency: 3.70531 ms (enqueue 0.415142 ms)
[07/26/2026-16:08:30] [I] Average on 100 runs - GPU latency: 3.66047 ms - Host latency: 3.70456 ms (enqueue 0.414023 ms)
[07/26/2026-16:08:30] [I] Average on 100 runs - GPU latency: 3.66029 ms - Host latency: 3.70468 ms (enqueue 0.415222 ms)
[07/26/2026-16:08:30] [I] Average on 100 runs - GPU latency: 3.66125 ms - Host latency: 3.70541 ms (enqueue 0.415127 ms)
[07/26/2026-16:08:30] [I] Average on 100 runs - GPU latency: 3.6599 ms - Host latency: 3.70353 ms (enqueue 0.416108 ms)
[07/26/2026-16:08:30] [I] Average on 100 runs - GPU latency: 3.66094 ms - Host latency: 3.70536 ms (enqueue 0.417114 ms)
[07/26/2026-16:08:30] [I] Average on 100 runs - GPU latency: 3.66039 ms - Host latency: 3.70488 ms (enqueue 0.413208 ms)
[07/26/2026-16:08:30] [I] 
[07/26/2026-16:08:30] [I] === Performance summary ===
[07/26/2026-16:08:30] [I] Throughput: 272.703 qps
[07/26/2026-16:08:30] [I] Latency: min = 3.68018 ms, max = 3.72925 ms, mean = 3.70486 ms, median = 3.70459 ms, percentile(90%) = 3.71436 ms, percentile(95%) = 3.71729 ms, percentile(99%) = 3.7229 ms
[07/26/2026-16:08:30] [I] Enqueue Time: min = 0.397217 ms, max = 0.567383 ms, mean = 0.414542 ms, median = 0.411621 ms, percentile(90%) = 0.426758 ms, percentile(95%) = 0.44165 ms, percentile(99%) = 0.459473 ms
[07/26/2026-16:08:30] [I] H2D Latency: min = 0.034668 ms, max = 0.0603027 ms, mean = 0.0386447 ms, median = 0.0385742 ms, percentile(90%) = 0.0407715 ms, percentile(95%) = 0.041748 ms, percentile(99%) = 0.0473633 ms
[07/26/2026-16:08:30] [I] GPU Compute Time: min = 3.6394 ms, max = 3.68115 ms, mean = 3.66055 ms, median = 3.66016 ms, percentile(90%) = 3.66992 ms, percentile(95%) = 3.67261 ms, percentile(99%) = 3.67676 ms
[07/26/2026-16:08:30] [I] D2H Latency: min = 0.00341797 ms, max = 0.00732422 ms, mean = 0.00565784 ms, median = 0.00561523 ms, percentile(90%) = 0.00634766 ms, percentile(95%) = 0.00683594 ms, percentile(99%) = 0.00708008 ms
[07/26/2026-16:08:30] [I] Total Host Walltime: 3.66699 s
[07/26/2026-16:08:30] [I] Total GPU Compute Time: 3.66055 s
[07/26/2026-16:08:30] [I] Explanations of the performance metrics are printed in the verbose logs.
[07/26/2026-16:08:30] [I] 
&&&& PASSED TensorRT.trtexec [TensorRT v100300] # /usr/src/tensorrt/bin/trtexec --onnx=/home/zain/models/resnet50.onnx --iterations=1000 --avgRuns=100 --warmUp=2000
