&&&& RUNNING TensorRT.trtexec [TensorRT v100300] # /usr/src/tensorrt/bin/trtexec --onnx=/home/zain/models/resnet50.onnx --int8 --iterations=1000 --avgRuns=100 --warmUp=2000
[07/26/2026-21:22:45] [I] === Model Options ===
[07/26/2026-21:22:45] [I] Format: ONNX
[07/26/2026-21:22:45] [I] Model: /home/zain/models/resnet50.onnx
[07/26/2026-21:22:45] [I] Output:
[07/26/2026-21:22:45] [I] === Build Options ===
[07/26/2026-21:22:45] [I] Memory Pools: workspace: default, dlaSRAM: default, dlaLocalDRAM: default, dlaGlobalDRAM: default, tacticSharedMem: default
[07/26/2026-21:22:45] [I] avgTiming: 8
[07/26/2026-21:22:45] [I] Precision: FP32+INT8
[07/26/2026-21:22:45] [I] LayerPrecisions: 
[07/26/2026-21:22:45] [I] Layer Device Types: 
[07/26/2026-21:22:45] [I] Calibration: Dynamic
[07/26/2026-21:22:45] [I] Refit: Disabled
[07/26/2026-21:22:45] [I] Strip weights: Disabled
[07/26/2026-21:22:45] [I] Version Compatible: Disabled
[07/26/2026-21:22:45] [I] ONNX Plugin InstanceNorm: Disabled
[07/26/2026-21:22:45] [I] TensorRT runtime: full
[07/26/2026-21:22:45] [I] Lean DLL Path: 
[07/26/2026-21:22:45] [I] Tempfile Controls: { in_memory: allow, temporary: allow }
[07/26/2026-21:22:45] [I] Exclude Lean Runtime: Disabled
[07/26/2026-21:22:45] [I] Sparsity: Disabled
[07/26/2026-21:22:45] [I] Safe mode: Disabled
[07/26/2026-21:22:45] [I] Build DLA standalone loadable: Disabled
[07/26/2026-21:22:45] [I] Allow GPU fallback for DLA: Disabled
[07/26/2026-21:22:45] [I] DirectIO mode: Disabled
[07/26/2026-21:22:45] [I] Restricted mode: Disabled
[07/26/2026-21:22:45] [I] Skip inference: Disabled
[07/26/2026-21:22:45] [I] Save engine: 
[07/26/2026-21:22:45] [I] Load engine: 
[07/26/2026-21:22:45] [I] Profiling verbosity: 0
[07/26/2026-21:22:45] [I] Tactic sources: Using default tactic sources
[07/26/2026-21:22:45] [I] timingCacheMode: local
[07/26/2026-21:22:45] [I] timingCacheFile: 
[07/26/2026-21:22:45] [I] Enable Compilation Cache: Enabled
[07/26/2026-21:22:45] [I] errorOnTimingCacheMiss: Disabled
[07/26/2026-21:22:45] [I] Preview Features: Use default preview flags.
[07/26/2026-21:22:45] [I] MaxAuxStreams: -1
[07/26/2026-21:22:45] [I] BuilderOptimizationLevel: -1
[07/26/2026-21:22:45] [I] Calibration Profile Index: 0
[07/26/2026-21:22:45] [I] Weight Streaming: Disabled
[07/26/2026-21:22:45] [I] Runtime Platform: Same As Build
[07/26/2026-21:22:45] [I] Debug Tensors: 
[07/26/2026-21:22:45] [I] Input(s)s format: fp32:CHW
[07/26/2026-21:22:45] [I] Output(s)s format: fp32:CHW
[07/26/2026-21:22:45] [I] Input build shapes: model
[07/26/2026-21:22:45] [I] Input calibration shapes: model
[07/26/2026-21:22:45] [I] === System Options ===
[07/26/2026-21:22:45] [I] Device: 0
[07/26/2026-21:22:45] [I] DLACore: 
[07/26/2026-21:22:45] [I] Plugins:
[07/26/2026-21:22:45] [I] setPluginsToSerialize:
[07/26/2026-21:22:45] [I] dynamicPlugins:
[07/26/2026-21:22:45] [I] ignoreParsedPluginLibs: 0
[07/26/2026-21:22:45] [I] 
[07/26/2026-21:22:45] [I] === Inference Options ===
[07/26/2026-21:22:45] [I] Batch: Explicit
[07/26/2026-21:22:45] [I] Input inference shapes: model
[07/26/2026-21:22:45] [I] Iterations: 1000
[07/26/2026-21:22:45] [I] Duration: 3s (+ 2000ms warm up)
[07/26/2026-21:22:45] [I] Sleep time: 0ms
[07/26/2026-21:22:45] [I] Idle time: 0ms
[07/26/2026-21:22:45] [I] Inference Streams: 1
[07/26/2026-21:22:45] [I] ExposeDMA: Disabled
[07/26/2026-21:22:45] [I] Data transfers: Enabled
[07/26/2026-21:22:45] [I] Spin-wait: Disabled
[07/26/2026-21:22:45] [I] Multithreading: Disabled
[07/26/2026-21:22:45] [I] CUDA Graph: Disabled
[07/26/2026-21:22:45] [I] Separate profiling: Disabled
[07/26/2026-21:22:45] [I] Time Deserialize: Disabled
[07/26/2026-21:22:45] [I] Time Refit: Disabled
[07/26/2026-21:22:45] [I] NVTX verbosity: 0
[07/26/2026-21:22:45] [I] Persistent Cache Ratio: 0
[07/26/2026-21:22:45] [I] Optimization Profile Index: 0
[07/26/2026-21:22:45] [I] Weight Streaming Budget: 100.000000%
[07/26/2026-21:22:45] [I] Inputs:
[07/26/2026-21:22:45] [I] Debug Tensor Save Destinations:
[07/26/2026-21:22:45] [I] === Reporting Options ===
[07/26/2026-21:22:45] [I] Verbose: Disabled
[07/26/2026-21:22:45] [I] Averages: 100 inferences
[07/26/2026-21:22:45] [I] Percentiles: 90,95,99
[07/26/2026-21:22:45] [I] Dump refittable layers:Disabled
[07/26/2026-21:22:45] [I] Dump output: Disabled
[07/26/2026-21:22:45] [I] Profile: Disabled
[07/26/2026-21:22:45] [I] Export timing to JSON file: 
[07/26/2026-21:22:45] [I] Export output to JSON file: 
[07/26/2026-21:22:45] [I] Export profile to JSON file: 
[07/26/2026-21:22:45] [I] 
[07/26/2026-21:22:45] [I] === Device Information ===
[07/26/2026-21:22:45] [I] Available Devices: 
[07/26/2026-21:22:45] [I]   Device 0: "Orin" UUID: GPU-7a69094a-89cd-55a5-a5dc-a50bf7f8ee64
[07/26/2026-21:22:45] [I] Selected Device: Orin
[07/26/2026-21:22:45] [I] Selected Device ID: 0
[07/26/2026-21:22:45] [I] Selected Device UUID: GPU-7a69094a-89cd-55a5-a5dc-a50bf7f8ee64
[07/26/2026-21:22:45] [I] Compute Capability: 8.7
[07/26/2026-21:22:45] [I] SMs: 4
[07/26/2026-21:22:45] [I] Device Global Memory: 7619 MiB
[07/26/2026-21:22:45] [I] Shared Memory per SM: 164 KiB
[07/26/2026-21:22:45] [I] Memory Bus Width: 128 bits (ECC disabled)
[07/26/2026-21:22:45] [I] Application Compute Clock Rate: 1.02 GHz
[07/26/2026-21:22:45] [I] Application Memory Clock Rate: 0.408 GHz
[07/26/2026-21:22:45] [I] 
[07/26/2026-21:22:45] [I] Note: The application clock rates do not reflect the actual clock rates that the GPU is currently running at.
[07/26/2026-21:22:45] [I] 
[07/26/2026-21:22:45] [I] TensorRT version: 10.3.0
[07/26/2026-21:22:45] [I] Loading standard plugins
[07/26/2026-21:22:45] [I] [TRT] [MemUsageChange] Init CUDA: CPU +2, GPU +0, now: CPU 31, GPU 2576 (MiB)
[07/26/2026-21:22:48] [I] [TRT] [MemUsageChange] Init builder kernel library: CPU +928, GPU +1093, now: CPU 1002, GPU 3714 (MiB)
[07/26/2026-21:22:48] [I] Start parsing network model.
[07/26/2026-21:22:48] [I] [TRT] ----------------------------------------------------------------
[07/26/2026-21:22:48] [I] [TRT] Input filename:   /home/zain/models/resnet50.onnx
[07/26/2026-21:22:48] [I] [TRT] ONNX IR version:  0.0.10
[07/26/2026-21:22:48] [I] [TRT] Opset version:    18
[07/26/2026-21:22:48] [I] [TRT] Producer name:    pytorch
[07/26/2026-21:22:48] [I] [TRT] Producer version: 2.13.0+cpu
[07/26/2026-21:22:48] [I] [TRT] Domain:           
[07/26/2026-21:22:48] [I] [TRT] Model version:    0
[07/26/2026-21:22:48] [I] [TRT] Doc string:       
[07/26/2026-21:22:48] [I] [TRT] ----------------------------------------------------------------
[07/26/2026-21:22:49] [I] Finished parsing network model. Parse time: 0.12456
[07/26/2026-21:22:49] [I] FP32 and INT8 precisions have been specified - more performance might be enabled by additionally specifying --fp16 or --best
[07/26/2026-21:22:49] [W] [TRT] Calibrator is not being used. Users must provide dynamic range for all tensors that are not Int32 or Bool.
[07/26/2026-21:22:49] [I] [TRT] Local timing cache in use. Profiling results in this builder pass will not be stored.
[07/26/2026-21:24:49] [I] [TRT] Detected 1 inputs and 1 output network tensors.
[07/26/2026-21:25:04] [I] [TRT] Total Host Persistent Memory: 258384
[07/26/2026-21:25:04] [I] [TRT] Total Device Persistent Memory: 22528
[07/26/2026-21:25:04] [I] [TRT] Total Scratch Memory: 0
[07/26/2026-21:25:04] [I] [TRT] [BlockAssignment] Started assigning block shifts. This will take 57 steps to complete.
[07/26/2026-21:25:04] [I] [TRT] [BlockAssignment] Algorithm ShiftNTopDown took 1.73025ms to assign 3 blocks to 57 nodes requiring 1806336 bytes.
[07/26/2026-21:25:04] [I] [TRT] Total Activation Memory: 1806336
[07/26/2026-21:25:04] [I] [TRT] Total Weights Memory: 25803268
[07/26/2026-21:25:04] [I] [TRT] Engine generation completed in 134.947 seconds.
[07/26/2026-21:25:04] [I] [TRT] [MemUsageStats] Peak memory usage of TRT CPU/GPU memory allocators: CPU 2 MiB, GPU 63 MiB
[07/26/2026-21:25:04] [I] [TRT] [MemUsageStats] Peak memory usage during Engine building and serialization: CPU: 1808 MiB
[07/26/2026-21:25:04] [I] Engine built in 135.179 sec.
[07/26/2026-21:25:04] [I] Created engine with size: 25.3369 MiB
[07/26/2026-21:25:04] [I] [TRT] Loaded engine size: 25 MiB
[07/26/2026-21:25:04] [I] Engine deserialized in 0.0465413 sec.
[07/26/2026-21:25:04] [I] [TRT] [MemUsageChange] TensorRT-managed allocation in IExecutionContext creation: CPU +0, GPU +2, now: CPU 0, GPU 26 (MiB)
[07/26/2026-21:25:04] [I] Setting persistentCacheLimit to 0 bytes.
[07/26/2026-21:25:04] [I] Created execution context with device memory size: 1.72266 MiB
[07/26/2026-21:25:04] [I] Using random values for input input
[07/26/2026-21:25:04] [I] Input binding for input with dimensions 1x3x224x224 is created.
[07/26/2026-21:25:04] [I] Output binding for output with dimensions 1x1000 is created.
[07/26/2026-21:25:04] [I] Starting inference
[07/26/2026-21:25:10] [I] Warmup completed 539 queries over 2000 ms
[07/26/2026-21:25:10] [I] Timing trace has 1000 queries over 3.71999 s
[07/26/2026-21:25:10] [I] 
[07/26/2026-21:25:10] [I] === Trace details ===
[07/26/2026-21:25:10] [I] Trace averages of 100 runs:
[07/26/2026-21:25:10] [I] Average on 100 runs - GPU latency: 3.71122 ms - Host latency: 3.79572 ms (enqueue 0.643453 ms)
[07/26/2026-21:25:10] [I] Average on 100 runs - GPU latency: 3.71096 ms - Host latency: 3.79551 ms (enqueue 0.649543 ms)
[07/26/2026-21:25:10] [I] Average on 100 runs - GPU latency: 3.71098 ms - Host latency: 3.79523 ms (enqueue 0.642009 ms)
[07/26/2026-21:25:10] [I] Average on 100 runs - GPU latency: 3.71126 ms - Host latency: 3.79646 ms (enqueue 0.643708 ms)
[07/26/2026-21:25:10] [I] Average on 100 runs - GPU latency: 3.71167 ms - Host latency: 3.7966 ms (enqueue 0.640933 ms)
[07/26/2026-21:25:10] [I] Average on 100 runs - GPU latency: 3.71185 ms - Host latency: 3.79665 ms (enqueue 0.642876 ms)
[07/26/2026-21:25:10] [I] Average on 100 runs - GPU latency: 3.71182 ms - Host latency: 3.79695 ms (enqueue 0.642021 ms)
[07/26/2026-21:25:10] [I] Average on 100 runs - GPU latency: 3.71094 ms - Host latency: 3.79549 ms (enqueue 0.643794 ms)
[07/26/2026-21:25:10] [I] Average on 100 runs - GPU latency: 3.71094 ms - Host latency: 3.79614 ms (enqueue 0.649741 ms)
[07/26/2026-21:25:10] [I] Average on 100 runs - GPU latency: 3.71148 ms - Host latency: 3.79636 ms (enqueue 0.646616 ms)
[07/26/2026-21:25:10] [I] 
[07/26/2026-21:25:10] [I] === Performance summary ===
[07/26/2026-21:25:10] [I] Throughput: 268.818 qps
[07/26/2026-21:25:10] [I] Latency: min = 3.78516 ms, max = 3.83228 ms, mean = 3.79611 ms, median = 3.79559 ms, percentile(90%) = 3.80176 ms, percentile(95%) = 3.8042 ms, percentile(99%) = 3.81055 ms
[07/26/2026-21:25:10] [I] Enqueue Time: min = 0.616455 ms, max = 0.885742 ms, mean = 0.64447 ms, median = 0.634033 ms, percentile(90%) = 0.688965 ms, percentile(95%) = 0.703125 ms, percentile(99%) = 0.769775 ms
[07/26/2026-21:25:10] [I] H2D Latency: min = 0.0703125 ms, max = 0.111084 ms, mean = 0.0741939 ms, median = 0.072998 ms, percentile(90%) = 0.0776367 ms, percentile(95%) = 0.079834 ms, percentile(99%) = 0.0869141 ms
[07/26/2026-21:25:10] [I] GPU Compute Time: min = 3.70117 ms, max = 3.72021 ms, mean = 3.71131 ms, median = 3.71143 ms, percentile(90%) = 3.71533 ms, percentile(95%) = 3.71631 ms, percentile(99%) = 3.71875 ms
[07/26/2026-21:25:10] [I] D2H Latency: min = 0.00830078 ms, max = 0.0136719 ms, mean = 0.0106052 ms, median = 0.0107422 ms, percentile(90%) = 0.0119629 ms, percentile(95%) = 0.0124512 ms, percentile(99%) = 0.0131836 ms
[07/26/2026-21:25:10] [I] Total Host Walltime: 3.71999 s
[07/26/2026-21:25:10] [I] Total GPU Compute Time: 3.71131 s
[07/26/2026-21:25:10] [I] Explanations of the performance metrics are printed in the verbose logs.
[07/26/2026-21:25:10] [I] 
&&&& PASSED TensorRT.trtexec [TensorRT v100300] # /usr/src/tensorrt/bin/trtexec --onnx=/home/zain/models/resnet50.onnx --int8 --iterations=1000 --avgRuns=100 --warmUp=2000
