&&&& RUNNING TensorRT.trtexec [TensorRT v100300] # /usr/src/tensorrt/bin/trtexec --onnx=/home/zain/models/resnet50.onnx --int8 --iterations=1000 --avgRuns=100 --warmUp=2000
[07/26/2026-16:24:45] [I] === Model Options ===
[07/26/2026-16:24:45] [I] Format: ONNX
[07/26/2026-16:24:45] [I] Model: /home/zain/models/resnet50.onnx
[07/26/2026-16:24:45] [I] Output:
[07/26/2026-16:24:45] [I] === Build Options ===
[07/26/2026-16:24:45] [I] Memory Pools: workspace: default, dlaSRAM: default, dlaLocalDRAM: default, dlaGlobalDRAM: default, tacticSharedMem: default
[07/26/2026-16:24:45] [I] avgTiming: 8
[07/26/2026-16:24:45] [I] Precision: FP32+INT8
[07/26/2026-16:24:45] [I] LayerPrecisions: 
[07/26/2026-16:24:45] [I] Layer Device Types: 
[07/26/2026-16:24:45] [I] Calibration: Dynamic
[07/26/2026-16:24:45] [I] Refit: Disabled
[07/26/2026-16:24:45] [I] Strip weights: Disabled
[07/26/2026-16:24:45] [I] Version Compatible: Disabled
[07/26/2026-16:24:45] [I] ONNX Plugin InstanceNorm: Disabled
[07/26/2026-16:24:45] [I] TensorRT runtime: full
[07/26/2026-16:24:45] [I] Lean DLL Path: 
[07/26/2026-16:24:45] [I] Tempfile Controls: { in_memory: allow, temporary: allow }
[07/26/2026-16:24:45] [I] Exclude Lean Runtime: Disabled
[07/26/2026-16:24:45] [I] Sparsity: Disabled
[07/26/2026-16:24:45] [I] Safe mode: Disabled
[07/26/2026-16:24:45] [I] Build DLA standalone loadable: Disabled
[07/26/2026-16:24:45] [I] Allow GPU fallback for DLA: Disabled
[07/26/2026-16:24:45] [I] DirectIO mode: Disabled
[07/26/2026-16:24:45] [I] Restricted mode: Disabled
[07/26/2026-16:24:45] [I] Skip inference: Disabled
[07/26/2026-16:24:45] [I] Save engine: 
[07/26/2026-16:24:45] [I] Load engine: 
[07/26/2026-16:24:45] [I] Profiling verbosity: 0
[07/26/2026-16:24:45] [I] Tactic sources: Using default tactic sources
[07/26/2026-16:24:45] [I] timingCacheMode: local
[07/26/2026-16:24:45] [I] timingCacheFile: 
[07/26/2026-16:24:45] [I] Enable Compilation Cache: Enabled
[07/26/2026-16:24:45] [I] errorOnTimingCacheMiss: Disabled
[07/26/2026-16:24:45] [I] Preview Features: Use default preview flags.
[07/26/2026-16:24:45] [I] MaxAuxStreams: -1
[07/26/2026-16:24:45] [I] BuilderOptimizationLevel: -1
[07/26/2026-16:24:45] [I] Calibration Profile Index: 0
[07/26/2026-16:24:45] [I] Weight Streaming: Disabled
[07/26/2026-16:24:45] [I] Runtime Platform: Same As Build
[07/26/2026-16:24:45] [I] Debug Tensors: 
[07/26/2026-16:24:45] [I] Input(s)s format: fp32:CHW
[07/26/2026-16:24:45] [I] Output(s)s format: fp32:CHW
[07/26/2026-16:24:45] [I] Input build shapes: model
[07/26/2026-16:24:45] [I] Input calibration shapes: model
[07/26/2026-16:24:45] [I] === System Options ===
[07/26/2026-16:24:45] [I] Device: 0
[07/26/2026-16:24:45] [I] DLACore: 
[07/26/2026-16:24:45] [I] Plugins:
[07/26/2026-16:24:45] [I] setPluginsToSerialize:
[07/26/2026-16:24:45] [I] dynamicPlugins:
[07/26/2026-16:24:45] [I] ignoreParsedPluginLibs: 0
[07/26/2026-16:24:45] [I] 
[07/26/2026-16:24:45] [I] === Inference Options ===
[07/26/2026-16:24:45] [I] Batch: Explicit
[07/26/2026-16:24:45] [I] Input inference shapes: model
[07/26/2026-16:24:45] [I] Iterations: 1000
[07/26/2026-16:24:45] [I] Duration: 3s (+ 2000ms warm up)
[07/26/2026-16:24:45] [I] Sleep time: 0ms
[07/26/2026-16:24:45] [I] Idle time: 0ms
[07/26/2026-16:24:45] [I] Inference Streams: 1
[07/26/2026-16:24:45] [I] ExposeDMA: Disabled
[07/26/2026-16:24:45] [I] Data transfers: Enabled
[07/26/2026-16:24:45] [I] Spin-wait: Disabled
[07/26/2026-16:24:45] [I] Multithreading: Disabled
[07/26/2026-16:24:45] [I] CUDA Graph: Disabled
[07/26/2026-16:24:45] [I] Separate profiling: Disabled
[07/26/2026-16:24:45] [I] Time Deserialize: Disabled
[07/26/2026-16:24:45] [I] Time Refit: Disabled
[07/26/2026-16:24:45] [I] NVTX verbosity: 0
[07/26/2026-16:24:45] [I] Persistent Cache Ratio: 0
[07/26/2026-16:24:45] [I] Optimization Profile Index: 0
[07/26/2026-16:24:45] [I] Weight Streaming Budget: 100.000000%
[07/26/2026-16:24:45] [I] Inputs:
[07/26/2026-16:24:45] [I] Debug Tensor Save Destinations:
[07/26/2026-16:24:45] [I] === Reporting Options ===
[07/26/2026-16:24:45] [I] Verbose: Disabled
[07/26/2026-16:24:45] [I] Averages: 100 inferences
[07/26/2026-16:24:45] [I] Percentiles: 90,95,99
[07/26/2026-16:24:45] [I] Dump refittable layers:Disabled
[07/26/2026-16:24:45] [I] Dump output: Disabled
[07/26/2026-16:24:45] [I] Profile: Disabled
[07/26/2026-16:24:45] [I] Export timing to JSON file: 
[07/26/2026-16:24:45] [I] Export output to JSON file: 
[07/26/2026-16:24:45] [I] Export profile to JSON file: 
[07/26/2026-16:24:45] [I] 
[07/26/2026-16:24:45] [I] === Device Information ===
[07/26/2026-16:24:45] [I] Available Devices: 
[07/26/2026-16:24:45] [I]   Device 0: "Orin" UUID: GPU-7a69094a-89cd-55a5-a5dc-a50bf7f8ee64
[07/26/2026-16:24:45] [I] Selected Device: Orin
[07/26/2026-16:24:45] [I] Selected Device ID: 0
[07/26/2026-16:24:45] [I] Selected Device UUID: GPU-7a69094a-89cd-55a5-a5dc-a50bf7f8ee64
[07/26/2026-16:24:45] [I] Compute Capability: 8.7
[07/26/2026-16:24:45] [I] SMs: 8
[07/26/2026-16:24:45] [I] Device Global Memory: 7619 MiB
[07/26/2026-16:24:45] [I] Shared Memory per SM: 164 KiB
[07/26/2026-16:24:45] [I] Memory Bus Width: 128 bits (ECC disabled)
[07/26/2026-16:24:45] [I] Application Compute Clock Rate: 1.02 GHz
[07/26/2026-16:24:45] [I] Application Memory Clock Rate: 1.02 GHz
[07/26/2026-16:24:45] [I] 
[07/26/2026-16:24:45] [I] Note: The application clock rates do not reflect the actual clock rates that the GPU is currently running at.
[07/26/2026-16:24:45] [I] 
[07/26/2026-16:24:45] [I] TensorRT version: 10.3.0
[07/26/2026-16:24:45] [I] Loading standard plugins
[07/26/2026-16:24:45] [I] [TRT] [MemUsageChange] Init CUDA: CPU +2, GPU +0, now: CPU 31, GPU 2980 (MiB)
[07/26/2026-16:24:47] [I] [TRT] [MemUsageChange] Init builder kernel library: CPU +928, GPU +1045, now: CPU 1002, GPU 4070 (MiB)
[07/26/2026-16:24:47] [I] Start parsing network model.
[07/26/2026-16:24:47] [I] [TRT] ----------------------------------------------------------------
[07/26/2026-16:24:47] [I] [TRT] Input filename:   /home/zain/models/resnet50.onnx
[07/26/2026-16:24:47] [I] [TRT] ONNX IR version:  0.0.10
[07/26/2026-16:24:47] [I] [TRT] Opset version:    18
[07/26/2026-16:24:47] [I] [TRT] Producer name:    pytorch
[07/26/2026-16:24:47] [I] [TRT] Producer version: 2.13.0+cpu
[07/26/2026-16:24:47] [I] [TRT] Domain:           
[07/26/2026-16:24:47] [I] [TRT] Model version:    0
[07/26/2026-16:24:47] [I] [TRT] Doc string:       
[07/26/2026-16:24:47] [I] [TRT] ----------------------------------------------------------------
[07/26/2026-16:24:47] [I] Finished parsing network model. Parse time: 0.0778782
[07/26/2026-16:24:47] [I] FP32 and INT8 precisions have been specified - more performance might be enabled by additionally specifying --fp16 or --best
[07/26/2026-16:24:47] [W] [TRT] Calibrator is not being used. Users must provide dynamic range for all tensors that are not Int32 or Bool.
[07/26/2026-16:24:47] [I] [TRT] Local timing cache in use. Profiling results in this builder pass will not be stored.
[07/26/2026-16:25:55] [I] [TRT] Detected 1 inputs and 1 output network tensors.
[07/26/2026-16:26:02] [I] [TRT] Total Host Persistent Memory: 265680
[07/26/2026-16:26:02] [I] [TRT] Total Device Persistent Memory: 22528
[07/26/2026-16:26:02] [I] [TRT] Total Scratch Memory: 0
[07/26/2026-16:26:02] [I] [TRT] [BlockAssignment] Started assigning block shifts. This will take 57 steps to complete.
[07/26/2026-16:26:02] [I] [TRT] [BlockAssignment] Algorithm ShiftNTopDown took 0.970983ms to assign 3 blocks to 57 nodes requiring 1806336 bytes.
[07/26/2026-16:26:02] [I] [TRT] Total Activation Memory: 1806336
[07/26/2026-16:26:02] [I] [TRT] Total Weights Memory: 25802756
[07/26/2026-16:26:02] [I] [TRT] Engine generation completed in 75.484 seconds.
[07/26/2026-16:26:02] [I] [TRT] [MemUsageStats] Peak memory usage of TRT CPU/GPU memory allocators: CPU 2 MiB, GPU 63 MiB
[07/26/2026-16:26:03] [I] [TRT] [MemUsageStats] Peak memory usage during Engine building and serialization: CPU: 1879 MiB
[07/26/2026-16:26:03] [I] Engine built in 75.6309 sec.
[07/26/2026-16:26:03] [I] Created engine with size: 25.3164 MiB
[07/26/2026-16:26:03] [I] [TRT] Loaded engine size: 25 MiB
[07/26/2026-16:26:03] [I] Engine deserialized in 0.0278221 sec.
[07/26/2026-16:26:03] [I] [TRT] [MemUsageChange] TensorRT-managed allocation in IExecutionContext creation: CPU +0, GPU +2, now: CPU 0, GPU 26 (MiB)
[07/26/2026-16:26:03] [I] Setting persistentCacheLimit to 0 bytes.
[07/26/2026-16:26:03] [I] Created execution context with device memory size: 1.72266 MiB
[07/26/2026-16:26:03] [I] Using random values for input input
[07/26/2026-16:26:03] [I] Input binding for input with dimensions 1x3x224x224 is created.
[07/26/2026-16:26:03] [I] Output binding for output with dimensions 1x1000 is created.
[07/26/2026-16:26:03] [I] Starting inference
[07/26/2026-16:26:08] [I] Warmup completed 1696 queries over 2000 ms
[07/26/2026-16:26:08] [I] Timing trace has 2547 queries over 3.00433 s
[07/26/2026-16:26:08] [I] 
[07/26/2026-16:26:08] [I] === Trace details ===
[07/26/2026-16:26:08] [I] Trace averages of 100 runs:
[07/26/2026-16:26:08] [I] Average on 100 runs - GPU latency: 1.17635 ms - Host latency: 1.21727 ms (enqueue 0.35377 ms)
[07/26/2026-16:26:08] [I] Average on 100 runs - GPU latency: 1.17604 ms - Host latency: 1.21675 ms (enqueue 0.355247 ms)
[07/26/2026-16:26:08] [I] Average on 100 runs - GPU latency: 1.17655 ms - Host latency: 1.21802 ms (enqueue 0.355786 ms)
[07/26/2026-16:26:08] [I] Average on 100 runs - GPU latency: 1.17669 ms - Host latency: 1.21814 ms (enqueue 0.355395 ms)
[07/26/2026-16:26:08] [I] Average on 100 runs - GPU latency: 1.17638 ms - Host latency: 1.21766 ms (enqueue 0.355771 ms)
[07/26/2026-16:26:08] [I] Average on 100 runs - GPU latency: 1.17615 ms - Host latency: 1.21759 ms (enqueue 0.356384 ms)
[07/26/2026-16:26:08] [I] Average on 100 runs - GPU latency: 1.17656 ms - Host latency: 1.21796 ms (enqueue 0.35832 ms)
[07/26/2026-16:26:08] [I] Average on 100 runs - GPU latency: 1.17635 ms - Host latency: 1.218 ms (enqueue 0.360295 ms)
[07/26/2026-16:26:08] [I] Average on 100 runs - GPU latency: 1.17594 ms - Host latency: 1.21775 ms (enqueue 0.35895 ms)
[07/26/2026-16:26:08] [I] Average on 100 runs - GPU latency: 1.17623 ms - Host latency: 1.2181 ms (enqueue 0.360137 ms)
[07/26/2026-16:26:08] [I] Average on 100 runs - GPU latency: 1.17621 ms - Host latency: 1.21785 ms (enqueue 0.357161 ms)
[07/26/2026-16:26:08] [I] Average on 100 runs - GPU latency: 1.17663 ms - Host latency: 1.21823 ms (enqueue 0.358762 ms)
[07/26/2026-16:26:08] [I] Average on 100 runs - GPU latency: 1.17687 ms - Host latency: 1.21878 ms (enqueue 0.358335 ms)
[07/26/2026-16:26:08] [I] Average on 100 runs - GPU latency: 1.17678 ms - Host latency: 1.21782 ms (enqueue 0.356792 ms)
[07/26/2026-16:26:08] [I] Average on 100 runs - GPU latency: 1.17679 ms - Host latency: 1.218 ms (enqueue 0.355088 ms)
[07/26/2026-16:26:08] [I] Average on 100 runs - GPU latency: 1.17668 ms - Host latency: 1.21796 ms (enqueue 0.356628 ms)
[07/26/2026-16:26:08] [I] Average on 100 runs - GPU latency: 1.17637 ms - Host latency: 1.21782 ms (enqueue 0.357075 ms)
[07/26/2026-16:26:08] [I] Average on 100 runs - GPU latency: 1.17676 ms - Host latency: 1.21838 ms (enqueue 0.358633 ms)
[07/26/2026-16:26:08] [I] Average on 100 runs - GPU latency: 1.17649 ms - Host latency: 1.21879 ms (enqueue 0.359463 ms)
[07/26/2026-16:26:08] [I] Average on 100 runs - GPU latency: 1.17677 ms - Host latency: 1.21876 ms (enqueue 0.358755 ms)
[07/26/2026-16:26:08] [I] Average on 100 runs - GPU latency: 1.17688 ms - Host latency: 1.21871 ms (enqueue 0.357295 ms)
[07/26/2026-16:26:08] [I] Average on 100 runs - GPU latency: 1.17627 ms - Host latency: 1.21798 ms (enqueue 0.35646 ms)
[07/26/2026-16:26:08] [I] Average on 100 runs - GPU latency: 1.17645 ms - Host latency: 1.21812 ms (enqueue 0.35833 ms)
[07/26/2026-16:26:08] [I] Average on 100 runs - GPU latency: 1.17655 ms - Host latency: 1.21819 ms (enqueue 0.356216 ms)
[07/26/2026-16:26:08] [I] Average on 100 runs - GPU latency: 1.17613 ms - Host latency: 1.21812 ms (enqueue 0.357285 ms)
[07/26/2026-16:26:08] [I] 
[07/26/2026-16:26:08] [I] === Performance summary ===
[07/26/2026-16:26:08] [I] Throughput: 847.775 qps
[07/26/2026-16:26:08] [I] Latency: min = 1.21069 ms, max = 1.24072 ms, mean = 1.21804 ms, median = 1.21777 ms, percentile(90%) = 1.22144 ms, percentile(95%) = 1.22266 ms, percentile(99%) = 1.22559 ms
[07/26/2026-16:26:08] [I] Enqueue Time: min = 0.344482 ms, max = 0.485107 ms, mean = 0.357246 ms, median = 0.354492 ms, percentile(90%) = 0.364746 ms, percentile(95%) = 0.380859 ms, percentile(99%) = 0.395752 ms
[07/26/2026-16:26:08] [I] H2D Latency: min = 0.0322266 ms, max = 0.0561523 ms, mean = 0.0349486 ms, median = 0.0344238 ms, percentile(90%) = 0.0371094 ms, percentile(95%) = 0.0378418 ms, percentile(99%) = 0.0412598 ms
[07/26/2026-16:26:08] [I] GPU Compute Time: min = 1.16992 ms, max = 1.18384 ms, mean = 1.17648 ms, median = 1.17651 ms, percentile(90%) = 1.17896 ms, percentile(95%) = 1.17969 ms, percentile(99%) = 1.18115 ms
[07/26/2026-16:26:08] [I] D2H Latency: min = 0.00341797 ms, max = 0.00927734 ms, mean = 0.00661217 ms, median = 0.0065918 ms, percentile(90%) = 0.0078125 ms, percentile(95%) = 0.00805664 ms, percentile(99%) = 0.00854492 ms
[07/26/2026-16:26:08] [I] Total Host Walltime: 3.00433 s
[07/26/2026-16:26:08] [I] Total GPU Compute Time: 2.99649 s
[07/26/2026-16:26:08] [I] Explanations of the performance metrics are printed in the verbose logs.
[07/26/2026-16:26:08] [I] 
&&&& PASSED TensorRT.trtexec [TensorRT v100300] # /usr/src/tensorrt/bin/trtexec --onnx=/home/zain/models/resnet50.onnx --int8 --iterations=1000 --avgRuns=100 --warmUp=2000
