&&&& RUNNING TensorRT.trtexec [TensorRT v100300] # /usr/src/tensorrt/bin/trtexec --onnx=/home/zain/models/resnet18.onnx --iterations=1000 --avgRuns=100 --warmUp=2000
[07/26/2026-15:55:08] [I] === Model Options ===
[07/26/2026-15:55:08] [I] Format: ONNX
[07/26/2026-15:55:08] [I] Model: /home/zain/models/resnet18.onnx
[07/26/2026-15:55:08] [I] Output:
[07/26/2026-15:55:08] [I] === Build Options ===
[07/26/2026-15:55:08] [I] Memory Pools: workspace: default, dlaSRAM: default, dlaLocalDRAM: default, dlaGlobalDRAM: default, tacticSharedMem: default
[07/26/2026-15:55:08] [I] avgTiming: 8
[07/26/2026-15:55:08] [I] Precision: FP32
[07/26/2026-15:55:08] [I] LayerPrecisions: 
[07/26/2026-15:55:08] [I] Layer Device Types: 
[07/26/2026-15:55:08] [I] Calibration: 
[07/26/2026-15:55:08] [I] Refit: Disabled
[07/26/2026-15:55:08] [I] Strip weights: Disabled
[07/26/2026-15:55:08] [I] Version Compatible: Disabled
[07/26/2026-15:55:08] [I] ONNX Plugin InstanceNorm: Disabled
[07/26/2026-15:55:08] [I] TensorRT runtime: full
[07/26/2026-15:55:08] [I] Lean DLL Path: 
[07/26/2026-15:55:08] [I] Tempfile Controls: { in_memory: allow, temporary: allow }
[07/26/2026-15:55:08] [I] Exclude Lean Runtime: Disabled
[07/26/2026-15:55:08] [I] Sparsity: Disabled
[07/26/2026-15:55:08] [I] Safe mode: Disabled
[07/26/2026-15:55:08] [I] Build DLA standalone loadable: Disabled
[07/26/2026-15:55:08] [I] Allow GPU fallback for DLA: Disabled
[07/26/2026-15:55:08] [I] DirectIO mode: Disabled
[07/26/2026-15:55:08] [I] Restricted mode: Disabled
[07/26/2026-15:55:08] [I] Skip inference: Disabled
[07/26/2026-15:55:08] [I] Save engine: 
[07/26/2026-15:55:08] [I] Load engine: 
[07/26/2026-15:55:08] [I] Profiling verbosity: 0
[07/26/2026-15:55:08] [I] Tactic sources: Using default tactic sources
[07/26/2026-15:55:08] [I] timingCacheMode: local
[07/26/2026-15:55:08] [I] timingCacheFile: 
[07/26/2026-15:55:08] [I] Enable Compilation Cache: Enabled
[07/26/2026-15:55:08] [I] errorOnTimingCacheMiss: Disabled
[07/26/2026-15:55:08] [I] Preview Features: Use default preview flags.
[07/26/2026-15:55:08] [I] MaxAuxStreams: -1
[07/26/2026-15:55:08] [I] BuilderOptimizationLevel: -1
[07/26/2026-15:55:08] [I] Calibration Profile Index: 0
[07/26/2026-15:55:08] [I] Weight Streaming: Disabled
[07/26/2026-15:55:08] [I] Runtime Platform: Same As Build
[07/26/2026-15:55:08] [I] Debug Tensors: 
[07/26/2026-15:55:08] [I] Input(s)s format: fp32:CHW
[07/26/2026-15:55:08] [I] Output(s)s format: fp32:CHW
[07/26/2026-15:55:08] [I] Input build shapes: model
[07/26/2026-15:55:08] [I] Input calibration shapes: model
[07/26/2026-15:55:08] [I] === System Options ===
[07/26/2026-15:55:08] [I] Device: 0
[07/26/2026-15:55:08] [I] DLACore: 
[07/26/2026-15:55:08] [I] Plugins:
[07/26/2026-15:55:08] [I] setPluginsToSerialize:
[07/26/2026-15:55:08] [I] dynamicPlugins:
[07/26/2026-15:55:08] [I] ignoreParsedPluginLibs: 0
[07/26/2026-15:55:08] [I] 
[07/26/2026-15:55:08] [I] === Inference Options ===
[07/26/2026-15:55:08] [I] Batch: Explicit
[07/26/2026-15:55:08] [I] Input inference shapes: model
[07/26/2026-15:55:08] [I] Iterations: 1000
[07/26/2026-15:55:08] [I] Duration: 3s (+ 2000ms warm up)
[07/26/2026-15:55:08] [I] Sleep time: 0ms
[07/26/2026-15:55:08] [I] Idle time: 0ms
[07/26/2026-15:55:08] [I] Inference Streams: 1
[07/26/2026-15:55:08] [I] ExposeDMA: Disabled
[07/26/2026-15:55:08] [I] Data transfers: Enabled
[07/26/2026-15:55:08] [I] Spin-wait: Disabled
[07/26/2026-15:55:08] [I] Multithreading: Disabled
[07/26/2026-15:55:08] [I] CUDA Graph: Disabled
[07/26/2026-15:55:08] [I] Separate profiling: Disabled
[07/26/2026-15:55:08] [I] Time Deserialize: Disabled
[07/26/2026-15:55:08] [I] Time Refit: Disabled
[07/26/2026-15:55:08] [I] NVTX verbosity: 0
[07/26/2026-15:55:08] [I] Persistent Cache Ratio: 0
[07/26/2026-15:55:08] [I] Optimization Profile Index: 0
[07/26/2026-15:55:08] [I] Weight Streaming Budget: 100.000000%
[07/26/2026-15:55:08] [I] Inputs:
[07/26/2026-15:55:08] [I] Debug Tensor Save Destinations:
[07/26/2026-15:55:08] [I] === Reporting Options ===
[07/26/2026-15:55:08] [I] Verbose: Disabled
[07/26/2026-15:55:08] [I] Averages: 100 inferences
[07/26/2026-15:55:08] [I] Percentiles: 90,95,99
[07/26/2026-15:55:08] [I] Dump refittable layers:Disabled
[07/26/2026-15:55:08] [I] Dump output: Disabled
[07/26/2026-15:55:08] [I] Profile: Disabled
[07/26/2026-15:55:08] [I] Export timing to JSON file: 
[07/26/2026-15:55:08] [I] Export output to JSON file: 
[07/26/2026-15:55:08] [I] Export profile to JSON file: 
[07/26/2026-15:55:08] [I] 
[07/26/2026-15:55:08] [I] === Device Information ===
[07/26/2026-15:55:08] [I] Available Devices: 
[07/26/2026-15:55:08] [I]   Device 0: "Orin" UUID: GPU-7a69094a-89cd-55a5-a5dc-a50bf7f8ee64
[07/26/2026-15:55:08] [I] Selected Device: Orin
[07/26/2026-15:55:08] [I] Selected Device ID: 0
[07/26/2026-15:55:08] [I] Selected Device UUID: GPU-7a69094a-89cd-55a5-a5dc-a50bf7f8ee64
[07/26/2026-15:55:08] [I] Compute Capability: 8.7
[07/26/2026-15:55:08] [I] SMs: 8
[07/26/2026-15:55:08] [I] Device Global Memory: 7619 MiB
[07/26/2026-15:55:08] [I] Shared Memory per SM: 164 KiB
[07/26/2026-15:55:08] [I] Memory Bus Width: 128 bits (ECC disabled)
[07/26/2026-15:55:08] [I] Application Compute Clock Rate: 1.02 GHz
[07/26/2026-15:55:08] [I] Application Memory Clock Rate: 1.02 GHz
[07/26/2026-15:55:08] [I] 
[07/26/2026-15:55:08] [I] Note: The application clock rates do not reflect the actual clock rates that the GPU is currently running at.
[07/26/2026-15:55:08] [I] 
[07/26/2026-15:55:08] [I] TensorRT version: 10.3.0
[07/26/2026-15:55:08] [I] Loading standard plugins
[07/26/2026-15:55:08] [I] [TRT] [MemUsageChange] Init CUDA: CPU +2, GPU +0, now: CPU 31, GPU 2970 (MiB)
[07/26/2026-15:55:10] [I] [TRT] [MemUsageChange] Init builder kernel library: CPU +928, GPU +1069, now: CPU 1002, GPU 4083 (MiB)
[07/26/2026-15:55:10] [I] Start parsing network model.
[07/26/2026-15:55:10] [I] [TRT] ----------------------------------------------------------------
[07/26/2026-15:55:10] [I] [TRT] Input filename:   /home/zain/models/resnet18.onnx
[07/26/2026-15:55:10] [I] [TRT] ONNX IR version:  0.0.10
[07/26/2026-15:55:10] [I] [TRT] Opset version:    18
[07/26/2026-15:55:10] [I] [TRT] Producer name:    pytorch
[07/26/2026-15:55:10] [I] [TRT] Producer version: 2.13.0+cpu
[07/26/2026-15:55:10] [I] [TRT] Domain:           
[07/26/2026-15:55:10] [I] [TRT] Model version:    0
[07/26/2026-15:55:10] [I] [TRT] Doc string:       
[07/26/2026-15:55:10] [I] [TRT] ----------------------------------------------------------------
[07/26/2026-15:55:10] [I] Finished parsing network model. Parse time: 0.0401504
[07/26/2026-15:55:10] [I] [TRT] Local timing cache in use. Profiling results in this builder pass will not be stored.
[07/26/2026-15:55:26] [I] [TRT] Detected 1 inputs and 1 output network tensors.
[07/26/2026-15:55:27] [I] [TRT] Total Host Persistent Memory: 120960
[07/26/2026-15:55:27] [I] [TRT] Total Device Persistent Memory: 0
[07/26/2026-15:55:27] [I] [TRT] Total Scratch Memory: 0
[07/26/2026-15:55:27] [I] [TRT] [BlockAssignment] Started assigning block shifts. This will take 24 steps to complete.
[07/26/2026-15:55:27] [I] [TRT] [BlockAssignment] Algorithm ShiftNTopDown took 0.236009ms to assign 3 blocks to 24 nodes requiring 4816896 bytes.
[07/26/2026-15:55:27] [I] [TRT] Total Activation Memory: 4816896
[07/26/2026-15:55:27] [I] [TRT] Total Weights Memory: 46757120
[07/26/2026-15:55:27] [I] [TRT] Engine generation completed in 16.4064 seconds.
[07/26/2026-15:55:27] [I] [TRT] [MemUsageStats] Peak memory usage of TRT CPU/GPU memory allocators: CPU 9 MiB, GPU 96 MiB
[07/26/2026-15:55:27] [I] [TRT] [MemUsageStats] Peak memory usage during Engine building and serialization: CPU: 1684 MiB
[07/26/2026-15:55:27] [I] Engine built in 16.4347 sec.
[07/26/2026-15:55:27] [I] Created engine with size: 44.9865 MiB
[07/26/2026-15:55:27] [I] [TRT] Loaded engine size: 44 MiB
[07/26/2026-15:55:27] [I] Engine deserialized in 0.0292183 sec.
[07/26/2026-15:55:27] [I] [TRT] [MemUsageChange] TensorRT-managed allocation in IExecutionContext creation: CPU +0, GPU +5, now: CPU 0, GPU 49 (MiB)
[07/26/2026-15:55:27] [I] Setting persistentCacheLimit to 0 bytes.
[07/26/2026-15:55:27] [I] Created execution context with device memory size: 4.59375 MiB
[07/26/2026-15:55:27] [I] Using random values for input input
[07/26/2026-15:55:27] [I] Input binding for input with dimensions 1x3x224x224 is created.
[07/26/2026-15:55:27] [I] Output binding for output with dimensions 1x1000 is created.
[07/26/2026-15:55:27] [I] Starting inference
[07/26/2026-15:55:32] [I] Warmup completed 1286 queries over 2000 ms
[07/26/2026-15:55:32] [I] Timing trace has 1930 queries over 3.00466 s
[07/26/2026-15:55:32] [I] 
[07/26/2026-15:55:32] [I] === Trace details ===
[07/26/2026-15:55:32] [I] Trace averages of 100 runs:
[07/26/2026-15:55:32] [I] Average on 100 runs - GPU latency: 1.55361 ms - Host latency: 1.59647 ms (enqueue 0.206841 ms)
[07/26/2026-15:55:32] [I] Average on 100 runs - GPU latency: 1.55397 ms - Host latency: 1.59694 ms (enqueue 0.207063 ms)
[07/26/2026-15:55:32] [I] Average on 100 runs - GPU latency: 1.55325 ms - Host latency: 1.59596 ms (enqueue 0.207581 ms)
[07/26/2026-15:55:32] [I] Average on 100 runs - GPU latency: 1.55292 ms - Host latency: 1.59603 ms (enqueue 0.207739 ms)
[07/26/2026-15:55:32] [I] Average on 100 runs - GPU latency: 1.55333 ms - Host latency: 1.59563 ms (enqueue 0.206775 ms)
[07/26/2026-15:55:32] [I] Average on 100 runs - GPU latency: 1.55367 ms - Host latency: 1.59607 ms (enqueue 0.207263 ms)
[07/26/2026-15:55:32] [I] Average on 100 runs - GPU latency: 1.55337 ms - Host latency: 1.59628 ms (enqueue 0.207207 ms)
[07/26/2026-15:55:32] [I] Average on 100 runs - GPU latency: 1.55308 ms - Host latency: 1.59568 ms (enqueue 0.20741 ms)
[07/26/2026-15:55:32] [I] Average on 100 runs - GPU latency: 1.55291 ms - Host latency: 1.59598 ms (enqueue 0.208425 ms)
[07/26/2026-15:55:32] [I] Average on 100 runs - GPU latency: 1.55181 ms - Host latency: 1.59506 ms (enqueue 0.207837 ms)
[07/26/2026-15:55:32] [I] Average on 100 runs - GPU latency: 1.55291 ms - Host latency: 1.59569 ms (enqueue 0.207722 ms)
[07/26/2026-15:55:32] [I] Average on 100 runs - GPU latency: 1.55274 ms - Host latency: 1.59513 ms (enqueue 0.207209 ms)
[07/26/2026-15:55:32] [I] Average on 100 runs - GPU latency: 1.55346 ms - Host latency: 1.59559 ms (enqueue 0.206584 ms)
[07/26/2026-15:55:32] [I] Average on 100 runs - GPU latency: 1.55319 ms - Host latency: 1.59532 ms (enqueue 0.207371 ms)
[07/26/2026-15:55:32] [I] Average on 100 runs - GPU latency: 1.55401 ms - Host latency: 1.59701 ms (enqueue 0.2071 ms)
[07/26/2026-15:55:32] [I] Average on 100 runs - GPU latency: 1.55368 ms - Host latency: 1.59681 ms (enqueue 0.207061 ms)
[07/26/2026-15:55:32] [I] Average on 100 runs - GPU latency: 1.55418 ms - Host latency: 1.59733 ms (enqueue 0.207671 ms)
[07/26/2026-15:55:32] [I] Average on 100 runs - GPU latency: 1.55354 ms - Host latency: 1.59675 ms (enqueue 0.209531 ms)
[07/26/2026-15:55:32] [I] Average on 100 runs - GPU latency: 1.55316 ms - Host latency: 1.59655 ms (enqueue 0.210215 ms)
[07/26/2026-15:55:32] [I] 
[07/26/2026-15:55:32] [I] === Performance summary ===
[07/26/2026-15:55:32] [I] Throughput: 642.336 qps
[07/26/2026-15:55:32] [I] Latency: min = 1.58081 ms, max = 1.62451 ms, mean = 1.59613 ms, median = 1.59595 ms, percentile(90%) = 1.60217 ms, percentile(95%) = 1.604 ms, percentile(99%) = 1.60791 ms
[07/26/2026-15:55:32] [I] Enqueue Time: min = 0.197021 ms, max = 0.257324 ms, mean = 0.20765 ms, median = 0.206543 ms, percentile(90%) = 0.212402 ms, percentile(95%) = 0.220703 ms, percentile(99%) = 0.236816 ms
[07/26/2026-15:55:32] [I] H2D Latency: min = 0.0327148 ms, max = 0.0595703 ms, mean = 0.0367867 ms, median = 0.0361328 ms, percentile(90%) = 0.0390625 ms, percentile(95%) = 0.0400391 ms, percentile(99%) = 0.0429688 ms
[07/26/2026-15:55:32] [I] GPU Compute Time: min = 1.54004 ms, max = 1.56982 ms, mean = 1.5533 ms, median = 1.55322 ms, percentile(90%) = 1.55908 ms, percentile(95%) = 1.5603 ms, percentile(99%) = 1.56299 ms
[07/26/2026-15:55:32] [I] D2H Latency: min = 0.00390625 ms, max = 0.00805664 ms, mean = 0.00603856 ms, median = 0.00585938 ms, percentile(90%) = 0.00732422 ms, percentile(95%) = 0.00732422 ms, percentile(99%) = 0.00756836 ms
[07/26/2026-15:55:32] [I] Total Host Walltime: 3.00466 s
[07/26/2026-15:55:32] [I] Total GPU Compute Time: 2.99787 s
[07/26/2026-15:55:32] [I] Explanations of the performance metrics are printed in the verbose logs.
[07/26/2026-15:55:32] [I] 
&&&& PASSED TensorRT.trtexec [TensorRT v100300] # /usr/src/tensorrt/bin/trtexec --onnx=/home/zain/models/resnet18.onnx --iterations=1000 --avgRuns=100 --warmUp=2000
