&&&& RUNNING TensorRT.trtexec [TensorRT v100300] # /usr/src/tensorrt/bin/trtexec --onnx=/home/zain/models/vgg16.onnx --iterations=1000 --avgRuns=100 --warmUp=2000
[07/26/2026-16:29:12] [I] === Model Options ===
[07/26/2026-16:29:12] [I] Format: ONNX
[07/26/2026-16:29:12] [I] Model: /home/zain/models/vgg16.onnx
[07/26/2026-16:29:12] [I] Output:
[07/26/2026-16:29:12] [I] === Build Options ===
[07/26/2026-16:29:12] [I] Memory Pools: workspace: default, dlaSRAM: default, dlaLocalDRAM: default, dlaGlobalDRAM: default, tacticSharedMem: default
[07/26/2026-16:29:12] [I] avgTiming: 8
[07/26/2026-16:29:12] [I] Precision: FP32
[07/26/2026-16:29:12] [I] LayerPrecisions: 
[07/26/2026-16:29:12] [I] Layer Device Types: 
[07/26/2026-16:29:12] [I] Calibration: 
[07/26/2026-16:29:12] [I] Refit: Disabled
[07/26/2026-16:29:12] [I] Strip weights: Disabled
[07/26/2026-16:29:12] [I] Version Compatible: Disabled
[07/26/2026-16:29:12] [I] ONNX Plugin InstanceNorm: Disabled
[07/26/2026-16:29:12] [I] TensorRT runtime: full
[07/26/2026-16:29:12] [I] Lean DLL Path: 
[07/26/2026-16:29:12] [I] Tempfile Controls: { in_memory: allow, temporary: allow }
[07/26/2026-16:29:12] [I] Exclude Lean Runtime: Disabled
[07/26/2026-16:29:12] [I] Sparsity: Disabled
[07/26/2026-16:29:12] [I] Safe mode: Disabled
[07/26/2026-16:29:12] [I] Build DLA standalone loadable: Disabled
[07/26/2026-16:29:12] [I] Allow GPU fallback for DLA: Disabled
[07/26/2026-16:29:12] [I] DirectIO mode: Disabled
[07/26/2026-16:29:12] [I] Restricted mode: Disabled
[07/26/2026-16:29:12] [I] Skip inference: Disabled
[07/26/2026-16:29:12] [I] Save engine: 
[07/26/2026-16:29:12] [I] Load engine: 
[07/26/2026-16:29:12] [I] Profiling verbosity: 0
[07/26/2026-16:29:12] [I] Tactic sources: Using default tactic sources
[07/26/2026-16:29:12] [I] timingCacheMode: local
[07/26/2026-16:29:12] [I] timingCacheFile: 
[07/26/2026-16:29:12] [I] Enable Compilation Cache: Enabled
[07/26/2026-16:29:12] [I] errorOnTimingCacheMiss: Disabled
[07/26/2026-16:29:12] [I] Preview Features: Use default preview flags.
[07/26/2026-16:29:12] [I] MaxAuxStreams: -1
[07/26/2026-16:29:12] [I] BuilderOptimizationLevel: -1
[07/26/2026-16:29:12] [I] Calibration Profile Index: 0
[07/26/2026-16:29:12] [I] Weight Streaming: Disabled
[07/26/2026-16:29:12] [I] Runtime Platform: Same As Build
[07/26/2026-16:29:12] [I] Debug Tensors: 
[07/26/2026-16:29:12] [I] Input(s)s format: fp32:CHW
[07/26/2026-16:29:12] [I] Output(s)s format: fp32:CHW
[07/26/2026-16:29:12] [I] Input build shapes: model
[07/26/2026-16:29:12] [I] Input calibration shapes: model
[07/26/2026-16:29:12] [I] === System Options ===
[07/26/2026-16:29:12] [I] Device: 0
[07/26/2026-16:29:12] [I] DLACore: 
[07/26/2026-16:29:12] [I] Plugins:
[07/26/2026-16:29:12] [I] setPluginsToSerialize:
[07/26/2026-16:29:12] [I] dynamicPlugins:
[07/26/2026-16:29:12] [I] ignoreParsedPluginLibs: 0
[07/26/2026-16:29:12] [I] 
[07/26/2026-16:29:12] [I] === Inference Options ===
[07/26/2026-16:29:12] [I] Batch: Explicit
[07/26/2026-16:29:12] [I] Input inference shapes: model
[07/26/2026-16:29:12] [I] Iterations: 1000
[07/26/2026-16:29:12] [I] Duration: 3s (+ 2000ms warm up)
[07/26/2026-16:29:12] [I] Sleep time: 0ms
[07/26/2026-16:29:12] [I] Idle time: 0ms
[07/26/2026-16:29:12] [I] Inference Streams: 1
[07/26/2026-16:29:12] [I] ExposeDMA: Disabled
[07/26/2026-16:29:12] [I] Data transfers: Enabled
[07/26/2026-16:29:12] [I] Spin-wait: Disabled
[07/26/2026-16:29:12] [I] Multithreading: Disabled
[07/26/2026-16:29:12] [I] CUDA Graph: Disabled
[07/26/2026-16:29:12] [I] Separate profiling: Disabled
[07/26/2026-16:29:12] [I] Time Deserialize: Disabled
[07/26/2026-16:29:12] [I] Time Refit: Disabled
[07/26/2026-16:29:12] [I] NVTX verbosity: 0
[07/26/2026-16:29:12] [I] Persistent Cache Ratio: 0
[07/26/2026-16:29:12] [I] Optimization Profile Index: 0
[07/26/2026-16:29:12] [I] Weight Streaming Budget: 100.000000%
[07/26/2026-16:29:12] [I] Inputs:
[07/26/2026-16:29:12] [I] Debug Tensor Save Destinations:
[07/26/2026-16:29:12] [I] === Reporting Options ===
[07/26/2026-16:29:12] [I] Verbose: Disabled
[07/26/2026-16:29:12] [I] Averages: 100 inferences
[07/26/2026-16:29:12] [I] Percentiles: 90,95,99
[07/26/2026-16:29:12] [I] Dump refittable layers:Disabled
[07/26/2026-16:29:12] [I] Dump output: Disabled
[07/26/2026-16:29:12] [I] Profile: Disabled
[07/26/2026-16:29:12] [I] Export timing to JSON file: 
[07/26/2026-16:29:12] [I] Export output to JSON file: 
[07/26/2026-16:29:12] [I] Export profile to JSON file: 
[07/26/2026-16:29:12] [I] 
[07/26/2026-16:29:12] [I] === Device Information ===
[07/26/2026-16:29:12] [I] Available Devices: 
[07/26/2026-16:29:12] [I]   Device 0: "Orin" UUID: GPU-7a69094a-89cd-55a5-a5dc-a50bf7f8ee64
[07/26/2026-16:29:12] [I] Selected Device: Orin
[07/26/2026-16:29:12] [I] Selected Device ID: 0
[07/26/2026-16:29:12] [I] Selected Device UUID: GPU-7a69094a-89cd-55a5-a5dc-a50bf7f8ee64
[07/26/2026-16:29:12] [I] Compute Capability: 8.7
[07/26/2026-16:29:12] [I] SMs: 8
[07/26/2026-16:29:12] [I] Device Global Memory: 7619 MiB
[07/26/2026-16:29:12] [I] Shared Memory per SM: 164 KiB
[07/26/2026-16:29:12] [I] Memory Bus Width: 128 bits (ECC disabled)
[07/26/2026-16:29:12] [I] Application Compute Clock Rate: 1.02 GHz
[07/26/2026-16:29:12] [I] Application Memory Clock Rate: 1.02 GHz
[07/26/2026-16:29:12] [I] 
[07/26/2026-16:29:12] [I] Note: The application clock rates do not reflect the actual clock rates that the GPU is currently running at.
[07/26/2026-16:29:12] [I] 
[07/26/2026-16:29:12] [I] TensorRT version: 10.3.0
[07/26/2026-16:29:12] [I] Loading standard plugins
[07/26/2026-16:29:12] [I] [TRT] [MemUsageChange] Init CUDA: CPU +2, GPU +0, now: CPU 31, GPU 2902 (MiB)
[07/26/2026-16:29:14] [I] [TRT] [MemUsageChange] Init builder kernel library: CPU +928, GPU +751, now: CPU 1002, GPU 3698 (MiB)
[07/26/2026-16:29:14] [I] Start parsing network model.
[07/26/2026-16:29:14] [I] [TRT] ----------------------------------------------------------------
[07/26/2026-16:29:14] [I] [TRT] Input filename:   /home/zain/models/vgg16.onnx
[07/26/2026-16:29:14] [I] [TRT] ONNX IR version:  0.0.10
[07/26/2026-16:29:14] [I] [TRT] Opset version:    18
[07/26/2026-16:29:14] [I] [TRT] Producer name:    pytorch
[07/26/2026-16:29:14] [I] [TRT] Producer version: 2.13.0+cpu
[07/26/2026-16:29:14] [I] [TRT] Domain:           
[07/26/2026-16:29:14] [I] [TRT] Model version:    0
[07/26/2026-16:29:14] [I] [TRT] Doc string:       
[07/26/2026-16:29:14] [I] [TRT] ----------------------------------------------------------------
[07/26/2026-16:29:16] [I] Finished parsing network model. Parse time: 2.70549
[07/26/2026-16:29:16] [I] [TRT] Local timing cache in use. Profiling results in this builder pass will not be stored.
[07/26/2026-16:29:53] [I] [TRT] Detected 1 inputs and 1 output network tensors.
[07/26/2026-16:29:54] [I] [TRT] Total Host Persistent Memory: 95200
[07/26/2026-16:29:54] [I] [TRT] Total Device Persistent Memory: 0
[07/26/2026-16:29:54] [I] [TRT] Total Scratch Memory: 32768
[07/26/2026-16:29:54] [I] [TRT] [BlockAssignment] Started assigning block shifts. This will take 20 steps to complete.
[07/26/2026-16:29:54] [I] [TRT] [BlockAssignment] Algorithm ShiftNTopDown took 0.133346ms to assign 2 blocks to 20 nodes requiring 25690112 bytes.
[07/26/2026-16:29:54] [I] [TRT] Total Activation Memory: 25690112
[07/26/2026-16:29:54] [I] [TRT] Total Weights Memory: 553437440
[07/26/2026-16:29:54] [I] [TRT] Engine generation completed in 37.5556 seconds.
[07/26/2026-16:29:54] [I] [TRT] [MemUsageStats] Peak memory usage of TRT CPU/GPU memory allocators: CPU 9 MiB, GPU 535 MiB
[07/26/2026-16:29:54] [I] [TRT] [MemUsageStats] Peak memory usage during Engine building and serialization: CPU: 3109 MiB
[07/26/2026-16:29:54] [I] Engine built in 37.7902 sec.
[07/26/2026-16:29:54] [I] Created engine with size: 528.135 MiB
[07/26/2026-16:29:54] [I] [TRT] Loaded engine size: 528 MiB
[07/26/2026-16:29:55] [I] Engine deserialized in 0.116721 sec.
[07/26/2026-16:29:55] [I] [TRT] [MemUsageChange] TensorRT-managed allocation in IExecutionContext creation: CPU +0, GPU +25, now: CPU 0, GPU 552 (MiB)
[07/26/2026-16:29:55] [I] Setting persistentCacheLimit to 0 bytes.
[07/26/2026-16:29:55] [I] Created execution context with device memory size: 24.5 MiB
[07/26/2026-16:29:55] [I] Using random values for input input
[07/26/2026-16:29:55] [I] Input binding for input with dimensions 1x3x224x224 is created.
[07/26/2026-16:29:55] [I] Output binding for output with dimensions 1x1000 is created.
[07/26/2026-16:29:55] [I] Starting inference
[07/26/2026-16:30:08] [I] Warmup completed 175 queries over 2000 ms
[07/26/2026-16:30:08] [I] Timing trace has 1000 queries over 11.477 s
[07/26/2026-16:30:08] [I] 
[07/26/2026-16:30:08] [I] === Trace details ===
[07/26/2026-16:30:08] [I] Trace averages of 100 runs:
[07/26/2026-16:30:08] [I] Average on 100 runs - GPU latency: 11.4612 ms - Host latency: 11.5162 ms (enqueue 0.201676 ms)
[07/26/2026-16:30:08] [I] Average on 100 runs - GPU latency: 11.4613 ms - Host latency: 11.5166 ms (enqueue 0.199983 ms)
[07/26/2026-16:30:08] [I] Average on 100 runs - GPU latency: 11.4613 ms - Host latency: 11.5157 ms (enqueue 0.199561 ms)
[07/26/2026-16:30:08] [I] Average on 100 runs - GPU latency: 11.462 ms - Host latency: 11.5163 ms (enqueue 0.201123 ms)
[07/26/2026-16:30:08] [I] Average on 100 runs - GPU latency: 11.4633 ms - Host latency: 11.5181 ms (enqueue 0.199453 ms)
[07/26/2026-16:30:08] [I] Average on 100 runs - GPU latency: 11.4651 ms - Host latency: 11.5198 ms (enqueue 0.198247 ms)
[07/26/2026-16:30:08] [I] Average on 100 runs - GPU latency: 11.4623 ms - Host latency: 11.517 ms (enqueue 0.200156 ms)
[07/26/2026-16:30:08] [I] Average on 100 runs - GPU latency: 11.4643 ms - Host latency: 11.5187 ms (enqueue 0.202373 ms)
[07/26/2026-16:30:08] [I] Average on 100 runs - GPU latency: 11.4628 ms - Host latency: 11.5173 ms (enqueue 0.204492 ms)
[07/26/2026-16:30:08] [I] Average on 100 runs - GPU latency: 11.4649 ms - Host latency: 11.5194 ms (enqueue 0.202139 ms)
[07/26/2026-16:30:08] [I] 
[07/26/2026-16:30:08] [I] === Performance summary ===
[07/26/2026-16:30:08] [I] Throughput: 87.1309 qps
[07/26/2026-16:30:08] [I] Latency: min = 11.4844 ms, max = 11.5967 ms, mean = 11.5175 ms, median = 11.5176 ms, percentile(90%) = 11.5312 ms, percentile(95%) = 11.5361 ms, percentile(99%) = 11.5442 ms
[07/26/2026-16:30:08] [I] Enqueue Time: min = 0.185547 ms, max = 0.445312 ms, mean = 0.20092 ms, median = 0.197266 ms, percentile(90%) = 0.209961 ms, percentile(95%) = 0.225586 ms, percentile(99%) = 0.256348 ms
[07/26/2026-16:30:08] [I] H2D Latency: min = 0.0439453 ms, max = 0.0664062 ms, mean = 0.0493614 ms, median = 0.0488281 ms, percentile(90%) = 0.0517578 ms, percentile(95%) = 0.0537109 ms, percentile(99%) = 0.0595703 ms
[07/26/2026-16:30:08] [I] GPU Compute Time: min = 11.4316 ms, max = 11.542 ms, mean = 11.4628 ms, median = 11.4629 ms, percentile(90%) = 11.4766 ms, percentile(95%) = 11.4814 ms, percentile(99%) = 11.4883 ms
[07/26/2026-16:30:08] [I] D2H Latency: min = 0.00390625 ms, max = 0.0078125 ms, mean = 0.00531055 ms, median = 0.00537109 ms, percentile(90%) = 0.00585938 ms, percentile(95%) = 0.00634766 ms, percentile(99%) = 0.00683594 ms
[07/26/2026-16:30:08] [I] Total Host Walltime: 11.477 s
[07/26/2026-16:30:08] [I] Total GPU Compute Time: 11.4628 s
[07/26/2026-16:30:08] [I] Explanations of the performance metrics are printed in the verbose logs.
[07/26/2026-16:30:08] [I] 
&&&& PASSED TensorRT.trtexec [TensorRT v100300] # /usr/src/tensorrt/bin/trtexec --onnx=/home/zain/models/vgg16.onnx --iterations=1000 --avgRuns=100 --warmUp=2000
