&&&& RUNNING TensorRT.trtexec [TensorRT v100300] # /usr/src/tensorrt/bin/trtexec --onnx=/home/zain/models/vgg16.onnx --fp16 --iterations=1000 --avgRuns=100 --warmUp=2000
[07/26/2026-16:37:44] [I] === Model Options ===
[07/26/2026-16:37:44] [I] Format: ONNX
[07/26/2026-16:37:44] [I] Model: /home/zain/models/vgg16.onnx
[07/26/2026-16:37:44] [I] Output:
[07/26/2026-16:37:44] [I] === Build Options ===
[07/26/2026-16:37:44] [I] Memory Pools: workspace: default, dlaSRAM: default, dlaLocalDRAM: default, dlaGlobalDRAM: default, tacticSharedMem: default
[07/26/2026-16:37:44] [I] avgTiming: 8
[07/26/2026-16:37:44] [I] Precision: FP32+FP16
[07/26/2026-16:37:44] [I] LayerPrecisions: 
[07/26/2026-16:37:44] [I] Layer Device Types: 
[07/26/2026-16:37:44] [I] Calibration: 
[07/26/2026-16:37:44] [I] Refit: Disabled
[07/26/2026-16:37:44] [I] Strip weights: Disabled
[07/26/2026-16:37:44] [I] Version Compatible: Disabled
[07/26/2026-16:37:44] [I] ONNX Plugin InstanceNorm: Disabled
[07/26/2026-16:37:44] [I] TensorRT runtime: full
[07/26/2026-16:37:44] [I] Lean DLL Path: 
[07/26/2026-16:37:44] [I] Tempfile Controls: { in_memory: allow, temporary: allow }
[07/26/2026-16:37:44] [I] Exclude Lean Runtime: Disabled
[07/26/2026-16:37:44] [I] Sparsity: Disabled
[07/26/2026-16:37:44] [I] Safe mode: Disabled
[07/26/2026-16:37:44] [I] Build DLA standalone loadable: Disabled
[07/26/2026-16:37:44] [I] Allow GPU fallback for DLA: Disabled
[07/26/2026-16:37:44] [I] DirectIO mode: Disabled
[07/26/2026-16:37:44] [I] Restricted mode: Disabled
[07/26/2026-16:37:44] [I] Skip inference: Disabled
[07/26/2026-16:37:44] [I] Save engine: 
[07/26/2026-16:37:44] [I] Load engine: 
[07/26/2026-16:37:44] [I] Profiling verbosity: 0
[07/26/2026-16:37:44] [I] Tactic sources: Using default tactic sources
[07/26/2026-16:37:44] [I] timingCacheMode: local
[07/26/2026-16:37:44] [I] timingCacheFile: 
[07/26/2026-16:37:44] [I] Enable Compilation Cache: Enabled
[07/26/2026-16:37:44] [I] errorOnTimingCacheMiss: Disabled
[07/26/2026-16:37:44] [I] Preview Features: Use default preview flags.
[07/26/2026-16:37:44] [I] MaxAuxStreams: -1
[07/26/2026-16:37:44] [I] BuilderOptimizationLevel: -1
[07/26/2026-16:37:44] [I] Calibration Profile Index: 0
[07/26/2026-16:37:44] [I] Weight Streaming: Disabled
[07/26/2026-16:37:44] [I] Runtime Platform: Same As Build
[07/26/2026-16:37:44] [I] Debug Tensors: 
[07/26/2026-16:37:44] [I] Input(s)s format: fp32:CHW
[07/26/2026-16:37:44] [I] Output(s)s format: fp32:CHW
[07/26/2026-16:37:44] [I] Input build shapes: model
[07/26/2026-16:37:44] [I] Input calibration shapes: model
[07/26/2026-16:37:44] [I] === System Options ===
[07/26/2026-16:37:44] [I] Device: 0
[07/26/2026-16:37:44] [I] DLACore: 
[07/26/2026-16:37:44] [I] Plugins:
[07/26/2026-16:37:44] [I] setPluginsToSerialize:
[07/26/2026-16:37:44] [I] dynamicPlugins:
[07/26/2026-16:37:44] [I] ignoreParsedPluginLibs: 0
[07/26/2026-16:37:44] [I] 
[07/26/2026-16:37:44] [I] === Inference Options ===
[07/26/2026-16:37:44] [I] Batch: Explicit
[07/26/2026-16:37:44] [I] Input inference shapes: model
[07/26/2026-16:37:44] [I] Iterations: 1000
[07/26/2026-16:37:44] [I] Duration: 3s (+ 2000ms warm up)
[07/26/2026-16:37:44] [I] Sleep time: 0ms
[07/26/2026-16:37:44] [I] Idle time: 0ms
[07/26/2026-16:37:44] [I] Inference Streams: 1
[07/26/2026-16:37:44] [I] ExposeDMA: Disabled
[07/26/2026-16:37:44] [I] Data transfers: Enabled
[07/26/2026-16:37:44] [I] Spin-wait: Disabled
[07/26/2026-16:37:44] [I] Multithreading: Disabled
[07/26/2026-16:37:44] [I] CUDA Graph: Disabled
[07/26/2026-16:37:44] [I] Separate profiling: Disabled
[07/26/2026-16:37:44] [I] Time Deserialize: Disabled
[07/26/2026-16:37:44] [I] Time Refit: Disabled
[07/26/2026-16:37:44] [I] NVTX verbosity: 0
[07/26/2026-16:37:44] [I] Persistent Cache Ratio: 0
[07/26/2026-16:37:44] [I] Optimization Profile Index: 0
[07/26/2026-16:37:44] [I] Weight Streaming Budget: 100.000000%
[07/26/2026-16:37:44] [I] Inputs:
[07/26/2026-16:37:44] [I] Debug Tensor Save Destinations:
[07/26/2026-16:37:44] [I] === Reporting Options ===
[07/26/2026-16:37:44] [I] Verbose: Disabled
[07/26/2026-16:37:44] [I] Averages: 100 inferences
[07/26/2026-16:37:44] [I] Percentiles: 90,95,99
[07/26/2026-16:37:44] [I] Dump refittable layers:Disabled
[07/26/2026-16:37:44] [I] Dump output: Disabled
[07/26/2026-16:37:44] [I] Profile: Disabled
[07/26/2026-16:37:44] [I] Export timing to JSON file: 
[07/26/2026-16:37:44] [I] Export output to JSON file: 
[07/26/2026-16:37:44] [I] Export profile to JSON file: 
[07/26/2026-16:37:44] [I] 
[07/26/2026-16:37:44] [I] === Device Information ===
[07/26/2026-16:37:44] [I] Available Devices: 
[07/26/2026-16:37:44] [I]   Device 0: "Orin" UUID: GPU-7a69094a-89cd-55a5-a5dc-a50bf7f8ee64
[07/26/2026-16:37:44] [I] Selected Device: Orin
[07/26/2026-16:37:44] [I] Selected Device ID: 0
[07/26/2026-16:37:44] [I] Selected Device UUID: GPU-7a69094a-89cd-55a5-a5dc-a50bf7f8ee64
[07/26/2026-16:37:44] [I] Compute Capability: 8.7
[07/26/2026-16:37:44] [I] SMs: 8
[07/26/2026-16:37:44] [I] Device Global Memory: 7619 MiB
[07/26/2026-16:37:44] [I] Shared Memory per SM: 164 KiB
[07/26/2026-16:37:44] [I] Memory Bus Width: 128 bits (ECC disabled)
[07/26/2026-16:37:44] [I] Application Compute Clock Rate: 1.02 GHz
[07/26/2026-16:37:44] [I] Application Memory Clock Rate: 1.02 GHz
[07/26/2026-16:37:44] [I] 
[07/26/2026-16:37:44] [I] Note: The application clock rates do not reflect the actual clock rates that the GPU is currently running at.
[07/26/2026-16:37:44] [I] 
[07/26/2026-16:37:44] [I] TensorRT version: 10.3.0
[07/26/2026-16:37:44] [I] Loading standard plugins
[07/26/2026-16:37:44] [I] [TRT] [MemUsageChange] Init CUDA: CPU +2, GPU +0, now: CPU 31, GPU 2838 (MiB)
[07/26/2026-16:37:46] [I] [TRT] [MemUsageChange] Init builder kernel library: CPU +928, GPU +751, now: CPU 1002, GPU 3634 (MiB)
[07/26/2026-16:37:46] [I] Start parsing network model.
[07/26/2026-16:37:46] [I] [TRT] ----------------------------------------------------------------
[07/26/2026-16:37:46] [I] [TRT] Input filename:   /home/zain/models/vgg16.onnx
[07/26/2026-16:37:46] [I] [TRT] ONNX IR version:  0.0.10
[07/26/2026-16:37:46] [I] [TRT] Opset version:    18
[07/26/2026-16:37:46] [I] [TRT] Producer name:    pytorch
[07/26/2026-16:37:46] [I] [TRT] Producer version: 2.13.0+cpu
[07/26/2026-16:37:46] [I] [TRT] Domain:           
[07/26/2026-16:37:46] [I] [TRT] Model version:    0
[07/26/2026-16:37:46] [I] [TRT] Doc string:       
[07/26/2026-16:37:46] [I] [TRT] ----------------------------------------------------------------
[07/26/2026-16:37:49] [I] Finished parsing network model. Parse time: 2.46364
[07/26/2026-16:37:49] [I] [TRT] Local timing cache in use. Profiling results in this builder pass will not be stored.
[07/26/2026-16:38:51] [I] [TRT] Detected 1 inputs and 1 output network tensors.
[07/26/2026-16:38:53] [I] [TRT] Total Host Persistent Memory: 92384
[07/26/2026-16:38:53] [I] [TRT] Total Device Persistent Memory: 0
[07/26/2026-16:38:53] [I] [TRT] Total Scratch Memory: 58368
[07/26/2026-16:38:53] [I] [TRT] [BlockAssignment] Started assigning block shifts. This will take 20 steps to complete.
[07/26/2026-16:38:53] [I] [TRT] [BlockAssignment] Algorithm ShiftNTopDown took 0.143938ms to assign 2 blocks to 20 nodes requiring 12845056 bytes.
[07/26/2026-16:38:53] [I] [TRT] Total Activation Memory: 12845056
[07/26/2026-16:38:53] [I] [TRT] Total Weights Memory: 276742400
[07/26/2026-16:38:53] [I] [TRT] Engine generation completed in 64.3709 seconds.
[07/26/2026-16:38:53] [I] [TRT] [MemUsageStats] Peak memory usage of TRT CPU/GPU memory allocators: CPU 235 MiB, GPU 784 MiB
[07/26/2026-16:38:53] [I] [TRT] [MemUsageStats] Peak memory usage during Engine building and serialization: CPU: 4014 MiB
[07/26/2026-16:38:53] [I] Engine built in 64.4625 sec.
[07/26/2026-16:38:53] [I] Created engine with size: 264.188 MiB
[07/26/2026-16:38:53] [I] [TRT] Loaded engine size: 264 MiB
[07/26/2026-16:38:53] [I] Engine deserialized in 0.0622346 sec.
[07/26/2026-16:38:53] [I] [TRT] [MemUsageChange] TensorRT-managed allocation in IExecutionContext creation: CPU +0, GPU +13, now: CPU 0, GPU 276 (MiB)
[07/26/2026-16:38:53] [I] Setting persistentCacheLimit to 0 bytes.
[07/26/2026-16:38:53] [I] Created execution context with device memory size: 12.25 MiB
[07/26/2026-16:38:53] [I] Using random values for input input
[07/26/2026-16:38:53] [I] Input binding for input with dimensions 1x3x224x224 is created.
[07/26/2026-16:38:53] [I] Output binding for output with dimensions 1x1000 is created.
[07/26/2026-16:38:53] [I] Starting inference
[07/26/2026-16:39:01] [I] Warmup completed 341 queries over 2000 ms
[07/26/2026-16:39:01] [I] Timing trace has 1000 queries over 5.87912 s
[07/26/2026-16:39:01] [I] 
[07/26/2026-16:39:01] [I] === Trace details ===
[07/26/2026-16:39:01] [I] Trace averages of 100 runs:
[07/26/2026-16:39:01] [I] Average on 100 runs - GPU latency: 5.8711 ms - Host latency: 5.9219 ms (enqueue 0.204629 ms)
[07/26/2026-16:39:01] [I] Average on 100 runs - GPU latency: 5.87056 ms - Host latency: 5.92152 ms (enqueue 0.202185 ms)
[07/26/2026-16:39:01] [I] Average on 100 runs - GPU latency: 5.86959 ms - Host latency: 5.92056 ms (enqueue 0.202815 ms)
[07/26/2026-16:39:01] [I] Average on 100 runs - GPU latency: 5.87036 ms - Host latency: 5.92122 ms (enqueue 0.200972 ms)
[07/26/2026-16:39:01] [I] Average on 100 runs - GPU latency: 5.87042 ms - Host latency: 5.92127 ms (enqueue 0.202153 ms)
[07/26/2026-16:39:01] [I] Average on 100 runs - GPU latency: 5.8711 ms - Host latency: 5.92159 ms (enqueue 0.201475 ms)
[07/26/2026-16:39:01] [I] Average on 100 runs - GPU latency: 5.8712 ms - Host latency: 5.92148 ms (enqueue 0.202407 ms)
[07/26/2026-16:39:01] [I] Average on 100 runs - GPU latency: 5.87033 ms - Host latency: 5.92081 ms (enqueue 0.203779 ms)
[07/26/2026-16:39:01] [I] Average on 100 runs - GPU latency: 5.87027 ms - Host latency: 5.92084 ms (enqueue 0.20396 ms)
[07/26/2026-16:39:01] [I] Average on 100 runs - GPU latency: 5.87028 ms - Host latency: 5.92088 ms (enqueue 0.202944 ms)
[07/26/2026-16:39:01] [I] 
[07/26/2026-16:39:01] [I] === Performance summary ===
[07/26/2026-16:39:01] [I] Throughput: 170.093 qps
[07/26/2026-16:39:01] [I] Latency: min = 5.90186 ms, max = 5.9458 ms, mean = 5.9212 ms, median = 5.9209 ms, percentile(90%) = 5.9292 ms, percentile(95%) = 5.93262 ms, percentile(99%) = 5.93799 ms
[07/26/2026-16:39:01] [I] Enqueue Time: min = 0.19043 ms, max = 0.276855 ms, mean = 0.202732 ms, median = 0.200378 ms, percentile(90%) = 0.208252 ms, percentile(95%) = 0.223633 ms, percentile(99%) = 0.248291 ms
[07/26/2026-16:39:01] [I] H2D Latency: min = 0.0405273 ms, max = 0.0556641 ms, mean = 0.0450082 ms, median = 0.0449219 ms, percentile(90%) = 0.0471191 ms, percentile(95%) = 0.0480957 ms, percentile(99%) = 0.0522461 ms
[07/26/2026-16:39:01] [I] GPU Compute Time: min = 5.85132 ms, max = 5.89502 ms, mean = 5.87052 ms, median = 5.87061 ms, percentile(90%) = 5.87842 ms, percentile(95%) = 5.88159 ms, percentile(99%) = 5.88623 ms
[07/26/2026-16:39:01] [I] D2H Latency: min = 0.00390625 ms, max = 0.00976562 ms, mean = 0.00567615 ms, median = 0.00585938 ms, percentile(90%) = 0.00683594 ms, percentile(95%) = 0.00683594 ms, percentile(99%) = 0.00878906 ms
[07/26/2026-16:39:01] [I] Total Host Walltime: 5.87912 s
[07/26/2026-16:39:01] [I] Total GPU Compute Time: 5.87052 s
[07/26/2026-16:39:01] [I] Explanations of the performance metrics are printed in the verbose logs.
[07/26/2026-16:39:01] [I] 
&&&& PASSED TensorRT.trtexec [TensorRT v100300] # /usr/src/tensorrt/bin/trtexec --onnx=/home/zain/models/vgg16.onnx --fp16 --iterations=1000 --avgRuns=100 --warmUp=2000
