&&&& RUNNING TensorRT.trtexec [TensorRT v100300] # /usr/src/tensorrt/bin/trtexec --onnx=/home/zain/models/vgg16.onnx --iterations=1000 --avgRuns=100 --warmUp=2000
[07/26/2026-16:31:09] [I] === Model Options ===
[07/26/2026-16:31:09] [I] Format: ONNX
[07/26/2026-16:31:09] [I] Model: /home/zain/models/vgg16.onnx
[07/26/2026-16:31:09] [I] Output:
[07/26/2026-16:31:09] [I] === Build Options ===
[07/26/2026-16:31:09] [I] Memory Pools: workspace: default, dlaSRAM: default, dlaLocalDRAM: default, dlaGlobalDRAM: default, tacticSharedMem: default
[07/26/2026-16:31:09] [I] avgTiming: 8
[07/26/2026-16:31:09] [I] Precision: FP32
[07/26/2026-16:31:09] [I] LayerPrecisions: 
[07/26/2026-16:31:09] [I] Layer Device Types: 
[07/26/2026-16:31:09] [I] Calibration: 
[07/26/2026-16:31:09] [I] Refit: Disabled
[07/26/2026-16:31:09] [I] Strip weights: Disabled
[07/26/2026-16:31:09] [I] Version Compatible: Disabled
[07/26/2026-16:31:09] [I] ONNX Plugin InstanceNorm: Disabled
[07/26/2026-16:31:09] [I] TensorRT runtime: full
[07/26/2026-16:31:09] [I] Lean DLL Path: 
[07/26/2026-16:31:09] [I] Tempfile Controls: { in_memory: allow, temporary: allow }
[07/26/2026-16:31:09] [I] Exclude Lean Runtime: Disabled
[07/26/2026-16:31:09] [I] Sparsity: Disabled
[07/26/2026-16:31:09] [I] Safe mode: Disabled
[07/26/2026-16:31:09] [I] Build DLA standalone loadable: Disabled
[07/26/2026-16:31:09] [I] Allow GPU fallback for DLA: Disabled
[07/26/2026-16:31:09] [I] DirectIO mode: Disabled
[07/26/2026-16:31:09] [I] Restricted mode: Disabled
[07/26/2026-16:31:09] [I] Skip inference: Disabled
[07/26/2026-16:31:09] [I] Save engine: 
[07/26/2026-16:31:09] [I] Load engine: 
[07/26/2026-16:31:09] [I] Profiling verbosity: 0
[07/26/2026-16:31:09] [I] Tactic sources: Using default tactic sources
[07/26/2026-16:31:09] [I] timingCacheMode: local
[07/26/2026-16:31:09] [I] timingCacheFile: 
[07/26/2026-16:31:09] [I] Enable Compilation Cache: Enabled
[07/26/2026-16:31:09] [I] errorOnTimingCacheMiss: Disabled
[07/26/2026-16:31:09] [I] Preview Features: Use default preview flags.
[07/26/2026-16:31:09] [I] MaxAuxStreams: -1
[07/26/2026-16:31:09] [I] BuilderOptimizationLevel: -1
[07/26/2026-16:31:09] [I] Calibration Profile Index: 0
[07/26/2026-16:31:09] [I] Weight Streaming: Disabled
[07/26/2026-16:31:09] [I] Runtime Platform: Same As Build
[07/26/2026-16:31:09] [I] Debug Tensors: 
[07/26/2026-16:31:09] [I] Input(s)s format: fp32:CHW
[07/26/2026-16:31:09] [I] Output(s)s format: fp32:CHW
[07/26/2026-16:31:09] [I] Input build shapes: model
[07/26/2026-16:31:09] [I] Input calibration shapes: model
[07/26/2026-16:31:09] [I] === System Options ===
[07/26/2026-16:31:09] [I] Device: 0
[07/26/2026-16:31:09] [I] DLACore: 
[07/26/2026-16:31:09] [I] Plugins:
[07/26/2026-16:31:09] [I] setPluginsToSerialize:
[07/26/2026-16:31:09] [I] dynamicPlugins:
[07/26/2026-16:31:09] [I] ignoreParsedPluginLibs: 0
[07/26/2026-16:31:09] [I] 
[07/26/2026-16:31:09] [I] === Inference Options ===
[07/26/2026-16:31:09] [I] Batch: Explicit
[07/26/2026-16:31:09] [I] Input inference shapes: model
[07/26/2026-16:31:09] [I] Iterations: 1000
[07/26/2026-16:31:09] [I] Duration: 3s (+ 2000ms warm up)
[07/26/2026-16:31:09] [I] Sleep time: 0ms
[07/26/2026-16:31:09] [I] Idle time: 0ms
[07/26/2026-16:31:09] [I] Inference Streams: 1
[07/26/2026-16:31:09] [I] ExposeDMA: Disabled
[07/26/2026-16:31:09] [I] Data transfers: Enabled
[07/26/2026-16:31:09] [I] Spin-wait: Disabled
[07/26/2026-16:31:09] [I] Multithreading: Disabled
[07/26/2026-16:31:09] [I] CUDA Graph: Disabled
[07/26/2026-16:31:09] [I] Separate profiling: Disabled
[07/26/2026-16:31:09] [I] Time Deserialize: Disabled
[07/26/2026-16:31:09] [I] Time Refit: Disabled
[07/26/2026-16:31:09] [I] NVTX verbosity: 0
[07/26/2026-16:31:09] [I] Persistent Cache Ratio: 0
[07/26/2026-16:31:09] [I] Optimization Profile Index: 0
[07/26/2026-16:31:09] [I] Weight Streaming Budget: 100.000000%
[07/26/2026-16:31:09] [I] Inputs:
[07/26/2026-16:31:09] [I] Debug Tensor Save Destinations:
[07/26/2026-16:31:09] [I] === Reporting Options ===
[07/26/2026-16:31:09] [I] Verbose: Disabled
[07/26/2026-16:31:09] [I] Averages: 100 inferences
[07/26/2026-16:31:09] [I] Percentiles: 90,95,99
[07/26/2026-16:31:09] [I] Dump refittable layers:Disabled
[07/26/2026-16:31:09] [I] Dump output: Disabled
[07/26/2026-16:31:09] [I] Profile: Disabled
[07/26/2026-16:31:09] [I] Export timing to JSON file: 
[07/26/2026-16:31:09] [I] Export output to JSON file: 
[07/26/2026-16:31:09] [I] Export profile to JSON file: 
[07/26/2026-16:31:09] [I] 
[07/26/2026-16:31:09] [I] === Device Information ===
[07/26/2026-16:31:09] [I] Available Devices: 
[07/26/2026-16:31:09] [I]   Device 0: "Orin" UUID: GPU-7a69094a-89cd-55a5-a5dc-a50bf7f8ee64
[07/26/2026-16:31:09] [I] Selected Device: Orin
[07/26/2026-16:31:09] [I] Selected Device ID: 0
[07/26/2026-16:31:09] [I] Selected Device UUID: GPU-7a69094a-89cd-55a5-a5dc-a50bf7f8ee64
[07/26/2026-16:31:09] [I] Compute Capability: 8.7
[07/26/2026-16:31:09] [I] SMs: 8
[07/26/2026-16:31:09] [I] Device Global Memory: 7619 MiB
[07/26/2026-16:31:09] [I] Shared Memory per SM: 164 KiB
[07/26/2026-16:31:09] [I] Memory Bus Width: 128 bits (ECC disabled)
[07/26/2026-16:31:09] [I] Application Compute Clock Rate: 1.02 GHz
[07/26/2026-16:31:09] [I] Application Memory Clock Rate: 1.02 GHz
[07/26/2026-16:31:09] [I] 
[07/26/2026-16:31:09] [I] Note: The application clock rates do not reflect the actual clock rates that the GPU is currently running at.
[07/26/2026-16:31:09] [I] 
[07/26/2026-16:31:09] [I] TensorRT version: 10.3.0
[07/26/2026-16:31:09] [I] Loading standard plugins
[07/26/2026-16:31:09] [I] [TRT] [MemUsageChange] Init CUDA: CPU +2, GPU +0, now: CPU 31, GPU 2849 (MiB)
[07/26/2026-16:31:11] [I] [TRT] [MemUsageChange] Init builder kernel library: CPU +928, GPU +752, now: CPU 1002, GPU 3646 (MiB)
[07/26/2026-16:31:11] [I] Start parsing network model.
[07/26/2026-16:31:11] [I] [TRT] ----------------------------------------------------------------
[07/26/2026-16:31:11] [I] [TRT] Input filename:   /home/zain/models/vgg16.onnx
[07/26/2026-16:31:11] [I] [TRT] ONNX IR version:  0.0.10
[07/26/2026-16:31:11] [I] [TRT] Opset version:    18
[07/26/2026-16:31:11] [I] [TRT] Producer name:    pytorch
[07/26/2026-16:31:11] [I] [TRT] Producer version: 2.13.0+cpu
[07/26/2026-16:31:11] [I] [TRT] Domain:           
[07/26/2026-16:31:11] [I] [TRT] Model version:    0
[07/26/2026-16:31:11] [I] [TRT] Doc string:       
[07/26/2026-16:31:11] [I] [TRT] ----------------------------------------------------------------
[07/26/2026-16:31:12] [I] Finished parsing network model. Parse time: 1.48959
[07/26/2026-16:31:12] [I] [TRT] Local timing cache in use. Profiling results in this builder pass will not be stored.
[07/26/2026-16:31:50] [I] [TRT] Detected 1 inputs and 1 output network tensors.
[07/26/2026-16:31:50] [I] [TRT] Total Host Persistent Memory: 95200
[07/26/2026-16:31:50] [I] [TRT] Total Device Persistent Memory: 0
[07/26/2026-16:31:50] [I] [TRT] Total Scratch Memory: 32768
[07/26/2026-16:31:50] [I] [TRT] [BlockAssignment] Started assigning block shifts. This will take 20 steps to complete.
[07/26/2026-16:31:50] [I] [TRT] [BlockAssignment] Algorithm ShiftNTopDown took 0.138305ms to assign 2 blocks to 20 nodes requiring 25690112 bytes.
[07/26/2026-16:31:50] [I] [TRT] Total Activation Memory: 25690112
[07/26/2026-16:31:50] [I] [TRT] Total Weights Memory: 553437440
[07/26/2026-16:31:50] [I] [TRT] Engine generation completed in 37.9216 seconds.
[07/26/2026-16:31:50] [I] [TRT] [MemUsageStats] Peak memory usage of TRT CPU/GPU memory allocators: CPU 9 MiB, GPU 535 MiB
[07/26/2026-16:31:51] [I] [TRT] [MemUsageStats] Peak memory usage during Engine building and serialization: CPU: 3109 MiB
[07/26/2026-16:31:51] [I] Engine built in 38.1686 sec.
[07/26/2026-16:31:51] [I] Created engine with size: 528.131 MiB
[07/26/2026-16:31:51] [I] [TRT] Loaded engine size: 528 MiB
[07/26/2026-16:31:51] [I] Engine deserialized in 0.115493 sec.
[07/26/2026-16:31:51] [I] [TRT] [MemUsageChange] TensorRT-managed allocation in IExecutionContext creation: CPU +0, GPU +25, now: CPU 0, GPU 552 (MiB)
[07/26/2026-16:31:51] [I] Setting persistentCacheLimit to 0 bytes.
[07/26/2026-16:31:51] [I] Created execution context with device memory size: 24.5 MiB
[07/26/2026-16:31:51] [I] Using random values for input input
[07/26/2026-16:31:51] [I] Input binding for input with dimensions 1x3x224x224 is created.
[07/26/2026-16:31:51] [I] Output binding for output with dimensions 1x1000 is created.
[07/26/2026-16:31:51] [I] Starting inference
[07/26/2026-16:32:04] [I] Warmup completed 175 queries over 2000 ms
[07/26/2026-16:32:04] [I] Timing trace has 1000 queries over 11.4653 s
[07/26/2026-16:32:04] [I] 
[07/26/2026-16:32:04] [I] === Trace details ===
[07/26/2026-16:32:04] [I] Trace averages of 100 runs:
[07/26/2026-16:32:04] [I] Average on 100 runs - GPU latency: 11.4487 ms - Host latency: 11.5016 ms (enqueue 0.194293 ms)
[07/26/2026-16:32:04] [I] Average on 100 runs - GPU latency: 11.4532 ms - Host latency: 11.5065 ms (enqueue 0.194355 ms)
[07/26/2026-16:32:04] [I] Average on 100 runs - GPU latency: 11.45 ms - Host latency: 11.5035 ms (enqueue 0.195171 ms)
[07/26/2026-16:32:04] [I] Average on 100 runs - GPU latency: 11.451 ms - Host latency: 11.505 ms (enqueue 0.195337 ms)
[07/26/2026-16:32:04] [I] Average on 100 runs - GPU latency: 11.4505 ms - Host latency: 11.5041 ms (enqueue 0.194858 ms)
[07/26/2026-16:32:04] [I] Average on 100 runs - GPU latency: 11.4534 ms - Host latency: 11.5074 ms (enqueue 0.194478 ms)
[07/26/2026-16:32:04] [I] Average on 100 runs - GPU latency: 11.4517 ms - Host latency: 11.5057 ms (enqueue 0.195801 ms)
[07/26/2026-16:32:04] [I] Average on 100 runs - GPU latency: 11.4499 ms - Host latency: 11.5037 ms (enqueue 0.195879 ms)
[07/26/2026-16:32:04] [I] Average on 100 runs - GPU latency: 11.4505 ms - Host latency: 11.5043 ms (enqueue 0.19499 ms)
[07/26/2026-16:32:04] [I] Average on 100 runs - GPU latency: 11.4516 ms - Host latency: 11.505 ms (enqueue 0.195068 ms)
[07/26/2026-16:32:04] [I] 
[07/26/2026-16:32:04] [I] === Performance summary ===
[07/26/2026-16:32:04] [I] Throughput: 87.2199 qps
[07/26/2026-16:32:04] [I] Latency: min = 11.4746 ms, max = 11.5361 ms, mean = 11.5047 ms, median = 11.5049 ms, percentile(90%) = 11.5176 ms, percentile(95%) = 11.5215 ms, percentile(99%) = 11.5293 ms
[07/26/2026-16:32:04] [I] Enqueue Time: min = 0.185547 ms, max = 0.241211 ms, mean = 0.195023 ms, median = 0.193359 ms, percentile(90%) = 0.199219 ms, percentile(95%) = 0.20459 ms, percentile(99%) = 0.227539 ms
[07/26/2026-16:32:04] [I] H2D Latency: min = 0.0429688 ms, max = 0.0703125 ms, mean = 0.0482789 ms, median = 0.0478516 ms, percentile(90%) = 0.0507812 ms, percentile(95%) = 0.0517578 ms, percentile(99%) = 0.0566406 ms
[07/26/2026-16:32:04] [I] GPU Compute Time: min = 11.4219 ms, max = 11.481 ms, mean = 11.4511 ms, median = 11.451 ms, percentile(90%) = 11.4639 ms, percentile(95%) = 11.4675 ms, percentile(99%) = 11.4761 ms
[07/26/2026-16:32:04] [I] D2H Latency: min = 0.00390625 ms, max = 0.00683594 ms, mean = 0.0053429 ms, median = 0.00537109 ms, percentile(90%) = 0.00585938 ms, percentile(95%) = 0.00634766 ms, percentile(99%) = 0.00683594 ms
[07/26/2026-16:32:04] [I] Total Host Walltime: 11.4653 s
[07/26/2026-16:32:04] [I] Total GPU Compute Time: 11.4511 s
[07/26/2026-16:32:04] [I] Explanations of the performance metrics are printed in the verbose logs.
[07/26/2026-16:32:04] [I] 
&&&& PASSED TensorRT.trtexec [TensorRT v100300] # /usr/src/tensorrt/bin/trtexec --onnx=/home/zain/models/vgg16.onnx --iterations=1000 --avgRuns=100 --warmUp=2000
