&&&& RUNNING TensorRT.trtexec [TensorRT v100300] # /usr/src/tensorrt/bin/trtexec --onnx=/home/zain/models/vgg16.onnx --fp16 --iterations=1000 --avgRuns=100 --warmUp=2000
[07/26/2026-16:33:05] [I] === Model Options ===
[07/26/2026-16:33:05] [I] Format: ONNX
[07/26/2026-16:33:05] [I] Model: /home/zain/models/vgg16.onnx
[07/26/2026-16:33:05] [I] Output:
[07/26/2026-16:33:05] [I] === Build Options ===
[07/26/2026-16:33:05] [I] Memory Pools: workspace: default, dlaSRAM: default, dlaLocalDRAM: default, dlaGlobalDRAM: default, tacticSharedMem: default
[07/26/2026-16:33:05] [I] avgTiming: 8
[07/26/2026-16:33:05] [I] Precision: FP32+FP16
[07/26/2026-16:33:05] [I] LayerPrecisions: 
[07/26/2026-16:33:05] [I] Layer Device Types: 
[07/26/2026-16:33:05] [I] Calibration: 
[07/26/2026-16:33:05] [I] Refit: Disabled
[07/26/2026-16:33:05] [I] Strip weights: Disabled
[07/26/2026-16:33:05] [I] Version Compatible: Disabled
[07/26/2026-16:33:05] [I] ONNX Plugin InstanceNorm: Disabled
[07/26/2026-16:33:05] [I] TensorRT runtime: full
[07/26/2026-16:33:05] [I] Lean DLL Path: 
[07/26/2026-16:33:05] [I] Tempfile Controls: { in_memory: allow, temporary: allow }
[07/26/2026-16:33:05] [I] Exclude Lean Runtime: Disabled
[07/26/2026-16:33:05] [I] Sparsity: Disabled
[07/26/2026-16:33:05] [I] Safe mode: Disabled
[07/26/2026-16:33:05] [I] Build DLA standalone loadable: Disabled
[07/26/2026-16:33:05] [I] Allow GPU fallback for DLA: Disabled
[07/26/2026-16:33:05] [I] DirectIO mode: Disabled
[07/26/2026-16:33:05] [I] Restricted mode: Disabled
[07/26/2026-16:33:05] [I] Skip inference: Disabled
[07/26/2026-16:33:05] [I] Save engine: 
[07/26/2026-16:33:05] [I] Load engine: 
[07/26/2026-16:33:05] [I] Profiling verbosity: 0
[07/26/2026-16:33:05] [I] Tactic sources: Using default tactic sources
[07/26/2026-16:33:05] [I] timingCacheMode: local
[07/26/2026-16:33:05] [I] timingCacheFile: 
[07/26/2026-16:33:05] [I] Enable Compilation Cache: Enabled
[07/26/2026-16:33:05] [I] errorOnTimingCacheMiss: Disabled
[07/26/2026-16:33:05] [I] Preview Features: Use default preview flags.
[07/26/2026-16:33:05] [I] MaxAuxStreams: -1
[07/26/2026-16:33:05] [I] BuilderOptimizationLevel: -1
[07/26/2026-16:33:05] [I] Calibration Profile Index: 0
[07/26/2026-16:33:05] [I] Weight Streaming: Disabled
[07/26/2026-16:33:05] [I] Runtime Platform: Same As Build
[07/26/2026-16:33:05] [I] Debug Tensors: 
[07/26/2026-16:33:05] [I] Input(s)s format: fp32:CHW
[07/26/2026-16:33:05] [I] Output(s)s format: fp32:CHW
[07/26/2026-16:33:05] [I] Input build shapes: model
[07/26/2026-16:33:05] [I] Input calibration shapes: model
[07/26/2026-16:33:05] [I] === System Options ===
[07/26/2026-16:33:05] [I] Device: 0
[07/26/2026-16:33:05] [I] DLACore: 
[07/26/2026-16:33:05] [I] Plugins:
[07/26/2026-16:33:05] [I] setPluginsToSerialize:
[07/26/2026-16:33:05] [I] dynamicPlugins:
[07/26/2026-16:33:05] [I] ignoreParsedPluginLibs: 0
[07/26/2026-16:33:05] [I] 
[07/26/2026-16:33:05] [I] === Inference Options ===
[07/26/2026-16:33:05] [I] Batch: Explicit
[07/26/2026-16:33:05] [I] Input inference shapes: model
[07/26/2026-16:33:05] [I] Iterations: 1000
[07/26/2026-16:33:05] [I] Duration: 3s (+ 2000ms warm up)
[07/26/2026-16:33:05] [I] Sleep time: 0ms
[07/26/2026-16:33:05] [I] Idle time: 0ms
[07/26/2026-16:33:05] [I] Inference Streams: 1
[07/26/2026-16:33:05] [I] ExposeDMA: Disabled
[07/26/2026-16:33:05] [I] Data transfers: Enabled
[07/26/2026-16:33:05] [I] Spin-wait: Disabled
[07/26/2026-16:33:05] [I] Multithreading: Disabled
[07/26/2026-16:33:05] [I] CUDA Graph: Disabled
[07/26/2026-16:33:05] [I] Separate profiling: Disabled
[07/26/2026-16:33:05] [I] Time Deserialize: Disabled
[07/26/2026-16:33:05] [I] Time Refit: Disabled
[07/26/2026-16:33:05] [I] NVTX verbosity: 0
[07/26/2026-16:33:05] [I] Persistent Cache Ratio: 0
[07/26/2026-16:33:05] [I] Optimization Profile Index: 0
[07/26/2026-16:33:05] [I] Weight Streaming Budget: 100.000000%
[07/26/2026-16:33:05] [I] Inputs:
[07/26/2026-16:33:05] [I] Debug Tensor Save Destinations:
[07/26/2026-16:33:05] [I] === Reporting Options ===
[07/26/2026-16:33:05] [I] Verbose: Disabled
[07/26/2026-16:33:05] [I] Averages: 100 inferences
[07/26/2026-16:33:05] [I] Percentiles: 90,95,99
[07/26/2026-16:33:05] [I] Dump refittable layers:Disabled
[07/26/2026-16:33:05] [I] Dump output: Disabled
[07/26/2026-16:33:05] [I] Profile: Disabled
[07/26/2026-16:33:05] [I] Export timing to JSON file: 
[07/26/2026-16:33:05] [I] Export output to JSON file: 
[07/26/2026-16:33:05] [I] Export profile to JSON file: 
[07/26/2026-16:33:05] [I] 
[07/26/2026-16:33:05] [I] === Device Information ===
[07/26/2026-16:33:05] [I] Available Devices: 
[07/26/2026-16:33:05] [I]   Device 0: "Orin" UUID: GPU-7a69094a-89cd-55a5-a5dc-a50bf7f8ee64
[07/26/2026-16:33:05] [I] Selected Device: Orin
[07/26/2026-16:33:05] [I] Selected Device ID: 0
[07/26/2026-16:33:05] [I] Selected Device UUID: GPU-7a69094a-89cd-55a5-a5dc-a50bf7f8ee64
[07/26/2026-16:33:05] [I] Compute Capability: 8.7
[07/26/2026-16:33:05] [I] SMs: 8
[07/26/2026-16:33:05] [I] Device Global Memory: 7619 MiB
[07/26/2026-16:33:05] [I] Shared Memory per SM: 164 KiB
[07/26/2026-16:33:05] [I] Memory Bus Width: 128 bits (ECC disabled)
[07/26/2026-16:33:05] [I] Application Compute Clock Rate: 1.02 GHz
[07/26/2026-16:33:05] [I] Application Memory Clock Rate: 1.02 GHz
[07/26/2026-16:33:05] [I] 
[07/26/2026-16:33:05] [I] Note: The application clock rates do not reflect the actual clock rates that the GPU is currently running at.
[07/26/2026-16:33:05] [I] 
[07/26/2026-16:33:05] [I] TensorRT version: 10.3.0
[07/26/2026-16:33:05] [I] Loading standard plugins
[07/26/2026-16:33:05] [I] [TRT] [MemUsageChange] Init CUDA: CPU +2, GPU +0, now: CPU 31, GPU 2872 (MiB)
[07/26/2026-16:33:07] [I] [TRT] [MemUsageChange] Init builder kernel library: CPU +928, GPU +749, now: CPU 1002, GPU 3667 (MiB)
[07/26/2026-16:33:07] [I] Start parsing network model.
[07/26/2026-16:33:07] [I] [TRT] ----------------------------------------------------------------
[07/26/2026-16:33:07] [I] [TRT] Input filename:   /home/zain/models/vgg16.onnx
[07/26/2026-16:33:07] [I] [TRT] ONNX IR version:  0.0.10
[07/26/2026-16:33:07] [I] [TRT] Opset version:    18
[07/26/2026-16:33:07] [I] [TRT] Producer name:    pytorch
[07/26/2026-16:33:07] [I] [TRT] Producer version: 2.13.0+cpu
[07/26/2026-16:33:07] [I] [TRT] Domain:           
[07/26/2026-16:33:07] [I] [TRT] Model version:    0
[07/26/2026-16:33:07] [I] [TRT] Doc string:       
[07/26/2026-16:33:07] [I] [TRT] ----------------------------------------------------------------
[07/26/2026-16:33:08] [I] Finished parsing network model. Parse time: 0.432789
[07/26/2026-16:33:08] [I] [TRT] Local timing cache in use. Profiling results in this builder pass will not be stored.
[07/26/2026-16:34:16] [I] [TRT] Detected 1 inputs and 1 output network tensors.
[07/26/2026-16:34:18] [I] [TRT] Total Host Persistent Memory: 94496
[07/26/2026-16:34:18] [I] [TRT] Total Device Persistent Memory: 0
[07/26/2026-16:34:18] [I] [TRT] Total Scratch Memory: 58368
[07/26/2026-16:34:18] [I] [TRT] [BlockAssignment] Started assigning block shifts. This will take 20 steps to complete.
[07/26/2026-16:34:18] [I] [TRT] [BlockAssignment] Algorithm ShiftNTopDown took 0.140257ms to assign 2 blocks to 20 nodes requiring 12845056 bytes.
[07/26/2026-16:34:18] [I] [TRT] Total Activation Memory: 12845056
[07/26/2026-16:34:18] [I] [TRT] Total Weights Memory: 276742400
[07/26/2026-16:34:18] [I] [TRT] Engine generation completed in 70.1266 seconds.
[07/26/2026-16:34:18] [I] [TRT] [MemUsageStats] Peak memory usage of TRT CPU/GPU memory allocators: CPU 235 MiB, GPU 784 MiB
[07/26/2026-16:34:18] [I] [TRT] [MemUsageStats] Peak memory usage during Engine building and serialization: CPU: 4016 MiB
[07/26/2026-16:34:18] [I] Engine built in 70.2443 sec.
[07/26/2026-16:34:18] [I] Created engine with size: 264.185 MiB
[07/26/2026-16:34:18] [I] [TRT] Loaded engine size: 264 MiB
[07/26/2026-16:34:18] [I] Engine deserialized in 0.0634039 sec.
[07/26/2026-16:34:18] [I] [TRT] [MemUsageChange] TensorRT-managed allocation in IExecutionContext creation: CPU +0, GPU +13, now: CPU 0, GPU 276 (MiB)
[07/26/2026-16:34:18] [I] Setting persistentCacheLimit to 0 bytes.
[07/26/2026-16:34:18] [I] Created execution context with device memory size: 12.25 MiB
[07/26/2026-16:34:18] [I] Using random values for input input
[07/26/2026-16:34:18] [I] Input binding for input with dimensions 1x3x224x224 is created.
[07/26/2026-16:34:18] [I] Output binding for output with dimensions 1x1000 is created.
[07/26/2026-16:34:18] [I] Starting inference
[07/26/2026-16:34:26] [I] Warmup completed 341 queries over 2000 ms
[07/26/2026-16:34:26] [I] Timing trace has 1000 queries over 5.87811 s
[07/26/2026-16:34:26] [I] 
[07/26/2026-16:34:26] [I] === Trace details ===
[07/26/2026-16:34:26] [I] Trace averages of 100 runs:
[07/26/2026-16:34:26] [I] Average on 100 runs - GPU latency: 5.86957 ms - Host latency: 5.9205 ms (enqueue 0.207629 ms)
[07/26/2026-16:34:26] [I] Average on 100 runs - GPU latency: 5.8674 ms - Host latency: 5.91837 ms (enqueue 0.206062 ms)
[07/26/2026-16:34:26] [I] Average on 100 runs - GPU latency: 5.86981 ms - Host latency: 5.9207 ms (enqueue 0.211675 ms)
[07/26/2026-16:34:26] [I] Average on 100 runs - GPU latency: 5.87 ms - Host latency: 5.92054 ms (enqueue 0.206819 ms)
[07/26/2026-16:34:26] [I] Average on 100 runs - GPU latency: 5.8706 ms - Host latency: 5.92121 ms (enqueue 0.203452 ms)
[07/26/2026-16:34:26] [I] Average on 100 runs - GPU latency: 5.86973 ms - Host latency: 5.92113 ms (enqueue 0.205552 ms)
[07/26/2026-16:34:26] [I] Average on 100 runs - GPU latency: 5.86972 ms - Host latency: 5.92045 ms (enqueue 0.202964 ms)
[07/26/2026-16:34:26] [I] Average on 100 runs - GPU latency: 5.87015 ms - Host latency: 5.9212 ms (enqueue 0.205732 ms)
[07/26/2026-16:34:26] [I] Average on 100 runs - GPU latency: 5.86851 ms - Host latency: 5.91948 ms (enqueue 0.204316 ms)
[07/26/2026-16:34:26] [I] Average on 100 runs - GPU latency: 5.87042 ms - Host latency: 5.92122 ms (enqueue 0.200732 ms)
[07/26/2026-16:34:26] [I] 
[07/26/2026-16:34:26] [I] === Performance summary ===
[07/26/2026-16:34:26] [I] Throughput: 170.123 qps
[07/26/2026-16:34:26] [I] Latency: min = 5.89893 ms, max = 5.95508 ms, mean = 5.92048 ms, median = 5.91992 ms, percentile(90%) = 5.93115 ms, percentile(95%) = 5.93408 ms, percentile(99%) = 5.94067 ms
[07/26/2026-16:34:26] [I] Enqueue Time: min = 0.192871 ms, max = 0.34082 ms, mean = 0.205493 ms, median = 0.20166 ms, percentile(90%) = 0.214355 ms, percentile(95%) = 0.232178 ms, percentile(99%) = 0.257324 ms
[07/26/2026-16:34:26] [I] H2D Latency: min = 0.0405273 ms, max = 0.0673828 ms, mean = 0.0451156 ms, median = 0.0449219 ms, percentile(90%) = 0.0473633 ms, percentile(95%) = 0.0493164 ms, percentile(99%) = 0.0566406 ms
[07/26/2026-16:34:26] [I] GPU Compute Time: min = 5.84766 ms, max = 5.896 ms, mean = 5.86959 ms, median = 5.86914 ms, percentile(90%) = 5.87939 ms, percentile(95%) = 5.88184 ms, percentile(99%) = 5.88818 ms
[07/26/2026-16:34:26] [I] D2H Latency: min = 0.00390625 ms, max = 0.00952148 ms, mean = 0.00577502 ms, median = 0.00585938 ms, percentile(90%) = 0.00683594 ms, percentile(95%) = 0.00708008 ms, percentile(99%) = 0.00927734 ms
[07/26/2026-16:34:26] [I] Total Host Walltime: 5.87811 s
[07/26/2026-16:34:26] [I] Total GPU Compute Time: 5.86959 s
[07/26/2026-16:34:26] [I] Explanations of the performance metrics are printed in the verbose logs.
[07/26/2026-16:34:26] [I] 
&&&& PASSED TensorRT.trtexec [TensorRT v100300] # /usr/src/tensorrt/bin/trtexec --onnx=/home/zain/models/vgg16.onnx --fp16 --iterations=1000 --avgRuns=100 --warmUp=2000
