&&&& RUNNING TensorRT.trtexec [TensorRT v100300] # /usr/src/tensorrt/bin/trtexec --onnx=/home/zain/models/vgg16.onnx --int8 --iterations=1000 --avgRuns=100 --warmUp=2000
[07/26/2026-16:44:12] [I] === Model Options ===
[07/26/2026-16:44:12] [I] Format: ONNX
[07/26/2026-16:44:12] [I] Model: /home/zain/models/vgg16.onnx
[07/26/2026-16:44:12] [I] Output:
[07/26/2026-16:44:12] [I] === Build Options ===
[07/26/2026-16:44:12] [I] Memory Pools: workspace: default, dlaSRAM: default, dlaLocalDRAM: default, dlaGlobalDRAM: default, tacticSharedMem: default
[07/26/2026-16:44:12] [I] avgTiming: 8
[07/26/2026-16:44:12] [I] Precision: FP32+INT8
[07/26/2026-16:44:12] [I] LayerPrecisions: 
[07/26/2026-16:44:12] [I] Layer Device Types: 
[07/26/2026-16:44:12] [I] Calibration: Dynamic
[07/26/2026-16:44:12] [I] Refit: Disabled
[07/26/2026-16:44:12] [I] Strip weights: Disabled
[07/26/2026-16:44:12] [I] Version Compatible: Disabled
[07/26/2026-16:44:12] [I] ONNX Plugin InstanceNorm: Disabled
[07/26/2026-16:44:12] [I] TensorRT runtime: full
[07/26/2026-16:44:12] [I] Lean DLL Path: 
[07/26/2026-16:44:12] [I] Tempfile Controls: { in_memory: allow, temporary: allow }
[07/26/2026-16:44:12] [I] Exclude Lean Runtime: Disabled
[07/26/2026-16:44:12] [I] Sparsity: Disabled
[07/26/2026-16:44:12] [I] Safe mode: Disabled
[07/26/2026-16:44:12] [I] Build DLA standalone loadable: Disabled
[07/26/2026-16:44:12] [I] Allow GPU fallback for DLA: Disabled
[07/26/2026-16:44:12] [I] DirectIO mode: Disabled
[07/26/2026-16:44:12] [I] Restricted mode: Disabled
[07/26/2026-16:44:12] [I] Skip inference: Disabled
[07/26/2026-16:44:12] [I] Save engine: 
[07/26/2026-16:44:12] [I] Load engine: 
[07/26/2026-16:44:12] [I] Profiling verbosity: 0
[07/26/2026-16:44:12] [I] Tactic sources: Using default tactic sources
[07/26/2026-16:44:12] [I] timingCacheMode: local
[07/26/2026-16:44:12] [I] timingCacheFile: 
[07/26/2026-16:44:12] [I] Enable Compilation Cache: Enabled
[07/26/2026-16:44:12] [I] errorOnTimingCacheMiss: Disabled
[07/26/2026-16:44:12] [I] Preview Features: Use default preview flags.
[07/26/2026-16:44:12] [I] MaxAuxStreams: -1
[07/26/2026-16:44:12] [I] BuilderOptimizationLevel: -1
[07/26/2026-16:44:12] [I] Calibration Profile Index: 0
[07/26/2026-16:44:12] [I] Weight Streaming: Disabled
[07/26/2026-16:44:12] [I] Runtime Platform: Same As Build
[07/26/2026-16:44:12] [I] Debug Tensors: 
[07/26/2026-16:44:12] [I] Input(s)s format: fp32:CHW
[07/26/2026-16:44:12] [I] Output(s)s format: fp32:CHW
[07/26/2026-16:44:12] [I] Input build shapes: model
[07/26/2026-16:44:12] [I] Input calibration shapes: model
[07/26/2026-16:44:12] [I] === System Options ===
[07/26/2026-16:44:12] [I] Device: 0
[07/26/2026-16:44:12] [I] DLACore: 
[07/26/2026-16:44:12] [I] Plugins:
[07/26/2026-16:44:12] [I] setPluginsToSerialize:
[07/26/2026-16:44:12] [I] dynamicPlugins:
[07/26/2026-16:44:12] [I] ignoreParsedPluginLibs: 0
[07/26/2026-16:44:12] [I] 
[07/26/2026-16:44:12] [I] === Inference Options ===
[07/26/2026-16:44:12] [I] Batch: Explicit
[07/26/2026-16:44:12] [I] Input inference shapes: model
[07/26/2026-16:44:12] [I] Iterations: 1000
[07/26/2026-16:44:12] [I] Duration: 3s (+ 2000ms warm up)
[07/26/2026-16:44:12] [I] Sleep time: 0ms
[07/26/2026-16:44:12] [I] Idle time: 0ms
[07/26/2026-16:44:12] [I] Inference Streams: 1
[07/26/2026-16:44:12] [I] ExposeDMA: Disabled
[07/26/2026-16:44:12] [I] Data transfers: Enabled
[07/26/2026-16:44:12] [I] Spin-wait: Disabled
[07/26/2026-16:44:12] [I] Multithreading: Disabled
[07/26/2026-16:44:12] [I] CUDA Graph: Disabled
[07/26/2026-16:44:12] [I] Separate profiling: Disabled
[07/26/2026-16:44:12] [I] Time Deserialize: Disabled
[07/26/2026-16:44:12] [I] Time Refit: Disabled
[07/26/2026-16:44:12] [I] NVTX verbosity: 0
[07/26/2026-16:44:12] [I] Persistent Cache Ratio: 0
[07/26/2026-16:44:12] [I] Optimization Profile Index: 0
[07/26/2026-16:44:12] [I] Weight Streaming Budget: 100.000000%
[07/26/2026-16:44:12] [I] Inputs:
[07/26/2026-16:44:12] [I] Debug Tensor Save Destinations:
[07/26/2026-16:44:12] [I] === Reporting Options ===
[07/26/2026-16:44:12] [I] Verbose: Disabled
[07/26/2026-16:44:12] [I] Averages: 100 inferences
[07/26/2026-16:44:12] [I] Percentiles: 90,95,99
[07/26/2026-16:44:12] [I] Dump refittable layers:Disabled
[07/26/2026-16:44:12] [I] Dump output: Disabled
[07/26/2026-16:44:12] [I] Profile: Disabled
[07/26/2026-16:44:12] [I] Export timing to JSON file: 
[07/26/2026-16:44:12] [I] Export output to JSON file: 
[07/26/2026-16:44:12] [I] Export profile to JSON file: 
[07/26/2026-16:44:12] [I] 
[07/26/2026-16:44:12] [I] === Device Information ===
[07/26/2026-16:44:12] [I] Available Devices: 
[07/26/2026-16:44:12] [I]   Device 0: "Orin" UUID: GPU-7a69094a-89cd-55a5-a5dc-a50bf7f8ee64
[07/26/2026-16:44:12] [I] Selected Device: Orin
[07/26/2026-16:44:12] [I] Selected Device ID: 0
[07/26/2026-16:44:12] [I] Selected Device UUID: GPU-7a69094a-89cd-55a5-a5dc-a50bf7f8ee64
[07/26/2026-16:44:12] [I] Compute Capability: 8.7
[07/26/2026-16:44:12] [I] SMs: 8
[07/26/2026-16:44:12] [I] Device Global Memory: 7619 MiB
[07/26/2026-16:44:12] [I] Shared Memory per SM: 164 KiB
[07/26/2026-16:44:12] [I] Memory Bus Width: 128 bits (ECC disabled)
[07/26/2026-16:44:12] [I] Application Compute Clock Rate: 1.02 GHz
[07/26/2026-16:44:12] [I] Application Memory Clock Rate: 1.02 GHz
[07/26/2026-16:44:12] [I] 
[07/26/2026-16:44:12] [I] Note: The application clock rates do not reflect the actual clock rates that the GPU is currently running at.
[07/26/2026-16:44:12] [I] 
[07/26/2026-16:44:12] [I] TensorRT version: 10.3.0
[07/26/2026-16:44:12] [I] Loading standard plugins
[07/26/2026-16:44:12] [I] [TRT] [MemUsageChange] Init CUDA: CPU +2, GPU +0, now: CPU 31, GPU 2904 (MiB)
[07/26/2026-16:44:14] [I] [TRT] [MemUsageChange] Init builder kernel library: CPU +928, GPU +1091, now: CPU 1002, GPU 4040 (MiB)
[07/26/2026-16:44:14] [I] Start parsing network model.
[07/26/2026-16:44:14] [I] [TRT] ----------------------------------------------------------------
[07/26/2026-16:44:14] [I] [TRT] Input filename:   /home/zain/models/vgg16.onnx
[07/26/2026-16:44:14] [I] [TRT] ONNX IR version:  0.0.10
[07/26/2026-16:44:14] [I] [TRT] Opset version:    18
[07/26/2026-16:44:14] [I] [TRT] Producer name:    pytorch
[07/26/2026-16:44:14] [I] [TRT] Producer version: 2.13.0+cpu
[07/26/2026-16:44:14] [I] [TRT] Domain:           
[07/26/2026-16:44:14] [I] [TRT] Model version:    0
[07/26/2026-16:44:14] [I] [TRT] Doc string:       
[07/26/2026-16:44:14] [I] [TRT] ----------------------------------------------------------------
[07/26/2026-16:44:15] [I] Finished parsing network model. Parse time: 0.332416
[07/26/2026-16:44:15] [I] FP32 and INT8 precisions have been specified - more performance might be enabled by additionally specifying --fp16 or --best
[07/26/2026-16:44:15] [W] [TRT] Calibrator is not being used. Users must provide dynamic range for all tensors that are not Int32 or Bool.
[07/26/2026-16:44:15] [I] [TRT] Local timing cache in use. Profiling results in this builder pass will not be stored.
[07/26/2026-16:47:57] [I] [TRT] Detected 1 inputs and 1 output network tensors.
[07/26/2026-16:48:11] [I] [TRT] Total Host Persistent Memory: 93680
[07/26/2026-16:48:11] [I] [TRT] Total Device Persistent Memory: 0
[07/26/2026-16:48:11] [I] [TRT] Total Scratch Memory: 0
[07/26/2026-16:48:11] [I] [TRT] [BlockAssignment] Started assigning block shifts. This will take 24 steps to complete.
[07/26/2026-16:48:11] [I] [TRT] [BlockAssignment] Algorithm ShiftNTopDown took 0.218498ms to assign 3 blocks to 24 nodes requiring 6423040 bytes.
[07/26/2026-16:48:11] [I] [TRT] Total Activation Memory: 6422528
[07/26/2026-16:48:11] [I] [TRT] Total Weights Memory: 138734596
[07/26/2026-16:48:11] [I] [TRT] Engine generation completed in 236.701 seconds.
[07/26/2026-16:48:11] [I] [TRT] [MemUsageStats] Peak memory usage of TRT CPU/GPU memory allocators: CPU 98 MiB, GPU 1308 MiB
[07/26/2026-16:48:11] [I] [TRT] [MemUsageStats] Peak memory usage during Engine building and serialization: CPU: 3385 MiB
[07/26/2026-16:48:11] [I] Engine built in 236.815 sec.
[07/26/2026-16:48:11] [I] Created engine with size: 132.646 MiB
[07/26/2026-16:48:12] [I] [TRT] Loaded engine size: 132 MiB
[07/26/2026-16:48:12] [I] Engine deserialized in 0.0649301 sec.
[07/26/2026-16:48:12] [I] [TRT] [MemUsageChange] TensorRT-managed allocation in IExecutionContext creation: CPU +0, GPU +6, now: CPU 0, GPU 138 (MiB)
[07/26/2026-16:48:12] [I] Setting persistentCacheLimit to 0 bytes.
[07/26/2026-16:48:12] [I] Created execution context with device memory size: 6.125 MiB
[07/26/2026-16:48:12] [I] Using random values for input input
[07/26/2026-16:48:12] [I] Input binding for input with dimensions 1x3x224x224 is created.
[07/26/2026-16:48:12] [I] Output binding for output with dimensions 1x1000 is created.
[07/26/2026-16:48:12] [I] Starting inference
[07/26/2026-16:48:17] [I] Warmup completed 722 queries over 2000 ms
[07/26/2026-16:48:17] [I] Timing trace has 1086 queries over 3.01067 s
[07/26/2026-16:48:17] [I] 
[07/26/2026-16:48:17] [I] === Trace details ===
[07/26/2026-16:48:17] [I] Trace averages of 100 runs:
[07/26/2026-16:48:17] [I] Average on 100 runs - GPU latency: 2.767 ms - Host latency: 2.81665 ms (enqueue 0.16202 ms)
[07/26/2026-16:48:17] [I] Average on 100 runs - GPU latency: 2.76681 ms - Host latency: 2.81629 ms (enqueue 0.162849 ms)
[07/26/2026-16:48:17] [I] Average on 100 runs - GPU latency: 2.76662 ms - Host latency: 2.8164 ms (enqueue 0.160112 ms)
[07/26/2026-16:48:17] [I] Average on 100 runs - GPU latency: 2.76679 ms - Host latency: 2.81649 ms (enqueue 0.160576 ms)
[07/26/2026-16:48:17] [I] Average on 100 runs - GPU latency: 2.76699 ms - Host latency: 2.81685 ms (enqueue 0.161868 ms)
[07/26/2026-16:48:17] [I] Average on 100 runs - GPU latency: 2.76724 ms - Host latency: 2.81651 ms (enqueue 0.162026 ms)
[07/26/2026-16:48:17] [I] Average on 100 runs - GPU latency: 2.7667 ms - Host latency: 2.81621 ms (enqueue 0.162742 ms)
[07/26/2026-16:48:17] [I] Average on 100 runs - GPU latency: 2.76698 ms - Host latency: 2.81661 ms (enqueue 0.160527 ms)
[07/26/2026-16:48:17] [I] Average on 100 runs - GPU latency: 2.76683 ms - Host latency: 2.81594 ms (enqueue 0.161484 ms)
[07/26/2026-16:48:17] [I] Average on 100 runs - GPU latency: 2.76739 ms - Host latency: 2.817 ms (enqueue 0.160229 ms)
[07/26/2026-16:48:17] [I] 
[07/26/2026-16:48:17] [I] === Performance summary ===
[07/26/2026-16:48:17] [I] Throughput: 360.717 qps
[07/26/2026-16:48:17] [I] Latency: min = 2.80615 ms, max = 2.82861 ms, mean = 2.81654 ms, median = 2.81628 ms, percentile(90%) = 2.8208 ms, percentile(95%) = 2.82227 ms, percentile(99%) = 2.8252 ms
[07/26/2026-16:48:17] [I] Enqueue Time: min = 0.152344 ms, max = 0.229736 ms, mean = 0.161499 ms, median = 0.159668 ms, percentile(90%) = 0.16626 ms, percentile(95%) = 0.171143 ms, percentile(99%) = 0.200195 ms
[07/26/2026-16:48:17] [I] H2D Latency: min = 0.0366211 ms, max = 0.0551758 ms, mean = 0.0426103 ms, median = 0.0419922 ms, percentile(90%) = 0.0463867 ms, percentile(95%) = 0.0473633 ms, percentile(99%) = 0.0490723 ms
[07/26/2026-16:48:17] [I] GPU Compute Time: min = 2.76196 ms, max = 2.77979 ms, mean = 2.76698 ms, median = 2.76709 ms, percentile(90%) = 2.76904 ms, percentile(95%) = 2.76978 ms, percentile(99%) = 2.771 ms
[07/26/2026-16:48:17] [I] D2H Latency: min = 0.00341797 ms, max = 0.00952148 ms, mean = 0.00695003 ms, median = 0.00732422 ms, percentile(90%) = 0.00830078 ms, percentile(95%) = 0.00854492 ms, percentile(99%) = 0.00878906 ms
[07/26/2026-16:48:17] [I] Total Host Walltime: 3.01067 s
[07/26/2026-16:48:17] [I] Total GPU Compute Time: 3.00494 s
[07/26/2026-16:48:17] [I] Explanations of the performance metrics are printed in the verbose logs.
[07/26/2026-16:48:17] [I] 
&&&& PASSED TensorRT.trtexec [TensorRT v100300] # /usr/src/tensorrt/bin/trtexec --onnx=/home/zain/models/vgg16.onnx --int8 --iterations=1000 --avgRuns=100 --warmUp=2000
