&&&& RUNNING TensorRT.trtexec [TensorRT v100300] # /usr/src/tensorrt/bin/trtexec --onnx=/home/zain/models/yolov8n.onnx --fp16 --iterations=1000 --avgRuns=100 --warmUp=2000
[07/31/2026-15:04:38] [I] === Model Options ===
[07/31/2026-15:04:38] [I] Format: ONNX
[07/31/2026-15:04:38] [I] Model: /home/zain/models/yolov8n.onnx
[07/31/2026-15:04:38] [I] Output:
[07/31/2026-15:04:38] [I] === Build Options ===
[07/31/2026-15:04:38] [I] Memory Pools: workspace: default, dlaSRAM: default, dlaLocalDRAM: default, dlaGlobalDRAM: default, tacticSharedMem: default
[07/31/2026-15:04:38] [I] avgTiming: 8
[07/31/2026-15:04:38] [I] Precision: FP32+FP16
[07/31/2026-15:04:38] [I] LayerPrecisions: 
[07/31/2026-15:04:38] [I] Layer Device Types: 
[07/31/2026-15:04:38] [I] Calibration: 
[07/31/2026-15:04:38] [I] Refit: Disabled
[07/31/2026-15:04:38] [I] Strip weights: Disabled
[07/31/2026-15:04:38] [I] Version Compatible: Disabled
[07/31/2026-15:04:38] [I] ONNX Plugin InstanceNorm: Disabled
[07/31/2026-15:04:38] [I] TensorRT runtime: full
[07/31/2026-15:04:38] [I] Lean DLL Path: 
[07/31/2026-15:04:38] [I] Tempfile Controls: { in_memory: allow, temporary: allow }
[07/31/2026-15:04:38] [I] Exclude Lean Runtime: Disabled
[07/31/2026-15:04:38] [I] Sparsity: Disabled
[07/31/2026-15:04:38] [I] Safe mode: Disabled
[07/31/2026-15:04:38] [I] Build DLA standalone loadable: Disabled
[07/31/2026-15:04:38] [I] Allow GPU fallback for DLA: Disabled
[07/31/2026-15:04:38] [I] DirectIO mode: Disabled
[07/31/2026-15:04:38] [I] Restricted mode: Disabled
[07/31/2026-15:04:38] [I] Skip inference: Disabled
[07/31/2026-15:04:38] [I] Save engine: 
[07/31/2026-15:04:38] [I] Load engine: 
[07/31/2026-15:04:38] [I] Profiling verbosity: 0
[07/31/2026-15:04:38] [I] Tactic sources: Using default tactic sources
[07/31/2026-15:04:38] [I] timingCacheMode: local
[07/31/2026-15:04:38] [I] timingCacheFile: 
[07/31/2026-15:04:38] [I] Enable Compilation Cache: Enabled
[07/31/2026-15:04:38] [I] errorOnTimingCacheMiss: Disabled
[07/31/2026-15:04:38] [I] Preview Features: Use default preview flags.
[07/31/2026-15:04:38] [I] MaxAuxStreams: -1
[07/31/2026-15:04:38] [I] BuilderOptimizationLevel: -1
[07/31/2026-15:04:38] [I] Calibration Profile Index: 0
[07/31/2026-15:04:38] [I] Weight Streaming: Disabled
[07/31/2026-15:04:38] [I] Runtime Platform: Same As Build
[07/31/2026-15:04:38] [I] Debug Tensors: 
[07/31/2026-15:04:38] [I] Input(s)s format: fp32:CHW
[07/31/2026-15:04:38] [I] Output(s)s format: fp32:CHW
[07/31/2026-15:04:38] [I] Input build shapes: model
[07/31/2026-15:04:38] [I] Input calibration shapes: model
[07/31/2026-15:04:38] [I] === System Options ===
[07/31/2026-15:04:38] [I] Device: 0
[07/31/2026-15:04:38] [I] DLACore: 
[07/31/2026-15:04:38] [I] Plugins:
[07/31/2026-15:04:38] [I] setPluginsToSerialize:
[07/31/2026-15:04:38] [I] dynamicPlugins:
[07/31/2026-15:04:38] [I] ignoreParsedPluginLibs: 0
[07/31/2026-15:04:38] [I] 
[07/31/2026-15:04:38] [I] === Inference Options ===
[07/31/2026-15:04:38] [I] Batch: Explicit
[07/31/2026-15:04:38] [I] Input inference shapes: model
[07/31/2026-15:04:38] [I] Iterations: 1000
[07/31/2026-15:04:38] [I] Duration: 3s (+ 2000ms warm up)
[07/31/2026-15:04:38] [I] Sleep time: 0ms
[07/31/2026-15:04:38] [I] Idle time: 0ms
[07/31/2026-15:04:38] [I] Inference Streams: 1
[07/31/2026-15:04:38] [I] ExposeDMA: Disabled
[07/31/2026-15:04:38] [I] Data transfers: Enabled
[07/31/2026-15:04:38] [I] Spin-wait: Disabled
[07/31/2026-15:04:38] [I] Multithreading: Disabled
[07/31/2026-15:04:38] [I] CUDA Graph: Disabled
[07/31/2026-15:04:38] [I] Separate profiling: Disabled
[07/31/2026-15:04:38] [I] Time Deserialize: Disabled
[07/31/2026-15:04:38] [I] Time Refit: Disabled
[07/31/2026-15:04:38] [I] NVTX verbosity: 0
[07/31/2026-15:04:38] [I] Persistent Cache Ratio: 0
[07/31/2026-15:04:38] [I] Optimization Profile Index: 0
[07/31/2026-15:04:38] [I] Weight Streaming Budget: 100.000000%
[07/31/2026-15:04:38] [I] Inputs:
[07/31/2026-15:04:38] [I] Debug Tensor Save Destinations:
[07/31/2026-15:04:38] [I] === Reporting Options ===
[07/31/2026-15:04:38] [I] Verbose: Disabled
[07/31/2026-15:04:38] [I] Averages: 100 inferences
[07/31/2026-15:04:38] [I] Percentiles: 90,95,99
[07/31/2026-15:04:38] [I] Dump refittable layers:Disabled
[07/31/2026-15:04:38] [I] Dump output: Disabled
[07/31/2026-15:04:38] [I] Profile: Disabled
[07/31/2026-15:04:38] [I] Export timing to JSON file: 
[07/31/2026-15:04:38] [I] Export output to JSON file: 
[07/31/2026-15:04:38] [I] Export profile to JSON file: 
[07/31/2026-15:04:38] [I] 
[07/31/2026-15:04:38] [I] === Device Information ===
[07/31/2026-15:04:38] [I] Available Devices: 
[07/31/2026-15:04:38] [I]   Device 0: "Orin" UUID: GPU-7a69094a-89cd-55a5-a5dc-a50bf7f8ee64
[07/31/2026-15:04:38] [I] Selected Device: Orin
[07/31/2026-15:04:38] [I] Selected Device ID: 0
[07/31/2026-15:04:38] [I] Selected Device UUID: GPU-7a69094a-89cd-55a5-a5dc-a50bf7f8ee64
[07/31/2026-15:04:38] [I] Compute Capability: 8.7
[07/31/2026-15:04:38] [I] SMs: 4
[07/31/2026-15:04:38] [I] Device Global Memory: 7619 MiB
[07/31/2026-15:04:38] [I] Shared Memory per SM: 164 KiB
[07/31/2026-15:04:38] [I] Memory Bus Width: 128 bits (ECC disabled)
[07/31/2026-15:04:38] [I] Application Compute Clock Rate: 1.02 GHz
[07/31/2026-15:04:38] [I] Application Memory Clock Rate: 0.408 GHz
[07/31/2026-15:04:38] [I] 
[07/31/2026-15:04:38] [I] Note: The application clock rates do not reflect the actual clock rates that the GPU is currently running at.
[07/31/2026-15:04:38] [I] 
[07/31/2026-15:04:38] [I] TensorRT version: 10.3.0
[07/31/2026-15:04:38] [I] Loading standard plugins
[07/31/2026-15:04:38] [I] [TRT] [MemUsageChange] Init CUDA: CPU +2, GPU +0, now: CPU 31, GPU 2604 (MiB)
[07/31/2026-15:04:41] [I] [TRT] [MemUsageChange] Init builder kernel library: CPU +928, GPU +1094, now: CPU 1002, GPU 3743 (MiB)
[07/31/2026-15:04:41] [I] Start parsing network model.
[07/31/2026-15:04:42] [I] [TRT] ----------------------------------------------------------------
[07/31/2026-15:04:42] [I] [TRT] Input filename:   /home/zain/models/yolov8n.onnx
[07/31/2026-15:04:42] [I] [TRT] ONNX IR version:  0.0.7
[07/31/2026-15:04:42] [I] [TRT] Opset version:    13
[07/31/2026-15:04:42] [I] [TRT] Producer name:    pytorch
[07/31/2026-15:04:42] [I] [TRT] Producer version: 2.13.0
[07/31/2026-15:04:42] [I] [TRT] Domain:           
[07/31/2026-15:04:42] [I] [TRT] Model version:    0
[07/31/2026-15:04:42] [I] [TRT] Doc string:       
[07/31/2026-15:04:42] [I] [TRT] ----------------------------------------------------------------
[07/31/2026-15:04:42] [I] Finished parsing network model. Parse time: 0.0493143
[07/31/2026-15:04:42] [I] [TRT] Local timing cache in use. Profiling results in this builder pass will not be stored.
[07/31/2026-15:15:56] [I] [TRT] Detected 1 inputs and 3 output network tensors.
[07/31/2026-15:16:05] [I] [TRT] Total Host Persistent Memory: 387536
[07/31/2026-15:16:05] [I] [TRT] Total Device Persistent Memory: 0
[07/31/2026-15:16:05] [I] [TRT] Total Scratch Memory: 1075200
[07/31/2026-15:16:05] [I] [TRT] [BlockAssignment] Started assigning block shifts. This will take 125 steps to complete.
[07/31/2026-15:16:05] [I] [TRT] [BlockAssignment] Algorithm ShiftNTopDown took 20.0089ms to assign 7 blocks to 125 nodes requiring 9984512 bytes.
[07/31/2026-15:16:05] [I] [TRT] Total Activation Memory: 9984000
[07/31/2026-15:16:05] [I] [TRT] Total Weights Memory: 6430368
[07/31/2026-15:16:06] [I] [TRT] Engine generation completed in 683.957 seconds.
[07/31/2026-15:16:06] [I] [TRT] [MemUsageStats] Peak memory usage of TRT CPU/GPU memory allocators: CPU 0 MiB, GPU 168 MiB
[07/31/2026-15:16:06] [I] [TRT] [MemUsageStats] Peak memory usage during Engine building and serialization: CPU: 1732 MiB
[07/31/2026-15:16:06] [I] Engine built in 684.145 sec.
[07/31/2026-15:16:06] [I] Created engine with size: 8.20106 MiB
[07/31/2026-15:16:06] [I] [TRT] Loaded engine size: 8 MiB
[07/31/2026-15:16:06] [I] Engine deserialized in 0.0583341 sec.
[07/31/2026-15:16:06] [I] [TRT] [MemUsageChange] TensorRT-managed allocation in IExecutionContext creation: CPU +0, GPU +9, now: CPU 0, GPU 15 (MiB)
[07/31/2026-15:16:06] [I] Setting persistentCacheLimit to 0 bytes.
[07/31/2026-15:16:06] [I] Created execution context with device memory size: 9.52148 MiB
[07/31/2026-15:16:06] [I] Using random values for input images
[07/31/2026-15:16:06] [I] Input binding for images with dimensions 1x3x640x640 is created.
[07/31/2026-15:16:06] [I] Output binding for output0 with dimensions 1x84x8400 is created.
[07/31/2026-15:16:06] [I] Starting inference
[07/31/2026-15:16:21] [I] Warmup completed 156 queries over 2000 ms
[07/31/2026-15:16:21] [I] Timing trace has 1000 queries over 12.8804 s
[07/31/2026-15:16:21] [I] 
[07/31/2026-15:16:21] [I] === Trace details ===
[07/31/2026-15:16:21] [I] Trace averages of 100 runs:
[07/31/2026-15:16:21] [I] Average on 100 runs - GPU latency: 12.8618 ms - Host latency: 13.5947 ms (enqueue 2.93688 ms)
[07/31/2026-15:16:21] [I] Average on 100 runs - GPU latency: 12.8629 ms - Host latency: 13.5972 ms (enqueue 2.92665 ms)
[07/31/2026-15:16:21] [I] Average on 100 runs - GPU latency: 12.8626 ms - Host latency: 13.5937 ms (enqueue 2.91264 ms)
[07/31/2026-15:16:21] [I] Average on 100 runs - GPU latency: 12.861 ms - Host latency: 13.5932 ms (enqueue 2.9251 ms)
[07/31/2026-15:16:21] [I] Average on 100 runs - GPU latency: 12.863 ms - Host latency: 13.5943 ms (enqueue 2.91515 ms)
[07/31/2026-15:16:21] [I] Average on 100 runs - GPU latency: 12.8609 ms - Host latency: 13.5932 ms (enqueue 2.91778 ms)
[07/31/2026-15:16:21] [I] Average on 100 runs - GPU latency: 12.8636 ms - Host latency: 13.5969 ms (enqueue 2.95561 ms)
[07/31/2026-15:16:21] [I] Average on 100 runs - GPU latency: 12.8633 ms - Host latency: 13.598 ms (enqueue 2.96229 ms)
[07/31/2026-15:16:21] [I] Average on 100 runs - GPU latency: 12.8625 ms - Host latency: 13.5953 ms (enqueue 2.9157 ms)
[07/31/2026-15:16:21] [I] Average on 100 runs - GPU latency: 12.8613 ms - Host latency: 13.5941 ms (enqueue 2.90853 ms)
[07/31/2026-15:16:21] [I] 
[07/31/2026-15:16:21] [I] === Performance summary ===
[07/31/2026-15:16:21] [I] Throughput: 77.6374 qps
[07/31/2026-15:16:21] [I] Latency: min = 13.5518 ms, max = 13.6572 ms, mean = 13.5951 ms, median = 13.5947 ms, percentile(90%) = 13.6074 ms, percentile(95%) = 13.6123 ms, percentile(99%) = 13.6221 ms
[07/31/2026-15:16:21] [I] Enqueue Time: min = 2.81543 ms, max = 4.07812 ms, mean = 2.92763 ms, median = 2.92383 ms, percentile(90%) = 2.9668 ms, percentile(95%) = 2.98633 ms, percentile(99%) = 3.2959 ms
[07/31/2026-15:16:21] [I] H2D Latency: min = 0.45459 ms, max = 0.523438 ms, mean = 0.473809 ms, median = 0.473145 ms, percentile(90%) = 0.480469 ms, percentile(95%) = 0.485352 ms, percentile(99%) = 0.49707 ms
[07/31/2026-15:16:21] [I] GPU Compute Time: min = 12.833 ms, max = 12.885 ms, mean = 12.8623 ms, median = 12.8623 ms, percentile(90%) = 12.8721 ms, percentile(95%) = 12.875 ms, percentile(99%) = 12.8809 ms
[07/31/2026-15:16:21] [I] D2H Latency: min = 0.254883 ms, max = 0.262695 ms, mean = 0.258969 ms, median = 0.258789 ms, percentile(90%) = 0.260254 ms, percentile(95%) = 0.260742 ms, percentile(99%) = 0.261719 ms
[07/31/2026-15:16:21] [I] Total Host Walltime: 12.8804 s
[07/31/2026-15:16:21] [I] Total GPU Compute Time: 12.8623 s
[07/31/2026-15:16:21] [I] Explanations of the performance metrics are printed in the verbose logs.
[07/31/2026-15:16:21] [I] 
&&&& PASSED TensorRT.trtexec [TensorRT v100300] # /usr/src/tensorrt/bin/trtexec --onnx=/home/zain/models/yolov8n.onnx --fp16 --iterations=1000 --avgRuns=100 --warmUp=2000
