&&&& RUNNING TensorRT.trtexec [TensorRT v100300] # /usr/src/tensorrt/bin/trtexec --onnx=/home/zain/models/yolov8s.onnx --fp16 --iterations=1000 --avgRuns=100 --warmUp=2000
[07/31/2026-10:32:30] [I] === Model Options ===
[07/31/2026-10:32:30] [I] Format: ONNX
[07/31/2026-10:32:30] [I] Model: /home/zain/models/yolov8s.onnx
[07/31/2026-10:32:30] [I] Output:
[07/31/2026-10:32:30] [I] === Build Options ===
[07/31/2026-10:32:30] [I] Memory Pools: workspace: default, dlaSRAM: default, dlaLocalDRAM: default, dlaGlobalDRAM: default, tacticSharedMem: default
[07/31/2026-10:32:30] [I] avgTiming: 8
[07/31/2026-10:32:30] [I] Precision: FP32+FP16
[07/31/2026-10:32:30] [I] LayerPrecisions: 
[07/31/2026-10:32:30] [I] Layer Device Types: 
[07/31/2026-10:32:30] [I] Calibration: 
[07/31/2026-10:32:30] [I] Refit: Disabled
[07/31/2026-10:32:30] [I] Strip weights: Disabled
[07/31/2026-10:32:30] [I] Version Compatible: Disabled
[07/31/2026-10:32:30] [I] ONNX Plugin InstanceNorm: Disabled
[07/31/2026-10:32:30] [I] TensorRT runtime: full
[07/31/2026-10:32:30] [I] Lean DLL Path: 
[07/31/2026-10:32:30] [I] Tempfile Controls: { in_memory: allow, temporary: allow }
[07/31/2026-10:32:30] [I] Exclude Lean Runtime: Disabled
[07/31/2026-10:32:30] [I] Sparsity: Disabled
[07/31/2026-10:32:30] [I] Safe mode: Disabled
[07/31/2026-10:32:30] [I] Build DLA standalone loadable: Disabled
[07/31/2026-10:32:30] [I] Allow GPU fallback for DLA: Disabled
[07/31/2026-10:32:30] [I] DirectIO mode: Disabled
[07/31/2026-10:32:30] [I] Restricted mode: Disabled
[07/31/2026-10:32:30] [I] Skip inference: Disabled
[07/31/2026-10:32:30] [I] Save engine: 
[07/31/2026-10:32:30] [I] Load engine: 
[07/31/2026-10:32:30] [I] Profiling verbosity: 0
[07/31/2026-10:32:30] [I] Tactic sources: Using default tactic sources
[07/31/2026-10:32:30] [I] timingCacheMode: local
[07/31/2026-10:32:30] [I] timingCacheFile: 
[07/31/2026-10:32:30] [I] Enable Compilation Cache: Enabled
[07/31/2026-10:32:30] [I] errorOnTimingCacheMiss: Disabled
[07/31/2026-10:32:30] [I] Preview Features: Use default preview flags.
[07/31/2026-10:32:30] [I] MaxAuxStreams: -1
[07/31/2026-10:32:30] [I] BuilderOptimizationLevel: -1
[07/31/2026-10:32:30] [I] Calibration Profile Index: 0
[07/31/2026-10:32:30] [I] Weight Streaming: Disabled
[07/31/2026-10:32:30] [I] Runtime Platform: Same As Build
[07/31/2026-10:32:30] [I] Debug Tensors: 
[07/31/2026-10:32:30] [I] Input(s)s format: fp32:CHW
[07/31/2026-10:32:30] [I] Output(s)s format: fp32:CHW
[07/31/2026-10:32:30] [I] Input build shapes: model
[07/31/2026-10:32:30] [I] Input calibration shapes: model
[07/31/2026-10:32:30] [I] === System Options ===
[07/31/2026-10:32:30] [I] Device: 0
[07/31/2026-10:32:30] [I] DLACore: 
[07/31/2026-10:32:30] [I] Plugins:
[07/31/2026-10:32:30] [I] setPluginsToSerialize:
[07/31/2026-10:32:30] [I] dynamicPlugins:
[07/31/2026-10:32:30] [I] ignoreParsedPluginLibs: 0
[07/31/2026-10:32:30] [I] 
[07/31/2026-10:32:30] [I] === Inference Options ===
[07/31/2026-10:32:30] [I] Batch: Explicit
[07/31/2026-10:32:30] [I] Input inference shapes: model
[07/31/2026-10:32:30] [I] Iterations: 1000
[07/31/2026-10:32:30] [I] Duration: 3s (+ 2000ms warm up)
[07/31/2026-10:32:30] [I] Sleep time: 0ms
[07/31/2026-10:32:30] [I] Idle time: 0ms
[07/31/2026-10:32:30] [I] Inference Streams: 1
[07/31/2026-10:32:30] [I] ExposeDMA: Disabled
[07/31/2026-10:32:30] [I] Data transfers: Enabled
[07/31/2026-10:32:30] [I] Spin-wait: Disabled
[07/31/2026-10:32:30] [I] Multithreading: Disabled
[07/31/2026-10:32:30] [I] CUDA Graph: Disabled
[07/31/2026-10:32:30] [I] Separate profiling: Disabled
[07/31/2026-10:32:30] [I] Time Deserialize: Disabled
[07/31/2026-10:32:30] [I] Time Refit: Disabled
[07/31/2026-10:32:30] [I] NVTX verbosity: 0
[07/31/2026-10:32:30] [I] Persistent Cache Ratio: 0
[07/31/2026-10:32:30] [I] Optimization Profile Index: 0
[07/31/2026-10:32:30] [I] Weight Streaming Budget: 100.000000%
[07/31/2026-10:32:30] [I] Inputs:
[07/31/2026-10:32:30] [I] Debug Tensor Save Destinations:
[07/31/2026-10:32:30] [I] === Reporting Options ===
[07/31/2026-10:32:30] [I] Verbose: Disabled
[07/31/2026-10:32:30] [I] Averages: 100 inferences
[07/31/2026-10:32:30] [I] Percentiles: 90,95,99
[07/31/2026-10:32:30] [I] Dump refittable layers:Disabled
[07/31/2026-10:32:30] [I] Dump output: Disabled
[07/31/2026-10:32:30] [I] Profile: Disabled
[07/31/2026-10:32:30] [I] Export timing to JSON file: 
[07/31/2026-10:32:30] [I] Export output to JSON file: 
[07/31/2026-10:32:30] [I] Export profile to JSON file: 
[07/31/2026-10:32:30] [I] 
[07/31/2026-10:32:30] [I] === Device Information ===
[07/31/2026-10:32:30] [I] Available Devices: 
[07/31/2026-10:32:30] [I]   Device 0: "Orin" UUID: GPU-7a69094a-89cd-55a5-a5dc-a50bf7f8ee64
[07/31/2026-10:32:30] [I] Selected Device: Orin
[07/31/2026-10:32:30] [I] Selected Device ID: 0
[07/31/2026-10:32:30] [I] Selected Device UUID: GPU-7a69094a-89cd-55a5-a5dc-a50bf7f8ee64
[07/31/2026-10:32:30] [I] Compute Capability: 8.7
[07/31/2026-10:32:30] [I] SMs: 8
[07/31/2026-10:32:30] [I] Device Global Memory: 7619 MiB
[07/31/2026-10:32:30] [I] Shared Memory per SM: 164 KiB
[07/31/2026-10:32:30] [I] Memory Bus Width: 128 bits (ECC disabled)
[07/31/2026-10:32:30] [I] Application Compute Clock Rate: 1.02 GHz
[07/31/2026-10:32:30] [I] Application Memory Clock Rate: 1.02 GHz
[07/31/2026-10:32:30] [I] 
[07/31/2026-10:32:30] [I] Note: The application clock rates do not reflect the actual clock rates that the GPU is currently running at.
[07/31/2026-10:32:30] [I] 
[07/31/2026-10:32:30] [I] TensorRT version: 10.3.0
[07/31/2026-10:32:30] [I] Loading standard plugins
[07/31/2026-10:32:32] [I] [TRT] [MemUsageChange] Init CUDA: CPU +2, GPU +0, now: CPU 31, GPU 1938 (MiB)
[07/31/2026-10:32:35] [I] [TRT] [MemUsageChange] Init builder kernel library: CPU +928, GPU +1094, now: CPU 1002, GPU 3076 (MiB)
[07/31/2026-10:32:35] [I] Start parsing network model.
[07/31/2026-10:32:35] [I] [TRT] ----------------------------------------------------------------
[07/31/2026-10:32:35] [I] [TRT] Input filename:   /home/zain/models/yolov8s.onnx
[07/31/2026-10:32:35] [I] [TRT] ONNX IR version:  0.0.7
[07/31/2026-10:32:35] [I] [TRT] Opset version:    13
[07/31/2026-10:32:35] [I] [TRT] Producer name:    pytorch
[07/31/2026-10:32:35] [I] [TRT] Producer version: 2.13.0
[07/31/2026-10:32:35] [I] [TRT] Domain:           
[07/31/2026-10:32:35] [I] [TRT] Model version:    0
[07/31/2026-10:32:35] [I] [TRT] Doc string:       
[07/31/2026-10:32:35] [I] [TRT] ----------------------------------------------------------------
[07/31/2026-10:32:35] [I] Finished parsing network model. Parse time: 0.101533
[07/31/2026-10:32:35] [I] [TRT] Local timing cache in use. Profiling results in this builder pass will not be stored.
[07/31/2026-10:39:08] [I] [TRT] Detected 1 inputs and 3 output network tensors.
[07/31/2026-10:39:14] [I] [TRT] Total Host Persistent Memory: 384416
[07/31/2026-10:39:14] [I] [TRT] Total Device Persistent Memory: 1024
[07/31/2026-10:39:14] [I] [TRT] Total Scratch Memory: 0
[07/31/2026-10:39:14] [I] [TRT] [BlockAssignment] Started assigning block shifts. This will take 119 steps to complete.
[07/31/2026-10:39:14] [I] [TRT] [BlockAssignment] Algorithm ShiftNTopDown took 10.0899ms to assign 8 blocks to 119 nodes requiring 17613824 bytes.
[07/31/2026-10:39:14] [I] [TRT] Total Activation Memory: 17612800
[07/31/2026-10:39:14] [I] [TRT] Total Weights Memory: 22434464
[07/31/2026-10:39:14] [I] [TRT] Engine generation completed in 399.271 seconds.
[07/31/2026-10:39:14] [I] [TRT] [MemUsageStats] Peak memory usage of TRT CPU/GPU memory allocators: CPU 2 MiB, GPU 168 MiB
[07/31/2026-10:39:14] [I] [TRT] [MemUsageStats] Peak memory usage during Engine building and serialization: CPU: 1818 MiB
[07/31/2026-10:39:14] [I] Engine built in 399.397 sec.
[07/31/2026-10:39:14] [I] Created engine with size: 24.2881 MiB
[07/31/2026-10:39:15] [I] [TRT] Loaded engine size: 24 MiB
[07/31/2026-10:39:15] [I] Engine deserialized in 0.0509691 sec.
[07/31/2026-10:39:15] [I] [TRT] [MemUsageChange] TensorRT-managed allocation in IExecutionContext creation: CPU +0, GPU +17, now: CPU 0, GPU 38 (MiB)
[07/31/2026-10:39:15] [I] Setting persistentCacheLimit to 0 bytes.
[07/31/2026-10:39:15] [I] Created execution context with device memory size: 16.7969 MiB
[07/31/2026-10:39:15] [I] Using random values for input images
[07/31/2026-10:39:15] [I] Input binding for images with dimensions 1x3x640x640 is created.
[07/31/2026-10:39:15] [I] Output binding for output0 with dimensions 1x84x8400 is created.
[07/31/2026-10:39:15] [I] Starting inference
[07/31/2026-10:39:23] [I] Warmup completed 319 queries over 2000 ms
[07/31/2026-10:39:23] [I] Timing trace has 1000 queries over 6.2764 s
[07/31/2026-10:39:23] [I] 
[07/31/2026-10:39:23] [I] === Trace details ===
[07/31/2026-10:39:23] [I] Trace averages of 100 runs:
[07/31/2026-10:39:23] [I] Average on 100 runs - GPU latency: 6.2657 ms - Host latency: 6.82387 ms (enqueue 1.46031 ms)
[07/31/2026-10:39:23] [I] Average on 100 runs - GPU latency: 6.26695 ms - Host latency: 6.8254 ms (enqueue 1.46382 ms)
[07/31/2026-10:39:23] [I] Average on 100 runs - GPU latency: 6.2656 ms - Host latency: 6.82459 ms (enqueue 1.46466 ms)
[07/31/2026-10:39:23] [I] Average on 100 runs - GPU latency: 6.26762 ms - Host latency: 6.82569 ms (enqueue 1.4643 ms)
[07/31/2026-10:39:23] [I] Average on 100 runs - GPU latency: 6.26797 ms - Host latency: 6.82724 ms (enqueue 1.46354 ms)
[07/31/2026-10:39:23] [I] Average on 100 runs - GPU latency: 6.26906 ms - Host latency: 6.82876 ms (enqueue 1.46859 ms)
[07/31/2026-10:39:23] [I] Average on 100 runs - GPU latency: 6.26847 ms - Host latency: 6.82704 ms (enqueue 1.45818 ms)
[07/31/2026-10:39:23] [I] Average on 100 runs - GPU latency: 6.26867 ms - Host latency: 6.82692 ms (enqueue 1.45598 ms)
[07/31/2026-10:39:23] [I] Average on 100 runs - GPU latency: 6.26765 ms - Host latency: 6.8272 ms (enqueue 1.46323 ms)
[07/31/2026-10:39:23] [I] Average on 100 runs - GPU latency: 6.2673 ms - Host latency: 6.82492 ms (enqueue 1.45247 ms)
[07/31/2026-10:39:23] [I] 
[07/31/2026-10:39:23] [I] === Performance summary ===
[07/31/2026-10:39:23] [I] Throughput: 159.327 qps
[07/31/2026-10:39:23] [I] Latency: min = 6.65039 ms, max = 6.87061 ms, mean = 6.82616 ms, median = 6.82617 ms, percentile(90%) = 6.83691 ms, percentile(95%) = 6.83984 ms, percentile(99%) = 6.84692 ms
[07/31/2026-10:39:23] [I] Enqueue Time: min = 1.42041 ms, max = 1.89258 ms, mean = 1.46151 ms, median = 1.45215 ms, percentile(90%) = 1.49292 ms, percentile(95%) = 1.50146 ms, percentile(99%) = 1.57178 ms
[07/31/2026-10:39:23] [I] H2D Latency: min = 0.312988 ms, max = 0.353516 ms, mean = 0.337418 ms, median = 0.337402 ms, percentile(90%) = 0.342285 ms, percentile(95%) = 0.344238 ms, percentile(99%) = 0.348145 ms
[07/31/2026-10:39:23] [I] GPU Compute Time: min = 6.20898 ms, max = 6.29346 ms, mean = 6.2675 ms, median = 6.26733 ms, percentile(90%) = 6.2749 ms, percentile(95%) = 6.27734 ms, percentile(99%) = 6.28125 ms
[07/31/2026-10:39:23] [I] D2H Latency: min = 0.103516 ms, max = 0.244141 ms, mean = 0.221247 ms, median = 0.22168 ms, percentile(90%) = 0.226562 ms, percentile(95%) = 0.228027 ms, percentile(99%) = 0.231445 ms
[07/31/2026-10:39:23] [I] Total Host Walltime: 6.2764 s
[07/31/2026-10:39:23] [I] Total GPU Compute Time: 6.2675 s
[07/31/2026-10:39:23] [I] Explanations of the performance metrics are printed in the verbose logs.
[07/31/2026-10:39:23] [I] 
&&&& PASSED TensorRT.trtexec [TensorRT v100300] # /usr/src/tensorrt/bin/trtexec --onnx=/home/zain/models/yolov8s.onnx --fp16 --iterations=1000 --avgRuns=100 --warmUp=2000
