&&&& RUNNING TensorRT.trtexec [TensorRT v100300] # /usr/src/tensorrt/bin/trtexec --onnx=/home/zain/models/yolov8s.onnx --fp16 --iterations=1000 --avgRuns=100 --warmUp=2000
[07/31/2026-12:01:08] [I] === Model Options ===
[07/31/2026-12:01:08] [I] Format: ONNX
[07/31/2026-12:01:08] [I] Model: /home/zain/models/yolov8s.onnx
[07/31/2026-12:01:08] [I] Output:
[07/31/2026-12:01:08] [I] === Build Options ===
[07/31/2026-12:01:08] [I] Memory Pools: workspace: default, dlaSRAM: default, dlaLocalDRAM: default, dlaGlobalDRAM: default, tacticSharedMem: default
[07/31/2026-12:01:08] [I] avgTiming: 8
[07/31/2026-12:01:08] [I] Precision: FP32+FP16
[07/31/2026-12:01:08] [I] LayerPrecisions: 
[07/31/2026-12:01:08] [I] Layer Device Types: 
[07/31/2026-12:01:08] [I] Calibration: 
[07/31/2026-12:01:08] [I] Refit: Disabled
[07/31/2026-12:01:08] [I] Strip weights: Disabled
[07/31/2026-12:01:08] [I] Version Compatible: Disabled
[07/31/2026-12:01:08] [I] ONNX Plugin InstanceNorm: Disabled
[07/31/2026-12:01:08] [I] TensorRT runtime: full
[07/31/2026-12:01:08] [I] Lean DLL Path: 
[07/31/2026-12:01:08] [I] Tempfile Controls: { in_memory: allow, temporary: allow }
[07/31/2026-12:01:08] [I] Exclude Lean Runtime: Disabled
[07/31/2026-12:01:08] [I] Sparsity: Disabled
[07/31/2026-12:01:08] [I] Safe mode: Disabled
[07/31/2026-12:01:08] [I] Build DLA standalone loadable: Disabled
[07/31/2026-12:01:08] [I] Allow GPU fallback for DLA: Disabled
[07/31/2026-12:01:08] [I] DirectIO mode: Disabled
[07/31/2026-12:01:08] [I] Restricted mode: Disabled
[07/31/2026-12:01:08] [I] Skip inference: Disabled
[07/31/2026-12:01:08] [I] Save engine: 
[07/31/2026-12:01:08] [I] Load engine: 
[07/31/2026-12:01:08] [I] Profiling verbosity: 0
[07/31/2026-12:01:08] [I] Tactic sources: Using default tactic sources
[07/31/2026-12:01:08] [I] timingCacheMode: local
[07/31/2026-12:01:08] [I] timingCacheFile: 
[07/31/2026-12:01:08] [I] Enable Compilation Cache: Enabled
[07/31/2026-12:01:08] [I] errorOnTimingCacheMiss: Disabled
[07/31/2026-12:01:08] [I] Preview Features: Use default preview flags.
[07/31/2026-12:01:08] [I] MaxAuxStreams: -1
[07/31/2026-12:01:08] [I] BuilderOptimizationLevel: -1
[07/31/2026-12:01:08] [I] Calibration Profile Index: 0
[07/31/2026-12:01:08] [I] Weight Streaming: Disabled
[07/31/2026-12:01:08] [I] Runtime Platform: Same As Build
[07/31/2026-12:01:08] [I] Debug Tensors: 
[07/31/2026-12:01:08] [I] Input(s)s format: fp32:CHW
[07/31/2026-12:01:08] [I] Output(s)s format: fp32:CHW
[07/31/2026-12:01:08] [I] Input build shapes: model
[07/31/2026-12:01:08] [I] Input calibration shapes: model
[07/31/2026-12:01:08] [I] === System Options ===
[07/31/2026-12:01:08] [I] Device: 0
[07/31/2026-12:01:08] [I] DLACore: 
[07/31/2026-12:01:08] [I] Plugins:
[07/31/2026-12:01:08] [I] setPluginsToSerialize:
[07/31/2026-12:01:08] [I] dynamicPlugins:
[07/31/2026-12:01:08] [I] ignoreParsedPluginLibs: 0
[07/31/2026-12:01:08] [I] 
[07/31/2026-12:01:08] [I] === Inference Options ===
[07/31/2026-12:01:08] [I] Batch: Explicit
[07/31/2026-12:01:08] [I] Input inference shapes: model
[07/31/2026-12:01:08] [I] Iterations: 1000
[07/31/2026-12:01:08] [I] Duration: 3s (+ 2000ms warm up)
[07/31/2026-12:01:08] [I] Sleep time: 0ms
[07/31/2026-12:01:08] [I] Idle time: 0ms
[07/31/2026-12:01:08] [I] Inference Streams: 1
[07/31/2026-12:01:08] [I] ExposeDMA: Disabled
[07/31/2026-12:01:08] [I] Data transfers: Enabled
[07/31/2026-12:01:08] [I] Spin-wait: Disabled
[07/31/2026-12:01:08] [I] Multithreading: Disabled
[07/31/2026-12:01:08] [I] CUDA Graph: Disabled
[07/31/2026-12:01:08] [I] Separate profiling: Disabled
[07/31/2026-12:01:08] [I] Time Deserialize: Disabled
[07/31/2026-12:01:08] [I] Time Refit: Disabled
[07/31/2026-12:01:08] [I] NVTX verbosity: 0
[07/31/2026-12:01:08] [I] Persistent Cache Ratio: 0
[07/31/2026-12:01:08] [I] Optimization Profile Index: 0
[07/31/2026-12:01:08] [I] Weight Streaming Budget: 100.000000%
[07/31/2026-12:01:08] [I] Inputs:
[07/31/2026-12:01:08] [I] Debug Tensor Save Destinations:
[07/31/2026-12:01:08] [I] === Reporting Options ===
[07/31/2026-12:01:08] [I] Verbose: Disabled
[07/31/2026-12:01:08] [I] Averages: 100 inferences
[07/31/2026-12:01:08] [I] Percentiles: 90,95,99
[07/31/2026-12:01:08] [I] Dump refittable layers:Disabled
[07/31/2026-12:01:08] [I] Dump output: Disabled
[07/31/2026-12:01:08] [I] Profile: Disabled
[07/31/2026-12:01:08] [I] Export timing to JSON file: 
[07/31/2026-12:01:08] [I] Export output to JSON file: 
[07/31/2026-12:01:08] [I] Export profile to JSON file: 
[07/31/2026-12:01:08] [I] 
[07/31/2026-12:01:08] [I] === Device Information ===
[07/31/2026-12:01:08] [I] Available Devices: 
[07/31/2026-12:01:08] [I]   Device 0: "Orin" UUID: GPU-7a69094a-89cd-55a5-a5dc-a50bf7f8ee64
[07/31/2026-12:01:08] [I] Selected Device: Orin
[07/31/2026-12:01:08] [I] Selected Device ID: 0
[07/31/2026-12:01:08] [I] Selected Device UUID: GPU-7a69094a-89cd-55a5-a5dc-a50bf7f8ee64
[07/31/2026-12:01:08] [I] Compute Capability: 8.7
[07/31/2026-12:01:08] [I] SMs: 4
[07/31/2026-12:01:08] [I] Device Global Memory: 7619 MiB
[07/31/2026-12:01:08] [I] Shared Memory per SM: 164 KiB
[07/31/2026-12:01:08] [I] Memory Bus Width: 128 bits (ECC disabled)
[07/31/2026-12:01:08] [I] Application Compute Clock Rate: 1.02 GHz
[07/31/2026-12:01:08] [I] Application Memory Clock Rate: 0.408 GHz
[07/31/2026-12:01:08] [I] 
[07/31/2026-12:01:08] [I] Note: The application clock rates do not reflect the actual clock rates that the GPU is currently running at.
[07/31/2026-12:01:08] [I] 
[07/31/2026-12:01:08] [I] TensorRT version: 10.3.0
[07/31/2026-12:01:08] [I] Loading standard plugins
[07/31/2026-12:01:08] [I] [TRT] [MemUsageChange] Init CUDA: CPU +2, GPU +0, now: CPU 31, GPU 2514 (MiB)
[07/31/2026-12:01:11] [I] [TRT] [MemUsageChange] Init builder kernel library: CPU +928, GPU +1097, now: CPU 1002, GPU 3656 (MiB)
[07/31/2026-12:01:11] [I] Start parsing network model.
[07/31/2026-12:01:11] [I] [TRT] ----------------------------------------------------------------
[07/31/2026-12:01:11] [I] [TRT] Input filename:   /home/zain/models/yolov8s.onnx
[07/31/2026-12:01:11] [I] [TRT] ONNX IR version:  0.0.7
[07/31/2026-12:01:11] [I] [TRT] Opset version:    13
[07/31/2026-12:01:11] [I] [TRT] Producer name:    pytorch
[07/31/2026-12:01:11] [I] [TRT] Producer version: 2.13.0
[07/31/2026-12:01:11] [I] [TRT] Domain:           
[07/31/2026-12:01:11] [I] [TRT] Model version:    0
[07/31/2026-12:01:11] [I] [TRT] Doc string:       
[07/31/2026-12:01:11] [I] [TRT] ----------------------------------------------------------------
[07/31/2026-12:01:11] [I] Finished parsing network model. Parse time: 0.0926992
[07/31/2026-12:01:12] [I] [TRT] Local timing cache in use. Profiling results in this builder pass will not be stored.
[07/31/2026-12:14:38] [I] [TRT] Detected 1 inputs and 3 output network tensors.
[07/31/2026-12:14:48] [I] [TRT] Total Host Persistent Memory: 389488
[07/31/2026-12:14:48] [I] [TRT] Total Device Persistent Memory: 0
[07/31/2026-12:14:48] [I] [TRT] Total Scratch Memory: 1075200
[07/31/2026-12:14:48] [I] [TRT] [BlockAssignment] Started assigning block shifts. This will take 117 steps to complete.
[07/31/2026-12:14:48] [I] [TRT] [BlockAssignment] Algorithm ShiftNTopDown took 17.845ms to assign 9 blocks to 117 nodes requiring 17870336 bytes.
[07/31/2026-12:14:48] [I] [TRT] Total Activation Memory: 17868800
[07/31/2026-12:14:48] [I] [TRT] Total Weights Memory: 22434464
[07/31/2026-12:14:48] [I] [TRT] Engine generation completed in 816.271 seconds.
[07/31/2026-12:14:48] [I] [TRT] [MemUsageStats] Peak memory usage of TRT CPU/GPU memory allocators: CPU 2 MiB, GPU 168 MiB
[07/31/2026-12:14:48] [I] [TRT] [MemUsageStats] Peak memory usage during Engine building and serialization: CPU: 1822 MiB
[07/31/2026-12:14:48] [I] Engine built in 816.465 sec.
[07/31/2026-12:14:48] [I] Created engine with size: 23.7443 MiB
[07/31/2026-12:14:49] [I] [TRT] Loaded engine size: 23 MiB
[07/31/2026-12:14:49] [I] Engine deserialized in 0.073636 sec.
[07/31/2026-12:14:49] [I] [TRT] [MemUsageChange] TensorRT-managed allocation in IExecutionContext creation: CPU +0, GPU +17, now: CPU 0, GPU 38 (MiB)
[07/31/2026-12:14:49] [I] Setting persistentCacheLimit to 0 bytes.
[07/31/2026-12:14:49] [I] Created execution context with device memory size: 17.041 MiB
[07/31/2026-12:14:49] [I] Using random values for input images
[07/31/2026-12:14:49] [I] Input binding for images with dimensions 1x3x640x640 is created.
[07/31/2026-12:14:49] [I] Output binding for output0 with dimensions 1x84x8400 is created.
[07/31/2026-12:14:49] [I] Starting inference
[07/31/2026-12:15:13] [I] Warmup completed 92 queries over 2000 ms
[07/31/2026-12:15:13] [I] Timing trace has 1000 queries over 21.9092 s
[07/31/2026-12:15:13] [I] 
[07/31/2026-12:15:13] [I] === Trace details ===
[07/31/2026-12:15:13] [I] Trace averages of 100 runs:
[07/31/2026-12:15:13] [I] Average on 100 runs - GPU latency: 21.8823 ms - Host latency: 22.5967 ms (enqueue 2.8287 ms)
[07/31/2026-12:15:13] [I] Average on 100 runs - GPU latency: 21.8806 ms - Host latency: 22.5932 ms (enqueue 2.84411 ms)
[07/31/2026-12:15:13] [I] Average on 100 runs - GPU latency: 21.8804 ms - Host latency: 22.5927 ms (enqueue 2.83402 ms)
[07/31/2026-12:15:13] [I] Average on 100 runs - GPU latency: 21.8822 ms - Host latency: 22.5957 ms (enqueue 2.82817 ms)
[07/31/2026-12:15:13] [I] Average on 100 runs - GPU latency: 21.8812 ms - Host latency: 22.593 ms (enqueue 2.82198 ms)
[07/31/2026-12:15:13] [I] Average on 100 runs - GPU latency: 21.8816 ms - Host latency: 22.5933 ms (enqueue 2.82793 ms)
[07/31/2026-12:15:13] [I] Average on 100 runs - GPU latency: 21.883 ms - Host latency: 22.5949 ms (enqueue 2.83002 ms)
[07/31/2026-12:15:13] [I] Average on 100 runs - GPU latency: 21.8815 ms - Host latency: 22.5953 ms (enqueue 2.84959 ms)
[07/31/2026-12:15:13] [I] Average on 100 runs - GPU latency: 21.8828 ms - Host latency: 22.5974 ms (enqueue 2.84641 ms)
[07/31/2026-12:15:13] [I] Average on 100 runs - GPU latency: 21.8822 ms - Host latency: 22.5944 ms (enqueue 2.80805 ms)
[07/31/2026-12:15:13] [I] 
[07/31/2026-12:15:13] [I] === Performance summary ===
[07/31/2026-12:15:13] [I] Throughput: 45.643 qps
[07/31/2026-12:15:13] [I] Latency: min = 22.5586 ms, max = 22.6904 ms, mean = 22.5946 ms, median = 22.5938 ms, percentile(90%) = 22.6094 ms, percentile(95%) = 22.6145 ms, percentile(99%) = 22.6348 ms
[07/31/2026-12:15:13] [I] Enqueue Time: min = 2.70312 ms, max = 3.95703 ms, mean = 2.8319 ms, median = 2.83496 ms, percentile(90%) = 2.88672 ms, percentile(95%) = 2.91699 ms, percentile(99%) = 3.13477 ms
[07/31/2026-12:15:13] [I] H2D Latency: min = 0.446289 ms, max = 0.549805 ms, mean = 0.453438 ms, median = 0.45166 ms, percentile(90%) = 0.45752 ms, percentile(95%) = 0.462891 ms, percentile(99%) = 0.482422 ms
[07/31/2026-12:15:13] [I] GPU Compute Time: min = 21.8457 ms, max = 21.9121 ms, mean = 21.8818 ms, median = 21.8809 ms, percentile(90%) = 21.8945 ms, percentile(95%) = 21.8994 ms, percentile(99%) = 21.9053 ms
[07/31/2026-12:15:13] [I] D2H Latency: min = 0.256836 ms, max = 0.261719 ms, mean = 0.259418 ms, median = 0.259766 ms, percentile(90%) = 0.260742 ms, percentile(95%) = 0.261719 ms, percentile(99%) = 0.261719 ms
[07/31/2026-12:15:13] [I] Total Host Walltime: 21.9092 s
[07/31/2026-12:15:13] [I] Total GPU Compute Time: 21.8818 s
[07/31/2026-12:15:13] [I] Explanations of the performance metrics are printed in the verbose logs.
[07/31/2026-12:15:13] [I] 
&&&& PASSED TensorRT.trtexec [TensorRT v100300] # /usr/src/tensorrt/bin/trtexec --onnx=/home/zain/models/yolov8s.onnx --fp16 --iterations=1000 --avgRuns=100 --warmUp=2000
