&&&& RUNNING TensorRT.trtexec [TensorRT v100300] # /usr/src/tensorrt/bin/trtexec --onnx=/home/zain/models/yolov8s.onnx --fp16 --iterations=1000 --avgRuns=100 --warmUp=2000
[07/31/2026-11:25:19] [I] === Model Options ===
[07/31/2026-11:25:19] [I] Format: ONNX
[07/31/2026-11:25:19] [I] Model: /home/zain/models/yolov8s.onnx
[07/31/2026-11:25:19] [I] Output:
[07/31/2026-11:25:19] [I] === Build Options ===
[07/31/2026-11:25:19] [I] Memory Pools: workspace: default, dlaSRAM: default, dlaLocalDRAM: default, dlaGlobalDRAM: default, tacticSharedMem: default
[07/31/2026-11:25:19] [I] avgTiming: 8
[07/31/2026-11:25:19] [I] Precision: FP32+FP16
[07/31/2026-11:25:19] [I] LayerPrecisions: 
[07/31/2026-11:25:19] [I] Layer Device Types: 
[07/31/2026-11:25:19] [I] Calibration: 
[07/31/2026-11:25:19] [I] Refit: Disabled
[07/31/2026-11:25:19] [I] Strip weights: Disabled
[07/31/2026-11:25:19] [I] Version Compatible: Disabled
[07/31/2026-11:25:19] [I] ONNX Plugin InstanceNorm: Disabled
[07/31/2026-11:25:19] [I] TensorRT runtime: full
[07/31/2026-11:25:19] [I] Lean DLL Path: 
[07/31/2026-11:25:19] [I] Tempfile Controls: { in_memory: allow, temporary: allow }
[07/31/2026-11:25:19] [I] Exclude Lean Runtime: Disabled
[07/31/2026-11:25:19] [I] Sparsity: Disabled
[07/31/2026-11:25:19] [I] Safe mode: Disabled
[07/31/2026-11:25:19] [I] Build DLA standalone loadable: Disabled
[07/31/2026-11:25:19] [I] Allow GPU fallback for DLA: Disabled
[07/31/2026-11:25:19] [I] DirectIO mode: Disabled
[07/31/2026-11:25:19] [I] Restricted mode: Disabled
[07/31/2026-11:25:19] [I] Skip inference: Disabled
[07/31/2026-11:25:19] [I] Save engine: 
[07/31/2026-11:25:19] [I] Load engine: 
[07/31/2026-11:25:19] [I] Profiling verbosity: 0
[07/31/2026-11:25:19] [I] Tactic sources: Using default tactic sources
[07/31/2026-11:25:19] [I] timingCacheMode: local
[07/31/2026-11:25:19] [I] timingCacheFile: 
[07/31/2026-11:25:19] [I] Enable Compilation Cache: Enabled
[07/31/2026-11:25:19] [I] errorOnTimingCacheMiss: Disabled
[07/31/2026-11:25:19] [I] Preview Features: Use default preview flags.
[07/31/2026-11:25:19] [I] MaxAuxStreams: -1
[07/31/2026-11:25:19] [I] BuilderOptimizationLevel: -1
[07/31/2026-11:25:19] [I] Calibration Profile Index: 0
[07/31/2026-11:25:19] [I] Weight Streaming: Disabled
[07/31/2026-11:25:19] [I] Runtime Platform: Same As Build
[07/31/2026-11:25:19] [I] Debug Tensors: 
[07/31/2026-11:25:19] [I] Input(s)s format: fp32:CHW
[07/31/2026-11:25:19] [I] Output(s)s format: fp32:CHW
[07/31/2026-11:25:19] [I] Input build shapes: model
[07/31/2026-11:25:19] [I] Input calibration shapes: model
[07/31/2026-11:25:19] [I] === System Options ===
[07/31/2026-11:25:19] [I] Device: 0
[07/31/2026-11:25:19] [I] DLACore: 
[07/31/2026-11:25:19] [I] Plugins:
[07/31/2026-11:25:19] [I] setPluginsToSerialize:
[07/31/2026-11:25:19] [I] dynamicPlugins:
[07/31/2026-11:25:19] [I] ignoreParsedPluginLibs: 0
[07/31/2026-11:25:19] [I] 
[07/31/2026-11:25:19] [I] === Inference Options ===
[07/31/2026-11:25:19] [I] Batch: Explicit
[07/31/2026-11:25:19] [I] Input inference shapes: model
[07/31/2026-11:25:19] [I] Iterations: 1000
[07/31/2026-11:25:19] [I] Duration: 3s (+ 2000ms warm up)
[07/31/2026-11:25:19] [I] Sleep time: 0ms
[07/31/2026-11:25:19] [I] Idle time: 0ms
[07/31/2026-11:25:19] [I] Inference Streams: 1
[07/31/2026-11:25:19] [I] ExposeDMA: Disabled
[07/31/2026-11:25:19] [I] Data transfers: Enabled
[07/31/2026-11:25:19] [I] Spin-wait: Disabled
[07/31/2026-11:25:19] [I] Multithreading: Disabled
[07/31/2026-11:25:19] [I] CUDA Graph: Disabled
[07/31/2026-11:25:19] [I] Separate profiling: Disabled
[07/31/2026-11:25:19] [I] Time Deserialize: Disabled
[07/31/2026-11:25:19] [I] Time Refit: Disabled
[07/31/2026-11:25:19] [I] NVTX verbosity: 0
[07/31/2026-11:25:19] [I] Persistent Cache Ratio: 0
[07/31/2026-11:25:19] [I] Optimization Profile Index: 0
[07/31/2026-11:25:19] [I] Weight Streaming Budget: 100.000000%
[07/31/2026-11:25:19] [I] Inputs:
[07/31/2026-11:25:19] [I] Debug Tensor Save Destinations:
[07/31/2026-11:25:19] [I] === Reporting Options ===
[07/31/2026-11:25:19] [I] Verbose: Disabled
[07/31/2026-11:25:19] [I] Averages: 100 inferences
[07/31/2026-11:25:19] [I] Percentiles: 90,95,99
[07/31/2026-11:25:19] [I] Dump refittable layers:Disabled
[07/31/2026-11:25:19] [I] Dump output: Disabled
[07/31/2026-11:25:19] [I] Profile: Disabled
[07/31/2026-11:25:19] [I] Export timing to JSON file: 
[07/31/2026-11:25:19] [I] Export output to JSON file: 
[07/31/2026-11:25:19] [I] Export profile to JSON file: 
[07/31/2026-11:25:19] [I] 
[07/31/2026-11:25:19] [I] === Device Information ===
[07/31/2026-11:25:19] [I] Available Devices: 
[07/31/2026-11:25:19] [I]   Device 0: "Orin" UUID: GPU-7a69094a-89cd-55a5-a5dc-a50bf7f8ee64
[07/31/2026-11:25:19] [I] Selected Device: Orin
[07/31/2026-11:25:19] [I] Selected Device ID: 0
[07/31/2026-11:25:19] [I] Selected Device UUID: GPU-7a69094a-89cd-55a5-a5dc-a50bf7f8ee64
[07/31/2026-11:25:19] [I] Compute Capability: 8.7
[07/31/2026-11:25:19] [I] SMs: 8
[07/31/2026-11:25:19] [I] Device Global Memory: 7619 MiB
[07/31/2026-11:25:19] [I] Shared Memory per SM: 164 KiB
[07/31/2026-11:25:19] [I] Memory Bus Width: 128 bits (ECC disabled)
[07/31/2026-11:25:19] [I] Application Compute Clock Rate: 1.02 GHz
[07/31/2026-11:25:19] [I] Application Memory Clock Rate: 0.612 GHz
[07/31/2026-11:25:19] [I] 
[07/31/2026-11:25:19] [I] Note: The application clock rates do not reflect the actual clock rates that the GPU is currently running at.
[07/31/2026-11:25:19] [I] 
[07/31/2026-11:25:19] [I] TensorRT version: 10.3.0
[07/31/2026-11:25:19] [I] Loading standard plugins
[07/31/2026-11:25:19] [I] [TRT] [MemUsageChange] Init CUDA: CPU +2, GPU +0, now: CPU 31, GPU 4335 (MiB)
[07/31/2026-11:25:21] [I] [TRT] [MemUsageChange] Init builder kernel library: CPU +928, GPU +778, now: CPU 1002, GPU 5158 (MiB)
[07/31/2026-11:25:21] [I] Start parsing network model.
[07/31/2026-11:25:21] [I] [TRT] ----------------------------------------------------------------
[07/31/2026-11:25:21] [I] [TRT] Input filename:   /home/zain/models/yolov8s.onnx
[07/31/2026-11:25:21] [I] [TRT] ONNX IR version:  0.0.7
[07/31/2026-11:25:21] [I] [TRT] Opset version:    13
[07/31/2026-11:25:21] [I] [TRT] Producer name:    pytorch
[07/31/2026-11:25:21] [I] [TRT] Producer version: 2.13.0
[07/31/2026-11:25:21] [I] [TRT] Domain:           
[07/31/2026-11:25:21] [I] [TRT] Model version:    0
[07/31/2026-11:25:21] [I] [TRT] Doc string:       
[07/31/2026-11:25:21] [I] [TRT] ----------------------------------------------------------------
[07/31/2026-11:25:21] [I] Finished parsing network model. Parse time: 0.21287
[07/31/2026-11:25:21] [I] [TRT] Local timing cache in use. Profiling results in this builder pass will not be stored.
[07/31/2026-11:33:00] [I] [TRT] Detected 1 inputs and 3 output network tensors.
[07/31/2026-11:33:05] [I] [TRT] Total Host Persistent Memory: 387552
[07/31/2026-11:33:05] [I] [TRT] Total Device Persistent Memory: 0
[07/31/2026-11:33:05] [I] [TRT] Total Scratch Memory: 0
[07/31/2026-11:33:05] [I] [TRT] [BlockAssignment] Started assigning block shifts. This will take 113 steps to complete.
[07/31/2026-11:33:05] [I] [TRT] [BlockAssignment] Algorithm ShiftNTopDown took 10.3956ms to assign 7 blocks to 113 nodes requiring 17613312 bytes.
[07/31/2026-11:33:05] [I] [TRT] Total Activation Memory: 17612800
[07/31/2026-11:33:05] [I] [TRT] Total Weights Memory: 22435136
[07/31/2026-11:33:05] [I] [TRT] Engine generation completed in 463.7 seconds.
[07/31/2026-11:33:05] [I] [TRT] [MemUsageStats] Peak memory usage of TRT CPU/GPU memory allocators: CPU 2 MiB, GPU 168 MiB
[07/31/2026-11:33:05] [I] [TRT] [MemUsageStats] Peak memory usage during Engine building and serialization: CPU: 1904 MiB
[07/31/2026-11:33:05] [I] Engine built in 463.832 sec.
[07/31/2026-11:33:05] [I] Created engine with size: 24.5323 MiB
[07/31/2026-11:33:06] [I] [TRT] Loaded engine size: 24 MiB
[07/31/2026-11:33:06] [I] Engine deserialized in 0.0521121 sec.
[07/31/2026-11:33:06] [I] [TRT] [MemUsageChange] TensorRT-managed allocation in IExecutionContext creation: CPU +0, GPU +17, now: CPU 0, GPU 38 (MiB)
[07/31/2026-11:33:06] [I] Setting persistentCacheLimit to 0 bytes.
[07/31/2026-11:33:06] [I] Created execution context with device memory size: 16.7969 MiB
[07/31/2026-11:33:06] [I] Using random values for input images
[07/31/2026-11:33:06] [I] Input binding for images with dimensions 1x3x640x640 is created.
[07/31/2026-11:33:06] [I] Output binding for output0 with dimensions 1x84x8400 is created.
[07/31/2026-11:33:06] [I] Starting inference
[07/31/2026-11:33:17] [I] Warmup completed 209 queries over 2000 ms
[07/31/2026-11:33:17] [I] Timing trace has 1000 queries over 9.59411 s
[07/31/2026-11:33:17] [I] 
[07/31/2026-11:33:17] [I] === Trace details ===
[07/31/2026-11:33:17] [I] Trace averages of 100 runs:
[07/31/2026-11:33:17] [I] Average on 100 runs - GPU latency: 9.58033 ms - Host latency: 10.1111 ms (enqueue 1.7928 ms)
[07/31/2026-11:33:17] [I] Average on 100 runs - GPU latency: 9.58131 ms - Host latency: 10.1119 ms (enqueue 1.79661 ms)
[07/31/2026-11:33:17] [I] Average on 100 runs - GPU latency: 9.58106 ms - Host latency: 10.1123 ms (enqueue 1.80871 ms)
[07/31/2026-11:33:17] [I] Average on 100 runs - GPU latency: 9.58101 ms - Host latency: 10.1118 ms (enqueue 1.78996 ms)
[07/31/2026-11:33:17] [I] Average on 100 runs - GPU latency: 9.58107 ms - Host latency: 10.1113 ms (enqueue 1.79365 ms)
[07/31/2026-11:33:17] [I] Average on 100 runs - GPU latency: 9.58115 ms - Host latency: 10.1116 ms (enqueue 1.79031 ms)
[07/31/2026-11:33:17] [I] Average on 100 runs - GPU latency: 9.58144 ms - Host latency: 10.1123 ms (enqueue 1.79232 ms)
[07/31/2026-11:33:17] [I] Average on 100 runs - GPU latency: 9.58199 ms - Host latency: 10.1122 ms (enqueue 1.78894 ms)
[07/31/2026-11:33:17] [I] Average on 100 runs - GPU latency: 9.58049 ms - Host latency: 10.111 ms (enqueue 1.78194 ms)
[07/31/2026-11:33:17] [I] Average on 100 runs - GPU latency: 9.58122 ms - Host latency: 10.1109 ms (enqueue 1.78483 ms)
[07/31/2026-11:33:17] [I] 
[07/31/2026-11:33:17] [I] === Performance summary ===
[07/31/2026-11:33:17] [I] Throughput: 104.231 qps
[07/31/2026-11:33:17] [I] Latency: min = 9.96973 ms, max = 10.1562 ms, mean = 10.1116 ms, median = 10.1122 ms, percentile(90%) = 10.1226 ms, percentile(95%) = 10.126 ms, percentile(99%) = 10.1323 ms
[07/31/2026-11:33:17] [I] Enqueue Time: min = 1.74072 ms, max = 2.31201 ms, mean = 1.79201 ms, median = 1.78223 ms, percentile(90%) = 1.82715 ms, percentile(95%) = 1.83716 ms, percentile(99%) = 1.90332 ms
[07/31/2026-11:33:17] [I] H2D Latency: min = 0.301758 ms, max = 0.361328 ms, mean = 0.305709 ms, median = 0.305664 ms, percentile(90%) = 0.307129 ms, percentile(95%) = 0.308594 ms, percentile(99%) = 0.314453 ms
[07/31/2026-11:33:17] [I] GPU Compute Time: min = 9.49609 ms, max = 9.60547 ms, mean = 9.5811 ms, median = 9.58105 ms, percentile(90%) = 9.59131 ms, percentile(95%) = 9.59375 ms, percentile(99%) = 9.59961 ms
[07/31/2026-11:33:17] [I] D2H Latency: min = 0.169922 ms, max = 0.236328 ms, mean = 0.224829 ms, median = 0.224609 ms, percentile(90%) = 0.227783 ms, percentile(95%) = 0.22876 ms, percentile(99%) = 0.230469 ms
[07/31/2026-11:33:17] [I] Total Host Walltime: 9.59411 s
[07/31/2026-11:33:17] [I] Total GPU Compute Time: 9.5811 s
[07/31/2026-11:33:17] [I] Explanations of the performance metrics are printed in the verbose logs.
[07/31/2026-11:33:17] [I] 
&&&& PASSED TensorRT.trtexec [TensorRT v100300] # /usr/src/tensorrt/bin/trtexec --onnx=/home/zain/models/yolov8s.onnx --fp16 --iterations=1000 --avgRuns=100 --warmUp=2000
