&&&& RUNNING TensorRT.trtexec [TensorRT v100300] # /usr/src/tensorrt/bin/trtexec --onnx=/home/zain/models/yolov8n.onnx --fp16 --iterations=1000 --avgRuns=100 --warmUp=2000
[07/31/2026-14:51:53] [I] === Model Options ===
[07/31/2026-14:51:53] [I] Format: ONNX
[07/31/2026-14:51:53] [I] Model: /home/zain/models/yolov8n.onnx
[07/31/2026-14:51:53] [I] Output:
[07/31/2026-14:51:53] [I] === Build Options ===
[07/31/2026-14:51:53] [I] Memory Pools: workspace: default, dlaSRAM: default, dlaLocalDRAM: default, dlaGlobalDRAM: default, tacticSharedMem: default
[07/31/2026-14:51:53] [I] avgTiming: 8
[07/31/2026-14:51:53] [I] Precision: FP32+FP16
[07/31/2026-14:51:53] [I] LayerPrecisions: 
[07/31/2026-14:51:53] [I] Layer Device Types: 
[07/31/2026-14:51:53] [I] Calibration: 
[07/31/2026-14:51:53] [I] Refit: Disabled
[07/31/2026-14:51:53] [I] Strip weights: Disabled
[07/31/2026-14:51:53] [I] Version Compatible: Disabled
[07/31/2026-14:51:53] [I] ONNX Plugin InstanceNorm: Disabled
[07/31/2026-14:51:53] [I] TensorRT runtime: full
[07/31/2026-14:51:53] [I] Lean DLL Path: 
[07/31/2026-14:51:53] [I] Tempfile Controls: { in_memory: allow, temporary: allow }
[07/31/2026-14:51:53] [I] Exclude Lean Runtime: Disabled
[07/31/2026-14:51:53] [I] Sparsity: Disabled
[07/31/2026-14:51:53] [I] Safe mode: Disabled
[07/31/2026-14:51:53] [I] Build DLA standalone loadable: Disabled
[07/31/2026-14:51:53] [I] Allow GPU fallback for DLA: Disabled
[07/31/2026-14:51:53] [I] DirectIO mode: Disabled
[07/31/2026-14:51:53] [I] Restricted mode: Disabled
[07/31/2026-14:51:53] [I] Skip inference: Disabled
[07/31/2026-14:51:53] [I] Save engine: 
[07/31/2026-14:51:53] [I] Load engine: 
[07/31/2026-14:51:53] [I] Profiling verbosity: 0
[07/31/2026-14:51:53] [I] Tactic sources: Using default tactic sources
[07/31/2026-14:51:53] [I] timingCacheMode: local
[07/31/2026-14:51:53] [I] timingCacheFile: 
[07/31/2026-14:51:53] [I] Enable Compilation Cache: Enabled
[07/31/2026-14:51:53] [I] errorOnTimingCacheMiss: Disabled
[07/31/2026-14:51:53] [I] Preview Features: Use default preview flags.
[07/31/2026-14:51:53] [I] MaxAuxStreams: -1
[07/31/2026-14:51:53] [I] BuilderOptimizationLevel: -1
[07/31/2026-14:51:53] [I] Calibration Profile Index: 0
[07/31/2026-14:51:53] [I] Weight Streaming: Disabled
[07/31/2026-14:51:53] [I] Runtime Platform: Same As Build
[07/31/2026-14:51:53] [I] Debug Tensors: 
[07/31/2026-14:51:53] [I] Input(s)s format: fp32:CHW
[07/31/2026-14:51:53] [I] Output(s)s format: fp32:CHW
[07/31/2026-14:51:53] [I] Input build shapes: model
[07/31/2026-14:51:53] [I] Input calibration shapes: model
[07/31/2026-14:51:53] [I] === System Options ===
[07/31/2026-14:51:53] [I] Device: 0
[07/31/2026-14:51:53] [I] DLACore: 
[07/31/2026-14:51:53] [I] Plugins:
[07/31/2026-14:51:53] [I] setPluginsToSerialize:
[07/31/2026-14:51:53] [I] dynamicPlugins:
[07/31/2026-14:51:53] [I] ignoreParsedPluginLibs: 0
[07/31/2026-14:51:53] [I] 
[07/31/2026-14:51:53] [I] === Inference Options ===
[07/31/2026-14:51:53] [I] Batch: Explicit
[07/31/2026-14:51:53] [I] Input inference shapes: model
[07/31/2026-14:51:53] [I] Iterations: 1000
[07/31/2026-14:51:53] [I] Duration: 3s (+ 2000ms warm up)
[07/31/2026-14:51:53] [I] Sleep time: 0ms
[07/31/2026-14:51:53] [I] Idle time: 0ms
[07/31/2026-14:51:53] [I] Inference Streams: 1
[07/31/2026-14:51:53] [I] ExposeDMA: Disabled
[07/31/2026-14:51:53] [I] Data transfers: Enabled
[07/31/2026-14:51:53] [I] Spin-wait: Disabled
[07/31/2026-14:51:53] [I] Multithreading: Disabled
[07/31/2026-14:51:53] [I] CUDA Graph: Disabled
[07/31/2026-14:51:53] [I] Separate profiling: Disabled
[07/31/2026-14:51:53] [I] Time Deserialize: Disabled
[07/31/2026-14:51:53] [I] Time Refit: Disabled
[07/31/2026-14:51:53] [I] NVTX verbosity: 0
[07/31/2026-14:51:53] [I] Persistent Cache Ratio: 0
[07/31/2026-14:51:53] [I] Optimization Profile Index: 0
[07/31/2026-14:51:53] [I] Weight Streaming Budget: 100.000000%
[07/31/2026-14:51:53] [I] Inputs:
[07/31/2026-14:51:53] [I] Debug Tensor Save Destinations:
[07/31/2026-14:51:53] [I] === Reporting Options ===
[07/31/2026-14:51:53] [I] Verbose: Disabled
[07/31/2026-14:51:53] [I] Averages: 100 inferences
[07/31/2026-14:51:53] [I] Percentiles: 90,95,99
[07/31/2026-14:51:53] [I] Dump refittable layers:Disabled
[07/31/2026-14:51:53] [I] Dump output: Disabled
[07/31/2026-14:51:53] [I] Profile: Disabled
[07/31/2026-14:51:53] [I] Export timing to JSON file: 
[07/31/2026-14:51:53] [I] Export output to JSON file: 
[07/31/2026-14:51:53] [I] Export profile to JSON file: 
[07/31/2026-14:51:53] [I] 
[07/31/2026-14:51:53] [I] === Device Information ===
[07/31/2026-14:51:53] [I] Available Devices: 
[07/31/2026-14:51:53] [I]   Device 0: "Orin" UUID: GPU-7a69094a-89cd-55a5-a5dc-a50bf7f8ee64
[07/31/2026-14:51:53] [I] Selected Device: Orin
[07/31/2026-14:51:53] [I] Selected Device ID: 0
[07/31/2026-14:51:53] [I] Selected Device UUID: GPU-7a69094a-89cd-55a5-a5dc-a50bf7f8ee64
[07/31/2026-14:51:53] [I] Compute Capability: 8.7
[07/31/2026-14:51:53] [I] SMs: 4
[07/31/2026-14:51:53] [I] Device Global Memory: 7619 MiB
[07/31/2026-14:51:53] [I] Shared Memory per SM: 164 KiB
[07/31/2026-14:51:53] [I] Memory Bus Width: 128 bits (ECC disabled)
[07/31/2026-14:51:53] [I] Application Compute Clock Rate: 1.02 GHz
[07/31/2026-14:51:53] [I] Application Memory Clock Rate: 0.408 GHz
[07/31/2026-14:51:53] [I] 
[07/31/2026-14:51:53] [I] Note: The application clock rates do not reflect the actual clock rates that the GPU is currently running at.
[07/31/2026-14:51:53] [I] 
[07/31/2026-14:51:53] [I] TensorRT version: 10.3.0
[07/31/2026-14:51:53] [I] Loading standard plugins
[07/31/2026-14:51:53] [I] [TRT] [MemUsageChange] Init CUDA: CPU +2, GPU +0, now: CPU 31, GPU 2595 (MiB)
[07/31/2026-14:51:56] [I] [TRT] [MemUsageChange] Init builder kernel library: CPU +928, GPU +1076, now: CPU 1002, GPU 3716 (MiB)
[07/31/2026-14:51:56] [I] Start parsing network model.
[07/31/2026-14:51:56] [I] [TRT] ----------------------------------------------------------------
[07/31/2026-14:51:56] [I] [TRT] Input filename:   /home/zain/models/yolov8n.onnx
[07/31/2026-14:51:56] [I] [TRT] ONNX IR version:  0.0.7
[07/31/2026-14:51:56] [I] [TRT] Opset version:    13
[07/31/2026-14:51:56] [I] [TRT] Producer name:    pytorch
[07/31/2026-14:51:56] [I] [TRT] Producer version: 2.13.0
[07/31/2026-14:51:56] [I] [TRT] Domain:           
[07/31/2026-14:51:56] [I] [TRT] Model version:    0
[07/31/2026-14:51:56] [I] [TRT] Doc string:       
[07/31/2026-14:51:56] [I] [TRT] ----------------------------------------------------------------
[07/31/2026-14:51:56] [I] Finished parsing network model. Parse time: 0.0510863
[07/31/2026-14:51:56] [I] [TRT] Local timing cache in use. Profiling results in this builder pass will not be stored.
[07/31/2026-15:03:11] [I] [TRT] Detected 1 inputs and 3 output network tensors.
[07/31/2026-15:03:21] [I] [TRT] Total Host Persistent Memory: 387536
[07/31/2026-15:03:21] [I] [TRT] Total Device Persistent Memory: 0
[07/31/2026-15:03:21] [I] [TRT] Total Scratch Memory: 1075200
[07/31/2026-15:03:21] [I] [TRT] [BlockAssignment] Started assigning block shifts. This will take 121 steps to complete.
[07/31/2026-15:03:21] [I] [TRT] [BlockAssignment] Algorithm ShiftNTopDown took 20.0015ms to assign 8 blocks to 121 nodes requiring 9985024 bytes.
[07/31/2026-15:03:21] [I] [TRT] Total Activation Memory: 9984000
[07/31/2026-15:03:21] [I] [TRT] Total Weights Memory: 6430368
[07/31/2026-15:03:21] [I] [TRT] Engine generation completed in 684.767 seconds.
[07/31/2026-15:03:21] [I] [TRT] [MemUsageStats] Peak memory usage of TRT CPU/GPU memory allocators: CPU 0 MiB, GPU 168 MiB
[07/31/2026-15:03:21] [I] [TRT] [MemUsageStats] Peak memory usage during Engine building and serialization: CPU: 1733 MiB
[07/31/2026-15:03:21] [I] Engine built in 684.958 sec.
[07/31/2026-15:03:21] [I] Created engine with size: 8.40488 MiB
[07/31/2026-15:03:22] [I] [TRT] Loaded engine size: 8 MiB
[07/31/2026-15:03:22] [I] Engine deserialized in 0.0639285 sec.
[07/31/2026-15:03:22] [I] [TRT] [MemUsageChange] TensorRT-managed allocation in IExecutionContext creation: CPU +0, GPU +9, now: CPU 0, GPU 15 (MiB)
[07/31/2026-15:03:22] [I] Setting persistentCacheLimit to 0 bytes.
[07/31/2026-15:03:22] [I] Created execution context with device memory size: 9.52148 MiB
[07/31/2026-15:03:22] [I] Using random values for input images
[07/31/2026-15:03:22] [I] Input binding for images with dimensions 1x3x640x640 is created.
[07/31/2026-15:03:22] [I] Output binding for output0 with dimensions 1x84x8400 is created.
[07/31/2026-15:03:22] [I] Starting inference
[07/31/2026-15:03:37] [I] Warmup completed 157 queries over 2000 ms
[07/31/2026-15:03:37] [I] Timing trace has 1000 queries over 12.8114 s
[07/31/2026-15:03:37] [I] 
[07/31/2026-15:03:37] [I] === Trace details ===
[07/31/2026-15:03:37] [I] Trace averages of 100 runs:
[07/31/2026-15:03:37] [I] Average on 100 runs - GPU latency: 12.7935 ms - Host latency: 13.5201 ms (enqueue 2.89425 ms)
[07/31/2026-15:03:37] [I] Average on 100 runs - GPU latency: 12.7935 ms - Host latency: 13.5194 ms (enqueue 2.90821 ms)
[07/31/2026-15:03:37] [I] Average on 100 runs - GPU latency: 12.7942 ms - Host latency: 13.52 ms (enqueue 2.85297 ms)
[07/31/2026-15:03:37] [I] Average on 100 runs - GPU latency: 12.7935 ms - Host latency: 13.5183 ms (enqueue 2.87007 ms)
[07/31/2026-15:03:37] [I] Average on 100 runs - GPU latency: 12.7912 ms - Host latency: 13.5156 ms (enqueue 2.8567 ms)
[07/31/2026-15:03:37] [I] Average on 100 runs - GPU latency: 12.7922 ms - Host latency: 13.5138 ms (enqueue 2.86793 ms)
[07/31/2026-15:03:37] [I] Average on 100 runs - GPU latency: 12.7913 ms - Host latency: 13.5141 ms (enqueue 2.85796 ms)
[07/31/2026-15:03:37] [I] Average on 100 runs - GPU latency: 12.7942 ms - Host latency: 13.5204 ms (enqueue 2.92509 ms)
[07/31/2026-15:03:37] [I] Average on 100 runs - GPU latency: 12.7941 ms - Host latency: 13.521 ms (enqueue 2.9209 ms)
[07/31/2026-15:03:37] [I] Average on 100 runs - GPU latency: 12.7941 ms - Host latency: 13.5204 ms (enqueue 2.95579 ms)
[07/31/2026-15:03:37] [I] 
[07/31/2026-15:03:37] [I] === Performance summary ===
[07/31/2026-15:03:37] [I] Throughput: 78.0554 qps
[07/31/2026-15:03:37] [I] Latency: min = 13.4785 ms, max = 13.5625 ms, mean = 13.5183 ms, median = 13.5186 ms, percentile(90%) = 13.5347 ms, percentile(95%) = 13.54 ms, percentile(99%) = 13.5527 ms
[07/31/2026-15:03:37] [I] Enqueue Time: min = 2.75244 ms, max = 4.08594 ms, mean = 2.89099 ms, median = 2.86816 ms, percentile(90%) = 2.92798 ms, percentile(95%) = 3.04395 ms, percentile(99%) = 3.83984 ms
[07/31/2026-15:03:37] [I] H2D Latency: min = 0.449707 ms, max = 0.509766 ms, mean = 0.466061 ms, median = 0.46582 ms, percentile(90%) = 0.474609 ms, percentile(95%) = 0.477539 ms, percentile(99%) = 0.487305 ms
[07/31/2026-15:03:37] [I] GPU Compute Time: min = 12.7578 ms, max = 12.8245 ms, mean = 12.7932 ms, median = 12.7935 ms, percentile(90%) = 12.8076 ms, percentile(95%) = 12.812 ms, percentile(99%) = 12.8184 ms
[07/31/2026-15:03:37] [I] D2H Latency: min = 0.254883 ms, max = 0.261719 ms, mean = 0.259089 ms, median = 0.258789 ms, percentile(90%) = 0.260254 ms, percentile(95%) = 0.260742 ms, percentile(99%) = 0.26123 ms
[07/31/2026-15:03:37] [I] Total Host Walltime: 12.8114 s
[07/31/2026-15:03:37] [I] Total GPU Compute Time: 12.7932 s
[07/31/2026-15:03:37] [I] Explanations of the performance metrics are printed in the verbose logs.
[07/31/2026-15:03:37] [I] 
&&&& PASSED TensorRT.trtexec [TensorRT v100300] # /usr/src/tensorrt/bin/trtexec --onnx=/home/zain/models/yolov8n.onnx --fp16 --iterations=1000 --avgRuns=100 --warmUp=2000
