&&&& RUNNING TensorRT.trtexec [TensorRT v100300] # /usr/src/tensorrt/bin/trtexec --onnx=/home/zain/models/yolov8s.onnx --fp16 --iterations=1000 --avgRuns=100 --warmUp=2000
[07/31/2026-12:16:14] [I] === Model Options ===
[07/31/2026-12:16:14] [I] Format: ONNX
[07/31/2026-12:16:14] [I] Model: /home/zain/models/yolov8s.onnx
[07/31/2026-12:16:14] [I] Output:
[07/31/2026-12:16:14] [I] === Build Options ===
[07/31/2026-12:16:14] [I] Memory Pools: workspace: default, dlaSRAM: default, dlaLocalDRAM: default, dlaGlobalDRAM: default, tacticSharedMem: default
[07/31/2026-12:16:14] [I] avgTiming: 8
[07/31/2026-12:16:14] [I] Precision: FP32+FP16
[07/31/2026-12:16:14] [I] LayerPrecisions: 
[07/31/2026-12:16:14] [I] Layer Device Types: 
[07/31/2026-12:16:14] [I] Calibration: 
[07/31/2026-12:16:14] [I] Refit: Disabled
[07/31/2026-12:16:14] [I] Strip weights: Disabled
[07/31/2026-12:16:14] [I] Version Compatible: Disabled
[07/31/2026-12:16:14] [I] ONNX Plugin InstanceNorm: Disabled
[07/31/2026-12:16:14] [I] TensorRT runtime: full
[07/31/2026-12:16:14] [I] Lean DLL Path: 
[07/31/2026-12:16:14] [I] Tempfile Controls: { in_memory: allow, temporary: allow }
[07/31/2026-12:16:14] [I] Exclude Lean Runtime: Disabled
[07/31/2026-12:16:14] [I] Sparsity: Disabled
[07/31/2026-12:16:14] [I] Safe mode: Disabled
[07/31/2026-12:16:14] [I] Build DLA standalone loadable: Disabled
[07/31/2026-12:16:14] [I] Allow GPU fallback for DLA: Disabled
[07/31/2026-12:16:14] [I] DirectIO mode: Disabled
[07/31/2026-12:16:14] [I] Restricted mode: Disabled
[07/31/2026-12:16:14] [I] Skip inference: Disabled
[07/31/2026-12:16:14] [I] Save engine: 
[07/31/2026-12:16:14] [I] Load engine: 
[07/31/2026-12:16:14] [I] Profiling verbosity: 0
[07/31/2026-12:16:14] [I] Tactic sources: Using default tactic sources
[07/31/2026-12:16:14] [I] timingCacheMode: local
[07/31/2026-12:16:14] [I] timingCacheFile: 
[07/31/2026-12:16:14] [I] Enable Compilation Cache: Enabled
[07/31/2026-12:16:14] [I] errorOnTimingCacheMiss: Disabled
[07/31/2026-12:16:14] [I] Preview Features: Use default preview flags.
[07/31/2026-12:16:14] [I] MaxAuxStreams: -1
[07/31/2026-12:16:14] [I] BuilderOptimizationLevel: -1
[07/31/2026-12:16:14] [I] Calibration Profile Index: 0
[07/31/2026-12:16:14] [I] Weight Streaming: Disabled
[07/31/2026-12:16:14] [I] Runtime Platform: Same As Build
[07/31/2026-12:16:14] [I] Debug Tensors: 
[07/31/2026-12:16:14] [I] Input(s)s format: fp32:CHW
[07/31/2026-12:16:14] [I] Output(s)s format: fp32:CHW
[07/31/2026-12:16:14] [I] Input build shapes: model
[07/31/2026-12:16:14] [I] Input calibration shapes: model
[07/31/2026-12:16:14] [I] === System Options ===
[07/31/2026-12:16:14] [I] Device: 0
[07/31/2026-12:16:14] [I] DLACore: 
[07/31/2026-12:16:14] [I] Plugins:
[07/31/2026-12:16:14] [I] setPluginsToSerialize:
[07/31/2026-12:16:14] [I] dynamicPlugins:
[07/31/2026-12:16:14] [I] ignoreParsedPluginLibs: 0
[07/31/2026-12:16:14] [I] 
[07/31/2026-12:16:14] [I] === Inference Options ===
[07/31/2026-12:16:14] [I] Batch: Explicit
[07/31/2026-12:16:14] [I] Input inference shapes: model
[07/31/2026-12:16:14] [I] Iterations: 1000
[07/31/2026-12:16:14] [I] Duration: 3s (+ 2000ms warm up)
[07/31/2026-12:16:14] [I] Sleep time: 0ms
[07/31/2026-12:16:14] [I] Idle time: 0ms
[07/31/2026-12:16:14] [I] Inference Streams: 1
[07/31/2026-12:16:14] [I] ExposeDMA: Disabled
[07/31/2026-12:16:14] [I] Data transfers: Enabled
[07/31/2026-12:16:14] [I] Spin-wait: Disabled
[07/31/2026-12:16:14] [I] Multithreading: Disabled
[07/31/2026-12:16:14] [I] CUDA Graph: Disabled
[07/31/2026-12:16:14] [I] Separate profiling: Disabled
[07/31/2026-12:16:14] [I] Time Deserialize: Disabled
[07/31/2026-12:16:14] [I] Time Refit: Disabled
[07/31/2026-12:16:14] [I] NVTX verbosity: 0
[07/31/2026-12:16:14] [I] Persistent Cache Ratio: 0
[07/31/2026-12:16:14] [I] Optimization Profile Index: 0
[07/31/2026-12:16:14] [I] Weight Streaming Budget: 100.000000%
[07/31/2026-12:16:14] [I] Inputs:
[07/31/2026-12:16:14] [I] Debug Tensor Save Destinations:
[07/31/2026-12:16:14] [I] === Reporting Options ===
[07/31/2026-12:16:14] [I] Verbose: Disabled
[07/31/2026-12:16:14] [I] Averages: 100 inferences
[07/31/2026-12:16:14] [I] Percentiles: 90,95,99
[07/31/2026-12:16:14] [I] Dump refittable layers:Disabled
[07/31/2026-12:16:14] [I] Dump output: Disabled
[07/31/2026-12:16:14] [I] Profile: Disabled
[07/31/2026-12:16:14] [I] Export timing to JSON file: 
[07/31/2026-12:16:14] [I] Export output to JSON file: 
[07/31/2026-12:16:14] [I] Export profile to JSON file: 
[07/31/2026-12:16:14] [I] 
[07/31/2026-12:16:14] [I] === Device Information ===
[07/31/2026-12:16:14] [I] Available Devices: 
[07/31/2026-12:16:14] [I]   Device 0: "Orin" UUID: GPU-7a69094a-89cd-55a5-a5dc-a50bf7f8ee64
[07/31/2026-12:16:14] [I] Selected Device: Orin
[07/31/2026-12:16:14] [I] Selected Device ID: 0
[07/31/2026-12:16:14] [I] Selected Device UUID: GPU-7a69094a-89cd-55a5-a5dc-a50bf7f8ee64
[07/31/2026-12:16:14] [I] Compute Capability: 8.7
[07/31/2026-12:16:14] [I] SMs: 4
[07/31/2026-12:16:14] [I] Device Global Memory: 7619 MiB
[07/31/2026-12:16:14] [I] Shared Memory per SM: 164 KiB
[07/31/2026-12:16:14] [I] Memory Bus Width: 128 bits (ECC disabled)
[07/31/2026-12:16:14] [I] Application Compute Clock Rate: 1.02 GHz
[07/31/2026-12:16:14] [I] Application Memory Clock Rate: 0.408 GHz
[07/31/2026-12:16:14] [I] 
[07/31/2026-12:16:14] [I] Note: The application clock rates do not reflect the actual clock rates that the GPU is currently running at.
[07/31/2026-12:16:14] [I] 
[07/31/2026-12:16:14] [I] TensorRT version: 10.3.0
[07/31/2026-12:16:14] [I] Loading standard plugins
[07/31/2026-12:16:14] [I] [TRT] [MemUsageChange] Init CUDA: CPU +2, GPU +0, now: CPU 31, GPU 2500 (MiB)
[07/31/2026-12:16:17] [I] [TRT] [MemUsageChange] Init builder kernel library: CPU +928, GPU +1093, now: CPU 1002, GPU 3638 (MiB)
[07/31/2026-12:16:17] [I] Start parsing network model.
[07/31/2026-12:16:17] [I] [TRT] ----------------------------------------------------------------
[07/31/2026-12:16:17] [I] [TRT] Input filename:   /home/zain/models/yolov8s.onnx
[07/31/2026-12:16:17] [I] [TRT] ONNX IR version:  0.0.7
[07/31/2026-12:16:17] [I] [TRT] Opset version:    13
[07/31/2026-12:16:17] [I] [TRT] Producer name:    pytorch
[07/31/2026-12:16:17] [I] [TRT] Producer version: 2.13.0
[07/31/2026-12:16:17] [I] [TRT] Domain:           
[07/31/2026-12:16:17] [I] [TRT] Model version:    0
[07/31/2026-12:16:17] [I] [TRT] Doc string:       
[07/31/2026-12:16:17] [I] [TRT] ----------------------------------------------------------------
[07/31/2026-12:16:17] [I] Finished parsing network model. Parse time: 0.0881077
[07/31/2026-12:16:17] [I] [TRT] Local timing cache in use. Profiling results in this builder pass will not be stored.
[07/31/2026-12:29:45] [I] [TRT] Detected 1 inputs and 3 output network tensors.
[07/31/2026-12:29:54] [I] [TRT] Total Host Persistent Memory: 389488
[07/31/2026-12:29:54] [I] [TRT] Total Device Persistent Memory: 0
[07/31/2026-12:29:54] [I] [TRT] Total Scratch Memory: 1075200
[07/31/2026-12:29:54] [I] [TRT] [BlockAssignment] Started assigning block shifts. This will take 125 steps to complete.
[07/31/2026-12:29:54] [I] [TRT] [BlockAssignment] Algorithm ShiftNTopDown took 19.7998ms to assign 8 blocks to 125 nodes requiring 17869824 bytes.
[07/31/2026-12:29:54] [I] [TRT] Total Activation Memory: 17868800
[07/31/2026-12:29:54] [I] [TRT] Total Weights Memory: 22434464
[07/31/2026-12:29:55] [I] [TRT] Engine generation completed in 817.358 seconds.
[07/31/2026-12:29:55] [I] [TRT] [MemUsageStats] Peak memory usage of TRT CPU/GPU memory allocators: CPU 2 MiB, GPU 168 MiB
[07/31/2026-12:29:55] [I] [TRT] [MemUsageStats] Peak memory usage during Engine building and serialization: CPU: 1800 MiB
[07/31/2026-12:29:55] [I] Engine built in 817.551 sec.
[07/31/2026-12:29:55] [I] Created engine with size: 23.6546 MiB
[07/31/2026-12:29:55] [I] [TRT] Loaded engine size: 23 MiB
[07/31/2026-12:29:56] [I] Engine deserialized in 0.0741127 sec.
[07/31/2026-12:29:56] [I] [TRT] [MemUsageChange] TensorRT-managed allocation in IExecutionContext creation: CPU +0, GPU +17, now: CPU 0, GPU 38 (MiB)
[07/31/2026-12:29:56] [I] Setting persistentCacheLimit to 0 bytes.
[07/31/2026-12:29:56] [I] Created execution context with device memory size: 17.041 MiB
[07/31/2026-12:29:56] [I] Using random values for input images
[07/31/2026-12:29:56] [I] Input binding for images with dimensions 1x3x640x640 is created.
[07/31/2026-12:29:56] [I] Output binding for output0 with dimensions 1x84x8400 is created.
[07/31/2026-12:29:56] [I] Starting inference
[07/31/2026-12:30:19] [I] Warmup completed 92 queries over 2000 ms
[07/31/2026-12:30:19] [I] Timing trace has 1000 queries over 21.888 s
[07/31/2026-12:30:19] [I] 
[07/31/2026-12:30:19] [I] === Trace details ===
[07/31/2026-12:30:19] [I] Trace averages of 100 runs:
[07/31/2026-12:30:19] [I] Average on 100 runs - GPU latency: 21.8604 ms - Host latency: 22.5705 ms (enqueue 2.87885 ms)
[07/31/2026-12:30:19] [I] Average on 100 runs - GPU latency: 21.8602 ms - Host latency: 22.5718 ms (enqueue 2.90949 ms)
[07/31/2026-12:30:19] [I] Average on 100 runs - GPU latency: 21.8603 ms - Host latency: 22.5712 ms (enqueue 2.88977 ms)
[07/31/2026-12:30:19] [I] Average on 100 runs - GPU latency: 21.8602 ms - Host latency: 22.5724 ms (enqueue 2.90021 ms)
[07/31/2026-12:30:19] [I] Average on 100 runs - GPU latency: 21.8599 ms - Host latency: 22.5743 ms (enqueue 2.95973 ms)
[07/31/2026-12:30:19] [I] Average on 100 runs - GPU latency: 21.8607 ms - Host latency: 22.5712 ms (enqueue 2.88116 ms)
[07/31/2026-12:30:19] [I] Average on 100 runs - GPU latency: 21.8597 ms - Host latency: 22.5712 ms (enqueue 2.877 ms)
[07/31/2026-12:30:19] [I] Average on 100 runs - GPU latency: 21.8599 ms - Host latency: 22.5717 ms (enqueue 2.90324 ms)
[07/31/2026-12:30:19] [I] Average on 100 runs - GPU latency: 21.8622 ms - Host latency: 22.5743 ms (enqueue 2.90668 ms)
[07/31/2026-12:30:19] [I] Average on 100 runs - GPU latency: 21.8626 ms - Host latency: 22.5747 ms (enqueue 2.93727 ms)
[07/31/2026-12:30:19] [I] 
[07/31/2026-12:30:19] [I] === Performance summary ===
[07/31/2026-12:30:19] [I] Throughput: 45.6871 qps
[07/31/2026-12:30:19] [I] Latency: min = 22.5332 ms, max = 22.6787 ms, mean = 22.5723 ms, median = 22.5718 ms, percentile(90%) = 22.5859 ms, percentile(95%) = 22.5908 ms, percentile(99%) = 22.6064 ms
[07/31/2026-12:30:19] [I] Enqueue Time: min = 2.78125 ms, max = 5.28418 ms, mean = 2.90434 ms, median = 2.88867 ms, percentile(90%) = 2.95117 ms, percentile(95%) = 3.05469 ms, percentile(99%) = 3.72949 ms
[07/31/2026-12:30:19] [I] H2D Latency: min = 0.445312 ms, max = 0.544922 ms, mean = 0.452474 ms, median = 0.451172 ms, percentile(90%) = 0.457031 ms, percentile(95%) = 0.462891 ms, percentile(99%) = 0.482422 ms
[07/31/2026-12:30:19] [I] GPU Compute Time: min = 21.8242 ms, max = 21.8999 ms, mean = 21.8606 ms, median = 21.8607 ms, percentile(90%) = 21.874 ms, percentile(95%) = 21.8779 ms, percentile(99%) = 21.8867 ms
[07/31/2026-12:30:19] [I] D2H Latency: min = 0.255859 ms, max = 0.263184 ms, mean = 0.259232 ms, median = 0.259521 ms, percentile(90%) = 0.260498 ms, percentile(95%) = 0.260742 ms, percentile(99%) = 0.261719 ms
[07/31/2026-12:30:19] [I] Total Host Walltime: 21.888 s
[07/31/2026-12:30:19] [I] Total GPU Compute Time: 21.8606 s
[07/31/2026-12:30:19] [I] Explanations of the performance metrics are printed in the verbose logs.
[07/31/2026-12:30:19] [I] 
&&&& PASSED TensorRT.trtexec [TensorRT v100300] # /usr/src/tensorrt/bin/trtexec --onnx=/home/zain/models/yolov8s.onnx --fp16 --iterations=1000 --avgRuns=100 --warmUp=2000
